******************************************************************************
                  TI ARM Linker PC v5.1.11                     
******************************************************************************
>> Linked Thu Apr 02 12:32:29 2015

OUTPUT FILE NAME:   <SensorSamplingPerBytes.out>
ENTRY POINT SYMBOL: "_c_int00"  address: 00001cd5


MEMORY CONFIGURATION

         name            origin    length      used     unused   attr    fill
----------------------  --------  ---------  --------  --------  ----  --------
  FLASH                 00000000   00040000  00002490  0003db70  R  X
  SRAM                  20000000   00008000  00000a9d  00007563  RW X


SEGMENT ALLOCATION MAP

run origin  load origin   length   init length attrs members
----------  ----------- ---------- ----------- ----- -------
00000000    00000000    00002498   00002498    r-x
  00000000    00000000    0000026c   0000026c    r-- .intvecs
  0000026c    0000026c    00002142   00002142    r-x .text
  000023b0    000023b0    000000aa   000000aa    r-- .const
  00002460    00002460    00000038   00000038    r-- .cinit
20000000    20000000    00000aa0   00000000    rw-
  20000000    20000000    00000671   00000000    rw- .bss
  20000674    20000674    00000400   00000000    rw- .stack
  20000a74    20000a74    0000002c   00000000    rw- .data


SECTION ALLOCATION MAP

 output                                  attributes/
section   page    origin      length       input sections
--------  ----  ----------  ----------   ----------------
.init_array 
*          0    00000000    00000000     UNINITIALIZED

.intvecs   0    00000000    0000026c     
                  00000000    0000026c     startup_ccs.obj (.intvecs)

.text      0    0000026c    00002142     
                  0000026c    000001ea     uartstdio.obj (.text:UARTvprintf)
                  00000456    00000002     startup_ccs.obj (.text:FaultISR)
                  00000458    000001dc     sensorlib.lib : bmp180.obj (.text:BMP180Callback)
                  00000634    000001d4     compdcm_mpu9150.obj (.text:main)
                  00000808    00000180     sensorlib.lib : mpu9150.obj (.text:MPU9150Callback)
                  00000988    00000160     uartstdio.obj (.text:UARTStdioIntHandler)
                  00000ae8    00000130     driverlib.lib : gpio.obj (.text:GPIOPadConfigSet)
                  00000c18    000000f2     sensorlib.lib : i2cm_drv.obj (.text:I2CMIntHandler)
                  00000d0a    00000002     compdcm_mpu9150.obj (.text:HibernateHandler)
                  00000d0c    000000d8     compdcm_mpu9150.obj (.text:InitializeMPU9150)
                  00000de4    000000c0     rgb.obj (.text:RGBEnable)
                  00000ea4    000000b0     uartstdio.obj (.text:UARTStdioConfig)
                  00000f54    000000a8     uartstdio.obj (.text:UARTwrite)
                  00000ffc    000000a0     sensorlib.lib : mpu9150.obj (.text:MPU9150Write)
                  0000109c    0000009c     rtsv7M4_T_le_v4SPD16_eabi.lib : memcpy_t2.obj (.text)
                  00001138    00000098     sensorlib.lib : i2cm_drv.obj (.text:I2CMStateIdle)
                  000011d0    00000094     rtsv7M4_T_le_v4SPD16_eabi.lib : auto_init.obj (.text)
                  00001264    0000008c     compdcm_mpu9150.obj (.text:MPU9150AppErrorHandler)
                  000012f0    0000008c     uartstdio.obj (.text:UARTPrimeTransmit)
                  0000137c    00000084     sensorlib.lib : i2cm_drv.obj (.text:I2CMCommand)
                  00001400    00000084     compdcm_mpu9150.obj (.text:SetMpuSampleRate)
                  00001484    00000070     compdcm_mpu9150.obj (.text:ConfigureUART)
                  000014f4    00000070     sensorlib.lib : i2cm_drv.obj (.text:I2CMReadModifyWrite8)
                  00001564    00000070     compdcm_mpu9150.obj (.text:SetUpPeripheralsInterrupts)
                  000015d4    0000006c     sensorlib.lib : mpu9150.obj (.text:MPU9150Init)
                  00001640    00000068     rgb.obj (.text:RGBDisable)
                  000016a8    00000064     driverlib.lib : interrupt.obj (.text:IntIsEnabled)
                  0000170c    00000060     sensorlib.lib : i2cm_drv.obj (.text:I2CMReadModifyWrite8Callback)
                  0000176c    00000060     driverlib.lib : interrupt.obj (.text:IntDisable)
                  000017cc    00000060                   : interrupt.obj (.text:IntEnable)
                  0000182c    00000060     sensorlib.lib : mpu9150.obj (.text:MPU9150DataRead)
                  0000188c    0000005e                   : i2cm_drv.obj (.text:I2CMStateWritePause)
                  000018ea    0000005e     rtsv7M4_T_le_v4SPD16_eabi.lib : copy_decompress_rle.obj (.text)
                  00001948    0000005c     compdcm_mpu9150.obj (.text:ConfigureI2C)
                  000019a4    0000005c     sensorlib.lib : mpu9150.obj (.text:MPU9150Read)
                  00001a00    00000058                   : bmp180.obj (.text:BMP180DataRead)
                  00001a58    00000058                   : bmp180.obj (.text:BMP180Init)
                  00001ab0    00000058                   : i2cm_drv.obj (.text:I2CMWrite8)
                  00001b08    00000054                   : mpu9150.obj (.text:MPU9150ReadModifyWrite)
                  00001b5c    0000004e                   : i2cm_drv.obj (.text:I2CMStateWriteFinal)
                  00001baa    00000002     startup_ccs.obj (.text:IntDefaultHandler)
                  00001bac    0000004c     sensorlib.lib : bmp180.obj (.text:BMP180ReadModifyWrite)
                  00001bf8    0000004c     compdcm_mpu9150.obj (.text:InitializeBMP180)
                  00001c44    00000048     sensorlib.lib : i2cm_drv.obj (.text:I2CMStateReadNext)
                  00001c8c    00000048     driverlib.lib : i2c.obj (.text:I2CMasterInitExpClk)
                  00001cd4    00000048     rtsv7M4_T_le_v4SPD16_eabi.lib : boot.obj (.text)
                  00001d1c    00000046     sensorlib.lib : i2cm_drv.obj (.text:I2CMStateWriteNext)
                  00001d62    00000044                   : i2cm_drv.obj (.text:I2CMStateCallback)
                  00001da6    00000002     startup_ccs.obj (.text:NmiSR)
                  00001da8    00000044     rtsv7M4_T_le_v4SPD16_eabi.lib : cpy_tbl.obj (.text)
                  00001dec    00000044                                   : exit.obj (.text)
                  00001e30    00000040                                   : u_divt2.obj (.text)
                  00001e70    0000003e     sensorlib.lib : i2cm_drv.obj (.text:I2CMStateReadFinal)
                  00001eae    0000003e                   : i2cm_drv.obj (.text:I2CMStateReadPause)
                  00001eec    0000003c     compdcm_mpu9150.obj (.text:ConfigureMPU9150Interrupt)
                  00001f28    0000003c     uartstdio.obj (.text:UARTFlushTx)
                  00001f64    00000038     sensorlib.lib : i2cm_drv.obj (.text:I2CMWrite8Callback)
                  00001f9c    00000038     rgb.obj (.text:RGBBlinkIntHandler)
                  00001fd4    00000034     sensorlib.lib : i2cm_drv.obj (.text:I2CMInit)
                  00002008    00000034     compdcm_mpu9150.obj (.text:IntGPIOb)
                  0000203c    00000034     sensorlib.lib : mpu9150.obj (.text:MPU9150DataAccelGetRaw)
                  00002070    00000034                   : mpu9150.obj (.text:MPU9150DataGyroGetRaw)
                  000020a4    00000030                   : i2cm_drv.obj (.text:I2CMTransferResume)
                  000020d4    00000030                   : mpu9150.obj (.text:MPU9150DataMagnetoGetRaw)
                  00002104    0000002c     compdcm_mpu9150.obj (.text:MPU9150AppI2CWait)
                  00002130    0000002c     uartstdio.obj (.text:UARTFlushRx)
                  0000215c    0000002a     driverlib.lib : gpio.obj (.text:GPIODirModeSet)
                  00002186    0000002a     sensorlib.lib : i2cm_drv.obj (.text:I2CMStateReadFirst)
                  000021b0    00000028     compdcm_mpu9150.obj (.text:EnableLED)
                  000021d8    00000020     sensorlib.lib : i2cm_drv.obj (.text:I2CMStateReadOne)
                  000021f8    0000001c     compdcm_mpu9150.obj (.text:Divide16BitTo8Bit)
                  00002214    0000001a     uartstdio.obj (.text:UARTprintf)
                  0000222e    00000018     sensorlib.lib : bmp180.obj (.text:BMP180DataPressureGetRaw)
                  00002246    00000018                   : i2cm_drv.obj (.text:I2CMStateReadWait)
                  0000225e    00000018     uartstdio.obj (.text:IsBufferFull)
                  00002276    00000002     rtsv7M4_T_le_v4SPD16_eabi.lib : i_div0.obj (.text)
                  00002278    00000018     compdcm_mpu9150.obj (.text:MPU9150AppCallback)
                  00002290    00000018     rtsv7M4_T_le_v4SPD16_eabi.lib : args_main.obj (.text)
                  000022a8    00000014                                   : _lock.obj (.text)
                  000022bc    00000012     driverlib.lib : gpio.obj (.text:GPIOPinTypeI2CSCL)
                  000022ce    00000012     rtsv7M4_T_le_v4SPD16_eabi.lib : copy_zero_init.obj (.text:decompress:ZI)
                  000022e0    00000010     compdcm_mpu9150.obj (.text:BMP180AppCallback)
                  000022f0    0000000e     driverlib.lib : gpio.obj (.text:GPIOIntStatus)
                  000022fe    0000000e     uartstdio.obj (.text:IsBufferEmpty)
                  0000230c    0000000e     rtsv7M4_T_le_v4SPD16_eabi.lib : copy_decompress_none.obj (.text:decompress:none)
                  0000231a    0000000c     sensorlib.lib : bmp180.obj (.text:BMP180DataTemperatureGetRaw)
                  00002326    0000000c     driverlib.lib : gpio.obj (.text:GPIOIntEnable)
                  00002332    00000002     --HOLE-- [fill = 0]
                  00002334    0000000c                   : interrupt.obj (.text:IntTrigger)
                  00002340    0000000c     compdcm_mpu9150.obj (.text:MPU9150I2CIntHandler)
                  0000234c    0000000c     driverlib.lib : uart.obj (.text:UARTFlowControlSet)
                  00002358    0000000a                   : i2c.obj (.text:I2CMasterEnable)
                  00002362    0000000a                   : uart.obj (.text:UARTCharPut)
                  0000236c    00000008                   : i2c.obj (.text:I2CMasterIntClear)
                  00002374    00000008                   : i2c.obj (.text:I2CMasterIntEnableEx)
                  0000237c    00000008                   : i2c.obj (.text:I2CMasterSlaveAddrSet)
                  00002384    00000006                   : gpio.obj (.text:GPIOIntClear)
                  0000238a    00000006                   : gpio.obj (.text:GPIOPinWrite)
                  00002390    00000006     startup_ccs.obj (.text:ResetISR)
                  00002396    00000006     driverlib.lib : uart.obj (.text:UARTClockSourceSet)
                  0000239c    00000006     rtsv7M4_T_le_v4SPD16_eabi.lib : copy_decompress_rle.obj (.text:decompress:rle24)
                  000023a2    00000004     driverlib.lib : i2c.obj (.text:I2CMasterControl)
                  000023a6    00000004                   : i2c.obj (.text:I2CMasterDataGet)
                  000023aa    00000004                   : i2c.obj (.text:I2CMasterDataPut)

.const     0    000023b0    000000aa     
                  000023b0    00000070     driverlib.lib : interrupt.obj (.const)
                  00002420    00000028     uartstdio.obj (.const)
                  00002448    00000012     uartstdio.obj (.const:.string)

.cinit     0    00002460    00000038     
                  00002460    00000012     (.cinit..data.load) [load image, compression = rle]
                  00002472    00000002     --HOLE-- [fill = 0]
                  00002474    0000000c     (__TI_handler_table)
                  00002480    00000008     (.cinit..bss.load) [load image, compression = zero_init]
                  00002488    00000010     (__TI_cinit_table)

.bss       0    20000000    00000671     UNINITIALIZED
                  20000000    00000400     uartstdio.obj (.bss:g_pcUARTTxBuffer)
                  20000400    00000124     compdcm_mpu9150.obj (.bss:g_sI2CInst)
                  20000524    00000080     uartstdio.obj (.bss:g_pcUARTRxBuffer)
                  200005a4    0000006c     compdcm_mpu9150.obj (.bss:g_sMPU9150Inst)
                  20000610    00000044     compdcm_mpu9150.obj (.bss:g_sBMP180Inst)
                  20000654    00000004     (.common:g_ui32PortNum)
                  20000658    00000004     (.common:g_vui8DataFlag)
                  2000065c    00000004     (.common:g_vui8ErrorFlag)
                  20000660    00000004     (.common:g_vui8I2CDoneFlag)
                  20000664    00000004     (.common:m_pressureValue)
                  20000668    00000004     (.common:m_tempValue)
                  2000066c    00000004     (.common:ulFlags$1)
                  20000670    00000001     (.common:g_bDisableEcho)

.stack     0    20000674    00000400     UNINITIALIZED
                  20000674    00000400     --HOLE--

.data      0    20000a74    0000002c     UNINITIALIZED
                  20000a74    00000015     uartstdio.obj (.data)
                  20000a89    00000003     --HOLE--
                  20000a8c    00000008     rtsv7M4_T_le_v4SPD16_eabi.lib : _lock.obj (.data)
                  20000a94    00000008                                   : exit.obj (.data)
                  20000a9c    00000004                                   : stkdepth_vars.obj (.data)


LINKER GENERATED COPY TABLES

__TI_cinit_table @ 00002488 records: 2, size/record: 8, table size: 16
	.data: load addr=00002460, load size=00000012 bytes, run addr=20000a74, run size=0000002c bytes, compression=rle
	.bss: load addr=00002480, load size=00000008 bytes, run addr=20000000, run size=00000671 bytes, compression=zero_init


LINKER GENERATED HANDLER TABLE

__TI_handler_table @ 00002474 records: 3, size/record: 4, table size: 12
	index: 0, handler: __TI_decompress_rle24
	index: 1, handler: __TI_decompress_none
	index: 2, handler: __TI_zero_init


GLOBAL SYMBOLS: SORTED ALPHABETICALLY BY Name 

address    name
--------   ----
000022e1   BMP180AppCallback
0000222f   BMP180DataPressureGetRaw
00001a01   BMP180DataRead
0000231b   BMP180DataTemperatureGetRaw
00001a59   BMP180Init
00001bad   BMP180ReadModifyWrite
00001ded   C$$EXIT
00001949   ConfigureI2C
00001eed   ConfigureMPU9150Interrupt
00001485   ConfigureUART
000021f9   Divide16BitTo8Bit
000021b1   EnableLED
0000215d   GPIODirModeSet
00002385   GPIOIntClear
00002327   GPIOIntEnable
000022f1   GPIOIntStatus
00000ae9   GPIOPadConfigSet
000022bd   GPIOPinTypeI2CSCL
0000238b   GPIOPinWrite
00000d0b   HibernateHandler
0000137d   I2CMCommand
00001fd5   I2CMInit
00000c19   I2CMIntHandler
000014f5   I2CMReadModifyWrite8
000020a5   I2CMTransferResume
00001ab1   I2CMWrite8
000023a3   I2CMasterControl
000023a7   I2CMasterDataGet
000023ab   I2CMasterDataPut
00002359   I2CMasterEnable
00001c8d   I2CMasterInitExpClk
0000236d   I2CMasterIntClear
00002375   I2CMasterIntEnableEx
0000237d   I2CMasterSlaveAddrSet
00001bf9   InitializeBMP180
00000d0d   InitializeMPU9150
0000176d   IntDisable
000017cd   IntEnable
00002009   IntGPIOb
000016a9   IntIsEnabled
00002335   IntTrigger
00002279   MPU9150AppCallback
00001265   MPU9150AppErrorHandler
00002105   MPU9150AppI2CWait
0000203d   MPU9150DataAccelGetRaw
00002071   MPU9150DataGyroGetRaw
000020d5   MPU9150DataMagnetoGetRaw
0000182d   MPU9150DataRead
00002341   MPU9150I2CIntHandler
000015d5   MPU9150Init
000019a5   MPU9150Read
00001b09   MPU9150ReadModifyWrite
00000ffd   MPU9150Write
00001f9d   RGBBlinkIntHandler
00001641   RGBDisable
00000de5   RGBEnable
00002391   ResetISR
UNDEFED    SHT$$INIT_ARRAY$$Base
UNDEFED    SHT$$INIT_ARRAY$$Limit
00001401   SetMpuSampleRate
00001565   SetUpPeripheralsInterrupts
00002363   UARTCharPut
00002397   UARTClockSourceSet
0000234d   UARTFlowControlSet
00002131   UARTFlushRx
00001f29   UARTFlushTx
00000ea5   UARTStdioConfig
00000989   UARTStdioIntHandler
00002215   UARTprintf
0000026d   UARTvprintf
00000f55   UARTwrite
20000a74   __STACK_END
00000400   __STACK_SIZE
20000a74   __STACK_TOP
00002488   __TI_CINIT_Base
00002498   __TI_CINIT_Limit
00002474   __TI_Handler_Table_Base
00002480   __TI_Handler_Table_Limit
00000001   __TI_args_main
000011d1   __TI_auto_init
20000a94   __TI_cleanup_ptr
0000230d   __TI_decompress_none
0000239d   __TI_decompress_rle24
20000a98   __TI_dtors_ptr
00000000   __TI_static_base__
000022cf   __TI_zero_init
00002277   __aeabi_idiv0
0000109d   __aeabi_memcpy
0000109d   __aeabi_memcpy4
0000109d   __aeabi_memcpy8
00001e31   __aeabi_uidiv
00001e31   __aeabi_uidivmod
ffffffff   __binit__
ffffffff   __c_args__
20000674   __stack
00002291   _args_main
00001cd5   _c_int00
20000a8c   _lock
000022b7   _nop
000022af   _register_lock
000022a9   _register_unlock
20000a90   _unlock
00001df1   abort
ffffffff   binit
00001da9   copy_in
00001df9   exit
00000000   g_pfnVectors
20000610   g_sBMP180Inst
20000400   g_sI2CInst
200005a4   g_sMPU9150Inst
20000658   g_vui8DataFlag
2000065c   g_vui8ErrorFlag
20000660   g_vui8I2CDoneFlag
20000664   m_pressureValue
20000668   m_tempValue
00000635   main
20000a9c   main_func_sp
0000109d   memcpy


GLOBAL SYMBOLS: SORTED BY Symbol Address 

address    name
--------   ----
00000000   __TI_static_base__
00000000   g_pfnVectors
00000001   __TI_args_main
0000026d   UARTvprintf
00000400   __STACK_SIZE
00000635   main
00000989   UARTStdioIntHandler
00000ae9   GPIOPadConfigSet
00000c19   I2CMIntHandler
00000d0b   HibernateHandler
00000d0d   InitializeMPU9150
00000de5   RGBEnable
00000ea5   UARTStdioConfig
00000f55   UARTwrite
00000ffd   MPU9150Write
0000109d   __aeabi_memcpy
0000109d   __aeabi_memcpy4
0000109d   __aeabi_memcpy8
0000109d   memcpy
000011d1   __TI_auto_init
00001265   MPU9150AppErrorHandler
0000137d   I2CMCommand
00001401   SetMpuSampleRate
00001485   ConfigureUART
000014f5   I2CMReadModifyWrite8
00001565   SetUpPeripheralsInterrupts
000015d5   MPU9150Init
00001641   RGBDisable
000016a9   IntIsEnabled
0000176d   IntDisable
000017cd   IntEnable
0000182d   MPU9150DataRead
00001949   ConfigureI2C
000019a5   MPU9150Read
00001a01   BMP180DataRead
00001a59   BMP180Init
00001ab1   I2CMWrite8
00001b09   MPU9150ReadModifyWrite
00001bad   BMP180ReadModifyWrite
00001bf9   InitializeBMP180
00001c8d   I2CMasterInitExpClk
00001cd5   _c_int00
00001da9   copy_in
00001ded   C$$EXIT
00001df1   abort
00001df9   exit
00001e31   __aeabi_uidiv
00001e31   __aeabi_uidivmod
00001eed   ConfigureMPU9150Interrupt
00001f29   UARTFlushTx
00001f9d   RGBBlinkIntHandler
00001fd5   I2CMInit
00002009   IntGPIOb
0000203d   MPU9150DataAccelGetRaw
00002071   MPU9150DataGyroGetRaw
000020a5   I2CMTransferResume
000020d5   MPU9150DataMagnetoGetRaw
00002105   MPU9150AppI2CWait
00002131   UARTFlushRx
0000215d   GPIODirModeSet
000021b1   EnableLED
000021f9   Divide16BitTo8Bit
00002215   UARTprintf
0000222f   BMP180DataPressureGetRaw
00002277   __aeabi_idiv0
00002279   MPU9150AppCallback
00002291   _args_main
000022a9   _register_unlock
000022af   _register_lock
000022b7   _nop
000022bd   GPIOPinTypeI2CSCL
000022cf   __TI_zero_init
000022e1   BMP180AppCallback
000022f1   GPIOIntStatus
0000230d   __TI_decompress_none
0000231b   BMP180DataTemperatureGetRaw
00002327   GPIOIntEnable
00002335   IntTrigger
00002341   MPU9150I2CIntHandler
0000234d   UARTFlowControlSet
00002359   I2CMasterEnable
00002363   UARTCharPut
0000236d   I2CMasterIntClear
00002375   I2CMasterIntEnableEx
0000237d   I2CMasterSlaveAddrSet
00002385   GPIOIntClear
0000238b   GPIOPinWrite
00002391   ResetISR
00002397   UARTClockSourceSet
0000239d   __TI_decompress_rle24
000023a3   I2CMasterControl
000023a7   I2CMasterDataGet
000023ab   I2CMasterDataPut
00002474   __TI_Handler_Table_Base
00002480   __TI_Handler_Table_Limit
00002488   __TI_CINIT_Base
00002498   __TI_CINIT_Limit
20000400   g_sI2CInst
200005a4   g_sMPU9150Inst
20000610   g_sBMP180Inst
20000658   g_vui8DataFlag
2000065c   g_vui8ErrorFlag
20000660   g_vui8I2CDoneFlag
20000664   m_pressureValue
20000668   m_tempValue
20000674   __stack
20000a74   __STACK_END
20000a74   __STACK_TOP
20000a8c   _lock
20000a90   _unlock
20000a94   __TI_cleanup_ptr
20000a98   __TI_dtors_ptr
20000a9c   main_func_sp
ffffffff   __binit__
ffffffff   __c_args__
ffffffff   binit
UNDEFED    SHT$$INIT_ARRAY$$Base
UNDEFED    SHT$$INIT_ARRAY$$Limit

[118 symbols]
