<?xml version="1.0"?>
<link_info>
   <banner>TI ARM Linker PC v5.1.10</banner>
   <copyright>Copyright (c) 1996-2015 Texas Instruments Incorporated</copyright>
   <link_time>0x54e7afcd</link_time>
   <link_errors>0x0</link_errors>
   <output_file>SensorsSampling-Optimized.out</output_file>
   <entry_point>
      <name>_c_int00</name>
      <address>0x1be1</address>
   </entry_point>
   <input_file_list>
      <input_file id="fl-2">
         <path>.\</path>
         <kind>object</kind>
         <file>compdcm_mpu9150.obj</file>
         <name>compdcm_mpu9150.obj</name>
      </input_file>
      <input_file id="fl-3">
         <path>.\</path>
         <kind>object</kind>
         <file>startup_ccs.obj</file>
         <name>startup_ccs.obj</name>
      </input_file>
      <input_file id="fl-4">
         <path>.\utils\</path>
         <kind>object</kind>
         <file>uartstdio.obj</file>
         <name>uartstdio.obj</name>
      </input_file>
      <input_file id="fl-5">
         <path>.\drivers\</path>
         <kind>object</kind>
         <file>rgb.obj</file>
         <name>rgb.obj</name>
      </input_file>
      <input_file id="fl-134">
         <path>c:\ti\ccsv6\tools\compiler\arm_5.1.10\lib\</path>
         <kind>archive</kind>
         <file>rtsv7M4_T_le_v4SPD16_eabi.lib</file>
         <name>boot.obj</name>
      </input_file>
      <input_file id="fl-135">
         <path>c:\ti\ccsv6\tools\compiler\arm_5.1.10\lib\</path>
         <kind>archive</kind>
         <file>rtsv7M4_T_le_v4SPD16_eabi.lib</file>
         <name>copy_decompress_none.obj</name>
      </input_file>
      <input_file id="fl-136">
         <path>c:\ti\ccsv6\tools\compiler\arm_5.1.10\lib\</path>
         <kind>archive</kind>
         <file>rtsv7M4_T_le_v4SPD16_eabi.lib</file>
         <name>copy_decompress_rle.obj</name>
      </input_file>
      <input_file id="fl-137">
         <path>c:\ti\ccsv6\tools\compiler\arm_5.1.10\lib\</path>
         <kind>archive</kind>
         <file>rtsv7M4_T_le_v4SPD16_eabi.lib</file>
         <name>copy_zero_init.obj</name>
      </input_file>
      <input_file id="fl-138">
         <path>c:\ti\ccsv6\tools\compiler\arm_5.1.10\lib\</path>
         <kind>archive</kind>
         <file>rtsv7M4_T_le_v4SPD16_eabi.lib</file>
         <name>exit.obj</name>
      </input_file>
      <input_file id="fl-139">
         <path>c:\ti\ccsv6\tools\compiler\arm_5.1.10\lib\</path>
         <kind>archive</kind>
         <file>rtsv7M4_T_le_v4SPD16_eabi.lib</file>
         <name>fs_toull_t2.obj</name>
      </input_file>
      <input_file id="fl-13a">
         <path>c:\ti\ccsv6\tools\compiler\arm_5.1.10\lib\</path>
         <kind>archive</kind>
         <file>rtsv7M4_T_le_v4SPD16_eabi.lib</file>
         <name>memcpy_t2.obj</name>
      </input_file>
      <input_file id="fl-13b">
         <path>c:\ti\ccsv6\tools\compiler\arm_5.1.10\lib\</path>
         <kind>archive</kind>
         <file>rtsv7M4_T_le_v4SPD16_eabi.lib</file>
         <name>stkdepth_vars.obj</name>
      </input_file>
      <input_file id="fl-13c">
         <path>c:\ti\ccsv6\tools\compiler\arm_5.1.10\lib\</path>
         <kind>archive</kind>
         <file>rtsv7M4_T_le_v4SPD16_eabi.lib</file>
         <name>u_divt2.obj</name>
      </input_file>
      <input_file id="fl-13d">
         <path>c:\ti\ccsv6\tools\compiler\arm_5.1.10\lib\</path>
         <kind>archive</kind>
         <file>rtsv7M4_T_le_v4SPD16_eabi.lib</file>
         <name>_lock.obj</name>
      </input_file>
      <input_file id="fl-13e">
         <path>c:\ti\ccsv6\tools\compiler\arm_5.1.10\lib\</path>
         <kind>archive</kind>
         <file>rtsv7M4_T_le_v4SPD16_eabi.lib</file>
         <name>args_main.obj</name>
      </input_file>
      <input_file id="fl-13f">
         <path>c:\ti\ccsv6\tools\compiler\arm_5.1.10\lib\</path>
         <kind>archive</kind>
         <file>rtsv7M4_T_le_v4SPD16_eabi.lib</file>
         <name>auto_init.obj</name>
      </input_file>
      <input_file id="fl-140">
         <path>c:\ti\ccsv6\tools\compiler\arm_5.1.10\lib\</path>
         <kind>archive</kind>
         <file>rtsv7M4_T_le_v4SPD16_eabi.lib</file>
         <name>cpy_tbl.obj</name>
      </input_file>
      <input_file id="fl-141">
         <path>C:\ti\TivaWare_C_Series-2.0.1.11577\examples\boards\ek-tm4c123gxl-boostxl-senshub\compdcm_mpu9150\ccs\..\..\..\..\..\driverlib\ccs\Debug\</path>
         <kind>archive</kind>
         <file>driverlib.lib</file>
         <name>uart.obj</name>
      </input_file>
      <input_file id="fl-142">
         <path>C:\ti\TivaWare_C_Series-2.0.1.11577\examples\boards\ek-tm4c123gxl-boostxl-senshub\compdcm_mpu9150\ccs\..\..\..\..\..\driverlib\ccs\Debug\</path>
         <kind>archive</kind>
         <file>driverlib.lib</file>
         <name>sysctl.obj</name>
      </input_file>
      <input_file id="fl-143">
         <path>C:\ti\TivaWare_C_Series-2.0.1.11577\examples\boards\ek-tm4c123gxl-boostxl-senshub\compdcm_mpu9150\ccs\..\..\..\..\..\driverlib\ccs\Debug\</path>
         <kind>archive</kind>
         <file>driverlib.lib</file>
         <name>interrupt.obj</name>
      </input_file>
      <input_file id="fl-144">
         <path>C:\ti\TivaWare_C_Series-2.0.1.11577\examples\boards\ek-tm4c123gxl-boostxl-senshub\compdcm_mpu9150\ccs\..\..\..\..\..\driverlib\ccs\Debug\</path>
         <kind>archive</kind>
         <file>driverlib.lib</file>
         <name>hibernate.obj</name>
      </input_file>
      <input_file id="fl-145">
         <path>C:\ti\TivaWare_C_Series-2.0.1.11577\examples\boards\ek-tm4c123gxl-boostxl-senshub\compdcm_mpu9150\ccs\..\..\..\..\..\driverlib\ccs\Debug\</path>
         <kind>archive</kind>
         <file>driverlib.lib</file>
         <name>gpio.obj</name>
      </input_file>
      <input_file id="fl-146">
         <path>C:\ti\TivaWare_C_Series-2.0.1.11577\examples\boards\ek-tm4c123gxl-boostxl-senshub\compdcm_mpu9150\ccs\..\..\..\..\..\driverlib\ccs\Debug\</path>
         <kind>archive</kind>
         <file>driverlib.lib</file>
         <name>cpu.obj</name>
      </input_file>
      <input_file id="fl-147">
         <path>C:\ti\TivaWare_C_Series-2.0.1.11577\examples\boards\ek-tm4c123gxl-boostxl-senshub\compdcm_mpu9150\ccs\..\..\..\..\..\sensorlib\ccs\Debug\</path>
         <kind>archive</kind>
         <file>sensorlib.lib</file>
         <name>mpu9150.obj</name>
      </input_file>
      <input_file id="fl-148">
         <path>C:\ti\TivaWare_C_Series-2.0.1.11577\examples\boards\ek-tm4c123gxl-boostxl-senshub\compdcm_mpu9150\ccs\..\..\..\..\..\sensorlib\ccs\Debug\</path>
         <kind>archive</kind>
         <file>sensorlib.lib</file>
         <name>i2cm_drv.obj</name>
      </input_file>
      <input_file id="fl-149">
         <path>c:\ti\ccsv6\tools\compiler\arm_5.1.10\lib\</path>
         <kind>archive</kind>
         <file>rtsv7M4_T_le_v4SPD16_eabi.lib</file>
         <name>fd_mul_t2.obj</name>
      </input_file>
      <input_file id="fl-14a">
         <path>c:\ti\ccsv6\tools\compiler\arm_5.1.10\lib\</path>
         <kind>archive</kind>
         <file>rtsv7M4_T_le_v4SPD16_eabi.lib</file>
         <name>fd_tos_t2.obj</name>
      </input_file>
      <input_file id="fl-14b">
         <path>c:\ti\ccsv6\tools\compiler\arm_5.1.10\lib\</path>
         <kind>archive</kind>
         <file>rtsv7M4_T_le_v4SPD16_eabi.lib</file>
         <name>fs_tod_t2.obj</name>
      </input_file>
      <input_file id="fl-14c">
         <path>C:\ti\TivaWare_C_Series-2.0.1.11577\examples\boards\ek-tm4c123gxl-boostxl-senshub\compdcm_mpu9150\ccs\..\..\..\..\..\driverlib\ccs\Debug\</path>
         <kind>archive</kind>
         <file>driverlib.lib</file>
         <name>i2c.obj</name>
      </input_file>
   </input_file_list>
   <object_component_list>
      <object_component id="oc-e">
         <name>.intvecs</name>
         <load_address>0x0</load_address>
         <run_address>0x0</run_address>
         <size>0x26c</size>
         <input_file_ref idref="fl-3"/>
      </object_component>
      <object_component id="oc-125">
         <name>.text:main</name>
         <load_address>0x26c</load_address>
         <run_address>0x26c</run_address>
         <size>0x1f8</size>
         <input_file_ref idref="fl-2"/>
      </object_component>
      <object_component id="oc-2e0">
         <name>.text:UARTvprintf</name>
         <load_address>0x464</load_address>
         <run_address>0x464</run_address>
         <size>0x1ea</size>
         <input_file_ref idref="fl-4"/>
      </object_component>
      <object_component id="oc-35">
         <name>.text:FaultISR</name>
         <load_address>0x64e</load_address>
         <run_address>0x64e</run_address>
         <size>0x2</size>
         <input_file_ref idref="fl-3"/>
      </object_component>
      <object_component id="oc-15b">
         <name>.text:MPU9150Callback</name>
         <load_address>0x650</load_address>
         <run_address>0x650</run_address>
         <size>0x180</size>
         <input_file_ref idref="fl-147"/>
      </object_component>
      <object_component id="oc-47">
         <name>.text:UARTStdioIntHandler</name>
         <load_address>0x7d0</load_address>
         <run_address>0x7d0</run_address>
         <size>0x160</size>
         <input_file_ref idref="fl-4"/>
      </object_component>
      <object_component id="oc-367">
         <name>.text:GPIOPadConfigSet</name>
         <load_address>0x930</load_address>
         <run_address>0x930</run_address>
         <size>0x130</size>
         <input_file_ref idref="fl-145"/>
      </object_component>
      <object_component id="oc-32b">
         <name>.text</name>
         <load_address>0xa60</load_address>
         <run_address>0xa60</run_address>
         <size>0xfc</size>
         <input_file_ref idref="fl-149"/>
      </object_component>
      <object_component id="oc-ff">
         <name>.text:I2CMIntHandler</name>
         <load_address>0xb5c</load_address>
         <run_address>0xb5c</run_address>
         <size>0xf2</size>
         <input_file_ref idref="fl-148"/>
      </object_component>
      <object_component id="oc-3b">
         <name>.text:IntDefaultHandler</name>
         <load_address>0xc4e</load_address>
         <run_address>0xc4e</run_address>
         <size>0x2</size>
         <input_file_ref idref="fl-3"/>
      </object_component>
      <object_component id="oc-217">
         <name>.text:InitializeMPU9150</name>
         <load_address>0xc50</load_address>
         <run_address>0xc50</run_address>
         <size>0xd8</size>
         <input_file_ref idref="fl-2"/>
      </object_component>
      <object_component id="oc-10f">
         <name>.text:RGBEnable</name>
         <load_address>0xd28</load_address>
         <run_address>0xd28</run_address>
         <size>0xc0</size>
         <input_file_ref idref="fl-5"/>
      </object_component>
      <object_component id="oc-2d8">
         <name>.text:UARTStdioConfig</name>
         <load_address>0xde8</load_address>
         <run_address>0xde8</run_address>
         <size>0xb0</size>
         <input_file_ref idref="fl-4"/>
      </object_component>
      <object_component id="oc-c8">
         <name>.text:UARTwrite</name>
         <load_address>0xe98</load_address>
         <run_address>0xe98</run_address>
         <size>0xa8</size>
         <input_file_ref idref="fl-4"/>
      </object_component>
      <object_component id="oc-229">
         <name>.text:MPU9150DataMagnetoGetFloat</name>
         <load_address>0xf40</load_address>
         <run_address>0xf40</run_address>
         <size>0xa4</size>
         <input_file_ref idref="fl-147"/>
      </object_component>
      <object_component id="oc-314">
         <name>.text:MPU9150Write</name>
         <load_address>0xfe4</load_address>
         <run_address>0xfe4</run_address>
         <size>0xa0</size>
         <input_file_ref idref="fl-147"/>
      </object_component>
      <object_component id="oc-378">
         <name>.text:MPU9150AppErrorHandler</name>
         <load_address>0x1084</load_address>
         <run_address>0x1084</run_address>
         <size>0x9c</size>
         <input_file_ref idref="fl-2"/>
      </object_component>
      <object_component id="oc-77">
         <name>.text</name>
         <load_address>0x1120</load_address>
         <run_address>0x1120</run_address>
         <size>0x9c</size>
         <input_file_ref idref="fl-13a"/>
      </object_component>
      <object_component id="oc-1da">
         <name>.text:I2CMStateIdle</name>
         <load_address>0x11bc</load_address>
         <run_address>0x11bc</run_address>
         <size>0x98</size>
         <input_file_ref idref="fl-148"/>
      </object_component>
      <object_component id="oc-62">
         <name>.text</name>
         <load_address>0x1254</load_address>
         <run_address>0x1254</run_address>
         <size>0x94</size>
         <input_file_ref idref="fl-13f"/>
      </object_component>
      <object_component id="oc-bc">
         <name>.text:UARTPrimeTransmit</name>
         <load_address>0x12e8</load_address>
         <run_address>0x12e8</run_address>
         <size>0x8c</size>
         <input_file_ref idref="fl-4"/>
      </object_component>
      <object_component id="oc-155">
         <name>.text:I2CMCommand</name>
         <load_address>0x1374</load_address>
         <run_address>0x1374</run_address>
         <size>0x84</size>
         <input_file_ref idref="fl-148"/>
      </object_component>
      <object_component id="oc-21d">
         <name>.text:MPU9150DataAccelGetFloat</name>
         <load_address>0x13f8</load_address>
         <run_address>0x13f8</run_address>
         <size>0x78</size>
         <input_file_ref idref="fl-147"/>
      </object_component>
      <object_component id="oc-223">
         <name>.text:MPU9150DataGyroGetFloat</name>
         <load_address>0x1470</load_address>
         <run_address>0x1470</run_address>
         <size>0x78</size>
         <input_file_ref idref="fl-147"/>
      </object_component>
      <object_component id="oc-1ed">
         <name>.text:ConfigureUART</name>
         <load_address>0x14e8</load_address>
         <run_address>0x14e8</run_address>
         <size>0x74</size>
         <input_file_ref idref="fl-2"/>
      </object_component>
      <object_component id="oc-388">
         <name>.text:I2CMReadModifyWrite8</name>
         <load_address>0x155c</load_address>
         <run_address>0x155c</run_address>
         <size>0x70</size>
         <input_file_ref idref="fl-148"/>
      </object_component>
      <object_component id="oc-20b">
         <name>.text:SetUpPeripheralsInterrupts</name>
         <load_address>0x15cc</load_address>
         <run_address>0x15cc</run_address>
         <size>0x70</size>
         <input_file_ref idref="fl-2"/>
      </object_component>
      <object_component id="oc-308">
         <name>.text:MPU9150Init</name>
         <load_address>0x163c</load_address>
         <run_address>0x163c</run_address>
         <size>0x6c</size>
         <input_file_ref idref="fl-147"/>
      </object_component>
      <object_component id="oc-109">
         <name>.text:RGBDisable</name>
         <load_address>0x16a8</load_address>
         <run_address>0x16a8</run_address>
         <size>0x68</size>
         <input_file_ref idref="fl-5"/>
      </object_component>
      <object_component id="oc-255">
         <name>.text:IntIsEnabled</name>
         <load_address>0x1710</load_address>
         <run_address>0x1710</run_address>
         <size>0x64</size>
         <input_file_ref idref="fl-143"/>
      </object_component>
      <object_component id="oc-3aa">
         <name>.text:I2CMReadModifyWrite8Callback</name>
         <load_address>0x1774</load_address>
         <run_address>0x1774</run_address>
         <size>0x60</size>
         <input_file_ref idref="fl-148"/>
      </object_component>
      <object_component id="oc-25b">
         <name>.text:IntDisable</name>
         <load_address>0x17d4</load_address>
         <run_address>0x17d4</run_address>
         <size>0x60</size>
         <input_file_ref idref="fl-143"/>
      </object_component>
      <object_component id="oc-267">
         <name>.text:IntEnable</name>
         <load_address>0x1834</load_address>
         <run_address>0x1834</run_address>
         <size>0x60</size>
         <input_file_ref idref="fl-143"/>
      </object_component>
      <object_component id="oc-a7">
         <name>.text:MPU9150DataRead</name>
         <load_address>0x1894</load_address>
         <run_address>0x1894</run_address>
         <size>0x60</size>
         <input_file_ref idref="fl-147"/>
      </object_component>
      <object_component id="oc-1c8">
         <name>.text:I2CMStateWritePause</name>
         <load_address>0x18f4</load_address>
         <run_address>0x18f4</run_address>
         <size>0x5e</size>
         <input_file_ref idref="fl-148"/>
      </object_component>
      <object_component id="oc-8a">
         <name>.text</name>
         <load_address>0x1952</load_address>
         <run_address>0x1952</run_address>
         <size>0x5e</size>
         <input_file_ref idref="fl-136"/>
      </object_component>
      <object_component id="oc-1ff">
         <name>.text:ConfigureI2C</name>
         <load_address>0x19b0</load_address>
         <run_address>0x19b0</run_address>
         <size>0x5c</size>
         <input_file_ref idref="fl-2"/>
      </object_component>
      <object_component id="oc-381">
         <name>.text:I2CMWrite8</name>
         <load_address>0x1a0c</load_address>
         <run_address>0x1a0c</run_address>
         <size>0x58</size>
         <input_file_ref idref="fl-148"/>
      </object_component>
      <object_component id="oc-31a">
         <name>.text:MPU9150ReadModifyWrite</name>
         <load_address>0x1a64</load_address>
         <run_address>0x1a64</run_address>
         <size>0x54</size>
         <input_file_ref idref="fl-147"/>
      </object_component>
      <object_component id="oc-1ce">
         <name>.text:I2CMStateWriteFinal</name>
         <load_address>0x1ab8</load_address>
         <run_address>0x1ab8</run_address>
         <size>0x4e</size>
         <input_file_ref idref="fl-148"/>
      </object_component>
      <object_component id="oc-330">
         <name>.text</name>
         <load_address>0x1b06</load_address>
         <run_address>0x1b06</run_address>
         <size>0x4a</size>
         <input_file_ref idref="fl-14a"/>
      </object_component>
      <object_component id="oc-1b6">
         <name>.text:I2CMStateReadNext</name>
         <load_address>0x1b50</load_address>
         <run_address>0x1b50</run_address>
         <size>0x48</size>
         <input_file_ref idref="fl-148"/>
      </object_component>
      <object_component id="oc-2fb">
         <name>.text:I2CMasterInitExpClk</name>
         <load_address>0x1b98</load_address>
         <run_address>0x1b98</run_address>
         <size>0x48</size>
         <input_file_ref idref="fl-14c"/>
      </object_component>
      <object_component id="oc-11">
         <name>.text</name>
         <load_address>0x1be0</load_address>
         <run_address>0x1be0</run_address>
         <size>0x48</size>
         <input_file_ref idref="fl-134"/>
      </object_component>
      <object_component id="oc-1d4">
         <name>.text:I2CMStateWriteNext</name>
         <load_address>0x1c28</load_address>
         <run_address>0x1c28</run_address>
         <size>0x46</size>
         <input_file_ref idref="fl-148"/>
      </object_component>
      <object_component id="oc-19e">
         <name>.text:I2CMStateCallback</name>
         <load_address>0x1c6e</load_address>
         <run_address>0x1c6e</run_address>
         <size>0x44</size>
         <input_file_ref idref="fl-148"/>
      </object_component>
      <object_component id="oc-2f">
         <name>.text:NmiSR</name>
         <load_address>0x1cb2</load_address>
         <run_address>0x1cb2</run_address>
         <size>0x2</size>
         <input_file_ref idref="fl-3"/>
      </object_component>
      <object_component id="oc-11e">
         <name>.text</name>
         <load_address>0x1cb4</load_address>
         <run_address>0x1cb4</run_address>
         <size>0x44</size>
         <input_file_ref idref="fl-140"/>
      </object_component>
      <object_component id="oc-6d">
         <name>.text</name>
         <load_address>0x1cf8</load_address>
         <run_address>0x1cf8</run_address>
         <size>0x44</size>
         <input_file_ref idref="fl-138"/>
      </object_component>
      <object_component id="oc-35b">
         <name>.text</name>
         <load_address>0x1d3c</load_address>
         <run_address>0x1d3c</run_address>
         <size>0x42</size>
         <input_file_ref idref="fl-13c"/>
      </object_component>
      <object_component id="oc-1b0">
         <name>.text:I2CMStateReadFinal</name>
         <load_address>0x1d7e</load_address>
         <run_address>0x1d7e</run_address>
         <size>0x3e</size>
         <input_file_ref idref="fl-148"/>
      </object_component>
      <object_component id="oc-1aa">
         <name>.text:I2CMStateReadPause</name>
         <load_address>0x1dbc</load_address>
         <run_address>0x1dbc</run_address>
         <size>0x3e</size>
         <input_file_ref idref="fl-148"/>
      </object_component>
      <object_component id="oc-205">
         <name>.text:ConfigureMPU9150Interrupt</name>
         <load_address>0x1dfc</load_address>
         <run_address>0x1dfc</run_address>
         <size>0x3c</size>
         <input_file_ref idref="fl-2"/>
      </object_component>
      <object_component id="oc-353">
         <name>.text:UARTFlushTx</name>
         <load_address>0x1e38</load_address>
         <run_address>0x1e38</run_address>
         <size>0x3c</size>
         <input_file_ref idref="fl-4"/>
      </object_component>
      <object_component id="oc-3a3">
         <name>.text:I2CMWrite8Callback</name>
         <load_address>0x1e74</load_address>
         <run_address>0x1e74</run_address>
         <size>0x38</size>
         <input_file_ref idref="fl-148"/>
      </object_component>
      <object_component id="oc-59">
         <name>.text:RGBBlinkIntHandler</name>
         <load_address>0x1eac</load_address>
         <run_address>0x1eac</run_address>
         <size>0x38</size>
         <input_file_ref idref="fl-5"/>
      </object_component>
      <object_component id="oc-326">
         <name>.text</name>
         <load_address>0x1ee4</load_address>
         <run_address>0x1ee4</run_address>
         <size>0x38</size>
         <input_file_ref idref="fl-14b"/>
      </object_component>
      <object_component id="oc-211">
         <name>.text:I2CMInit</name>
         <load_address>0x1f1c</load_address>
         <run_address>0x1f1c</run_address>
         <size>0x34</size>
         <input_file_ref idref="fl-148"/>
      </object_component>
      <object_component id="oc-41">
         <name>.text:IntGPIOb</name>
         <load_address>0x1f50</load_address>
         <run_address>0x1f50</run_address>
         <size>0x34</size>
         <input_file_ref idref="fl-2"/>
      </object_component>
      <object_component id="oc-3b1">
         <name>.text:I2CMTransferResume</name>
         <load_address>0x1f84</load_address>
         <run_address>0x1f84</run_address>
         <size>0x30</size>
         <input_file_ref idref="fl-148"/>
      </object_component>
      <object_component id="oc-30e">
         <name>.text:MPU9150AppI2CWait</name>
         <load_address>0x1fb4</load_address>
         <run_address>0x1fb4</run_address>
         <size>0x2c</size>
         <input_file_ref idref="fl-2"/>
      </object_component>
      <object_component id="oc-34d">
         <name>.text:UARTFlushRx</name>
         <load_address>0x1fe0</load_address>
         <run_address>0x1fe0</run_address>
         <size>0x2c</size>
         <input_file_ref idref="fl-4"/>
      </object_component>
      <object_component id="oc-361">
         <name>.text:GPIODirModeSet</name>
         <load_address>0x200c</load_address>
         <run_address>0x200c</run_address>
         <size>0x2a</size>
         <input_file_ref idref="fl-145"/>
      </object_component>
      <object_component id="oc-1bc">
         <name>.text:I2CMStateReadFirst</name>
         <load_address>0x2036</load_address>
         <run_address>0x2036</run_address>
         <size>0x2a</size>
         <input_file_ref idref="fl-148"/>
      </object_component>
      <object_component id="oc-1f3">
         <name>.text:EnableLED</name>
         <load_address>0x2060</load_address>
         <run_address>0x2060</run_address>
         <size>0x28</size>
         <input_file_ref idref="fl-2"/>
      </object_component>
      <object_component id="oc-4d">
         <name>.text:HibernateHandler</name>
         <load_address>0x2088</load_address>
         <run_address>0x2088</run_address>
         <size>0x28</size>
         <input_file_ref idref="fl-2"/>
      </object_component>
      <object_component id="oc-1c2">
         <name>.text:I2CMStateReadOne</name>
         <load_address>0x20b0</load_address>
         <run_address>0x20b0</run_address>
         <size>0x20</size>
         <input_file_ref idref="fl-148"/>
      </object_component>
      <object_component id="oc-1f9">
         <name>.text:UARTprintf</name>
         <load_address>0x20d0</load_address>
         <run_address>0x20d0</run_address>
         <size>0x1a</size>
         <input_file_ref idref="fl-4"/>
      </object_component>
      <object_component id="oc-e3">
         <name>.text:HibernateIntStatus</name>
         <load_address>0x20ec</load_address>
         <run_address>0x20ec</run_address>
         <size>0x18</size>
         <input_file_ref idref="fl-144"/>
      </object_component>
      <object_component id="oc-1a4">
         <name>.text:I2CMStateReadWait</name>
         <load_address>0x2104</load_address>
         <run_address>0x2104</run_address>
         <size>0x18</size>
         <input_file_ref idref="fl-148"/>
      </object_component>
      <object_component id="oc-ce">
         <name>.text:IsBufferFull</name>
         <load_address>0x211c</load_address>
         <run_address>0x211c</run_address>
         <size>0x18</size>
         <input_file_ref idref="fl-4"/>
      </object_component>
      <object_component id="oc-b0">
         <name>.text:MPU9150AppCallback</name>
         <load_address>0x2134</load_address>
         <run_address>0x2134</run_address>
         <size>0x18</size>
         <input_file_ref idref="fl-2"/>
      </object_component>
      <object_component id="oc-67">
         <name>.text</name>
         <load_address>0x214c</load_address>
         <run_address>0x214c</run_address>
         <size>0x18</size>
         <input_file_ref idref="fl-13e"/>
      </object_component>
      <object_component id="oc-e9">
         <name>.text:HibernateIntClear</name>
         <load_address>0x2164</load_address>
         <run_address>0x2164</run_address>
         <size>0x14</size>
         <input_file_ref idref="fl-144"/>
      </object_component>
      <object_component id="oc-245">
         <name>.text</name>
         <load_address>0x2178</load_address>
         <run_address>0x2178</run_address>
         <size>0x14</size>
         <input_file_ref idref="fl-13d"/>
      </object_component>
      <object_component id="oc-2ec">
         <name>.text:GPIOPinTypeI2CSCL</name>
         <load_address>0x218c</load_address>
         <run_address>0x218c</run_address>
         <size>0x12</size>
         <input_file_ref idref="fl-145"/>
      </object_component>
      <object_component id="oc-1c">
         <name>.text:decompress:ZI</name>
         <load_address>0x219e</load_address>
         <run_address>0x219e</run_address>
         <size>0x12</size>
         <input_file_ref idref="fl-137"/>
      </object_component>
      <object_component id="oc-f5">
         <name>.text:HibernateRTCMatchSet</name>
         <load_address>0x21b0</load_address>
         <run_address>0x21b0</run_address>
         <size>0x10</size>
         <input_file_ref idref="fl-144"/>
      </object_component>
      <object_component id="oc-187">
         <name>.text:_HibernateWriteComplete</name>
         <load_address>0x21c0</load_address>
         <run_address>0x21c0</run_address>
         <size>0x10</size>
         <input_file_ref idref="fl-144"/>
      </object_component>
      <object_component id="oc-9b">
         <name>.text:GPIOIntStatus</name>
         <load_address>0x21d0</load_address>
         <run_address>0x21d0</run_address>
         <size>0xe</size>
         <input_file_ref idref="fl-145"/>
      </object_component>
      <object_component id="oc-c2">
         <name>.text:IsBufferEmpty</name>
         <load_address>0x21de</load_address>
         <run_address>0x21de</run_address>
         <size>0xe</size>
         <input_file_ref idref="fl-4"/>
      </object_component>
      <object_component id="oc-16">
         <name>.text:decompress:none</name>
         <load_address>0x21ec</load_address>
         <run_address>0x21ec</run_address>
         <size>0xe</size>
         <input_file_ref idref="fl-135"/>
      </object_component>
      <object_component id="oc-2f3">
         <name>.text:GPIOIntEnable</name>
         <load_address>0x21fa</load_address>
         <run_address>0x21fa</run_address>
         <size>0xc</size>
         <input_file_ref idref="fl-145"/>
      </object_component>
      <object_component id="oc-ef">
         <name>.text:HibernateRTCGet</name>
         <load_address>0x2208</load_address>
         <run_address>0x2208</run_address>
         <size>0xc</size>
         <input_file_ref idref="fl-144"/>
      </object_component>
      <object_component id="oc-261">
         <name>.text:IntTrigger</name>
         <load_address>0x2214</load_address>
         <run_address>0x2214</run_address>
         <size>0xc</size>
         <input_file_ref idref="fl-143"/>
      </object_component>
      <object_component id="oc-53">
         <name>.text:MPU9150I2CIntHandler</name>
         <load_address>0x2220</load_address>
         <run_address>0x2220</run_address>
         <size>0xc</size>
         <input_file_ref idref="fl-2"/>
      </object_component>
      <object_component id="oc-2d2">
         <name>.text:UARTFlowControlSet</name>
         <load_address>0x222c</load_address>
         <run_address>0x222c</run_address>
         <size>0xc</size>
         <input_file_ref idref="fl-141"/>
      </object_component>
      <object_component id="oc-36f">
         <name>.text:I2CMasterEnable</name>
         <load_address>0x2238</load_address>
         <run_address>0x2238</run_address>
         <size>0xa</size>
         <input_file_ref idref="fl-14c"/>
      </object_component>
      <object_component id="oc-235">
         <name>.text:UARTCharPut</name>
         <load_address>0x2242</load_address>
         <run_address>0x2242</run_address>
         <size>0xa</size>
         <input_file_ref idref="fl-141"/>
      </object_component>
      <object_component id="oc-192">
         <name>.text:I2CMasterIntClear</name>
         <load_address>0x224c</load_address>
         <run_address>0x224c</run_address>
         <size>0x8</size>
         <input_file_ref idref="fl-14c"/>
      </object_component>
      <object_component id="oc-301">
         <name>.text:I2CMasterIntEnableEx</name>
         <load_address>0x2254</load_address>
         <run_address>0x2254</run_address>
         <size>0x8</size>
         <input_file_ref idref="fl-14c"/>
      </object_component>
      <object_component id="oc-2a7">
         <name>.text:I2CMasterSlaveAddrSet</name>
         <load_address>0x225c</load_address>
         <run_address>0x225c</run_address>
         <size>0x8</size>
         <input_file_ref idref="fl-14c"/>
      </object_component>
      <object_component id="oc-a1">
         <name>.text:GPIOIntClear</name>
         <load_address>0x2264</load_address>
         <run_address>0x2264</run_address>
         <size>0x6</size>
         <input_file_ref idref="fl-145"/>
      </object_component>
      <object_component id="oc-22f">
         <name>.text:GPIOPinWrite</name>
         <load_address>0x226a</load_address>
         <run_address>0x226a</run_address>
         <size>0x6</size>
         <input_file_ref idref="fl-145"/>
      </object_component>
      <object_component id="oc-29">
         <name>.text:ResetISR</name>
         <load_address>0x2270</load_address>
         <run_address>0x2270</run_address>
         <size>0x6</size>
         <input_file_ref idref="fl-3"/>
      </object_component>
      <object_component id="oc-2cc">
         <name>.text:UARTClockSourceSet</name>
         <load_address>0x2276</load_address>
         <run_address>0x2276</run_address>
         <size>0x6</size>
         <input_file_ref idref="fl-141"/>
      </object_component>
      <object_component id="oc-22">
         <name>.text:decompress:rle24</name>
         <load_address>0x227c</load_address>
         <run_address>0x227c</run_address>
         <size>0x6</size>
         <input_file_ref idref="fl-136"/>
      </object_component>
      <object_component id="oc-198">
         <name>.text:I2CMasterControl</name>
         <load_address>0x2282</load_address>
         <run_address>0x2282</run_address>
         <size>0x4</size>
         <input_file_ref idref="fl-14c"/>
      </object_component>
      <object_component id="oc-29d">
         <name>.text:I2CMasterDataGet</name>
         <load_address>0x2286</load_address>
         <run_address>0x2286</run_address>
         <size>0x4</size>
         <input_file_ref idref="fl-14c"/>
      </object_component>
      <object_component id="oc-2af">
         <name>.text:I2CMasterDataPut</name>
         <load_address>0x228a</load_address>
         <run_address>0x228a</run_address>
         <size>0x4</size>
         <input_file_ref idref="fl-14c"/>
      </object_component>
      <object_component id="oc-33e">
         <name>.const</name>
         <load_address>0x2290</load_address>
         <run_address>0x2290</run_address>
         <size>0x70</size>
         <input_file_ref idref="fl-143"/>
      </object_component>
      <object_component id="oc-175">
         <name>.const</name>
         <load_address>0x2300</load_address>
         <run_address>0x2300</run_address>
         <size>0x28</size>
         <input_file_ref idref="fl-4"/>
      </object_component>
      <object_component id="oc-321">
         <name>.const</name>
         <load_address>0x2328</load_address>
         <run_address>0x2328</run_address>
         <size>0x20</size>
         <input_file_ref idref="fl-147"/>
      </object_component>
      <object_component id="oc-28c">
         <name>.const:.string</name>
         <load_address>0x2348</load_address>
         <run_address>0x2348</run_address>
         <size>0x12</size>
         <input_file_ref idref="fl-4"/>
      </object_component>
      <object_component id="oc-3d8">
         <name>.cinit..data.load</name>
         <load_address>0x2360</load_address>
         <run_address>0x2360</run_address>
         <size>0x12</size>
      </object_component>
      <object_component id="oc-3d6">
         <name>__TI_handler_table</name>
         <load_address>0x2374</load_address>
         <run_address>0x2374</run_address>
         <size>0xc</size>
      </object_component>
      <object_component id="oc-3d9">
         <name>.cinit..bss.load</name>
         <load_address>0x2380</load_address>
         <run_address>0x2380</run_address>
         <size>0x8</size>
      </object_component>
      <object_component id="oc-3d7">
         <name>__TI_cinit_table</name>
         <load_address>0x2388</load_address>
         <run_address>0x2388</run_address>
         <size>0x10</size>
      </object_component>
      <object_component id="oc-73">
         <name>.data</name>
         <load_address>0x20000a64</load_address>
         <run_address>0x20000a64</run_address>
         <size>0x4</size>
         <input_file_ref idref="fl-13b"/>
      </object_component>
      <object_component id="oc-d4">
         <name>.data</name>
         <load_address>0x20000a34</load_address>
         <run_address>0x20000a34</run_address>
         <size>0x15</size>
         <input_file_ref idref="fl-4"/>
      </object_component>
      <object_component id="oc-fb">
         <name>.data</name>
         <load_address>0x20000a4c</load_address>
         <run_address>0x20000a4c</run_address>
         <size>0x8</size>
         <input_file_ref idref="fl-2"/>
      </object_component>
      <object_component id="oc-12d">
         <name>.data</name>
         <load_address>0x20000a54</load_address>
         <run_address>0x20000a54</run_address>
         <size>0x8</size>
         <input_file_ref idref="fl-13d"/>
      </object_component>
      <object_component id="oc-130">
         <name>.data</name>
         <load_address>0x20000a5c</load_address>
         <run_address>0x20000a5c</run_address>
         <size>0x8</size>
         <input_file_ref idref="fl-138"/>
      </object_component>
      <object_component id="oc-ad">
         <name>.bss:g_sMPU9150Inst</name>
         <uninitialized>true</uninitialized>
         <run_address>0x200005a4</run_address>
         <size>0x6c</size>
         <input_file_ref idref="fl-2"/>
      </object_component>
      <object_component id="oc-da">
         <name>.bss:g_pcUARTRxBuffer</name>
         <uninitialized>true</uninitialized>
         <run_address>0x20000524</run_address>
         <size>0x80</size>
         <input_file_ref idref="fl-4"/>
      </object_component>
      <object_component id="oc-105">
         <name>.bss:g_sI2CInst</name>
         <uninitialized>true</uninitialized>
         <run_address>0x20000400</run_address>
         <size>0x124</size>
         <input_file_ref idref="fl-2"/>
      </object_component>
      <object_component id="oc-178">
         <name>.bss:g_pcUARTTxBuffer</name>
         <uninitialized>true</uninitialized>
         <run_address>0x20000000</run_address>
         <size>0x400</size>
         <input_file_ref idref="fl-4"/>
      </object_component>
      <object_component id="oc-3a0">
         <name>.common:g_pui32Colors</name>
         <uninitialized>true</uninitialized>
         <run_address>0x20000610</run_address>
         <size>0xc</size>
      </object_component>
      <object_component id="oc-37f">
         <name>.common:g_vui8I2CDoneFlag</name>
         <uninitialized>true</uninitialized>
         <run_address>0x20000628</run_address>
         <size>0x4</size>
      </object_component>
      <object_component id="oc-3a1">
         <name>.common:g_vui8ErrorFlag</name>
         <uninitialized>true</uninitialized>
         <run_address>0x20000624</run_address>
         <size>0x4</size>
      </object_component>
      <object_component id="oc-23b">
         <name>.common:g_ui32PrintSkipCounter</name>
         <uninitialized>true</uninitialized>
         <run_address>0x20000620</run_address>
         <size>0x4</size>
      </object_component>
      <object_component id="oc-d7">
         <name>.common:g_bDisableEcho</name>
         <uninitialized>true</uninitialized>
         <run_address>0x20000630</run_address>
         <size>0x1</size>
      </object_component>
      <object_component id="oc-359">
         <name>.common:g_ui32PortNum</name>
         <uninitialized>true</uninitialized>
         <run_address>0x2000061c</run_address>
         <size>0x4</size>
      </object_component>
      <object_component id="oc-115">
         <name>.common:ulFlags$1</name>
         <uninitialized>true</uninitialized>
         <run_address>0x2000062c</run_address>
         <size>0x4</size>
      </object_component>
      <object_component id="oc-28">
         <name>.stack</name>
         <uninitialized>true</uninitialized>
         <run_address>0x20000634</run_address>
         <size>0x0</size>
         <input_file_ref idref="fl-134"/>
      </object_component>
      <object_component id="oc-3da">
         <name>.stack</name>
         <uninitialized>true</uninitialized>
         <run_address>0x20000634</run_address>
         <size>0x0</size>
      </object_component>
      <object_component id="oc-f">
         <name>.debug_info</name>
         <load_address>0x0</load_address>
         <run_address>0x0</run_address>
         <size>0xe4</size>
         <input_file_ref idref="fl-3"/>
      </object_component>
      <object_component id="oc-13">
         <name>.debug_info</name>
         <load_address>0xe4</load_address>
         <run_address>0xe4</run_address>
         <size>0xf2</size>
         <input_file_ref idref="fl-134"/>
      </object_component>
      <object_component id="oc-19">
         <name>.debug_info</name>
         <load_address>0x1d6</load_address>
         <run_address>0x1d6</run_address>
         <size>0x180</size>
         <input_file_ref idref="fl-135"/>
      </object_component>
      <object_component id="oc-1e">
         <name>.debug_info</name>
         <load_address>0x356</load_address>
         <run_address>0x356</run_address>
         <size>0x16b</size>
         <input_file_ref idref="fl-137"/>
      </object_component>
      <object_component id="oc-23">
         <name>.debug_info</name>
         <load_address>0x4c1</load_address>
         <run_address>0x4c1</run_address>
         <size>0x167</size>
         <input_file_ref idref="fl-136"/>
      </object_component>
      <object_component id="oc-2c">
         <name>.debug_info</name>
         <load_address>0x628</load_address>
         <run_address>0x628</run_address>
         <size>0x114</size>
         <input_file_ref idref="fl-3"/>
      </object_component>
      <object_component id="oc-30">
         <name>.debug_info</name>
         <load_address>0x73c</load_address>
         <run_address>0x73c</run_address>
         <size>0x105</size>
         <input_file_ref idref="fl-3"/>
      </object_component>
      <object_component id="oc-36">
         <name>.debug_info</name>
         <load_address>0x841</load_address>
         <run_address>0x841</run_address>
         <size>0x10b</size>
         <input_file_ref idref="fl-3"/>
      </object_component>
      <object_component id="oc-3c">
         <name>.debug_info</name>
         <load_address>0x94c</load_address>
         <run_address>0x94c</run_address>
         <size>0x11d</size>
         <input_file_ref idref="fl-3"/>
      </object_component>
      <object_component id="oc-42">
         <name>.debug_info</name>
         <load_address>0xa69</load_address>
         <run_address>0xa69</run_address>
         <size>0x176</size>
         <input_file_ref idref="fl-2"/>
      </object_component>
      <object_component id="oc-49">
         <name>.debug_info</name>
         <load_address>0xbdf</load_address>
         <run_address>0xbdf</run_address>
         <size>0x2c8</size>
         <input_file_ref idref="fl-4"/>
      </object_component>
      <object_component id="oc-4e">
         <name>.debug_info</name>
         <load_address>0xea7</load_address>
         <run_address>0xea7</run_address>
         <size>0x1a8</size>
         <input_file_ref idref="fl-2"/>
      </object_component>
      <object_component id="oc-54">
         <name>.debug_info</name>
         <load_address>0x104f</load_address>
         <run_address>0x104f</run_address>
         <size>0x148</size>
         <input_file_ref idref="fl-2"/>
      </object_component>
      <object_component id="oc-5a">
         <name>.debug_info</name>
         <load_address>0x1197</load_address>
         <run_address>0x1197</run_address>
         <size>0x260</size>
         <input_file_ref idref="fl-5"/>
      </object_component>
      <object_component id="oc-61">
         <name>.debug_info</name>
         <load_address>0x13f7</load_address>
         <run_address>0x13f7</run_address>
         <size>0x1c9</size>
         <input_file_ref idref="fl-3"/>
      </object_component>
      <object_component id="oc-63">
         <name>.debug_info</name>
         <load_address>0x15c0</load_address>
         <run_address>0x15c0</run_address>
         <size>0x13a</size>
         <input_file_ref idref="fl-13f"/>
      </object_component>
      <object_component id="oc-68">
         <name>.debug_info</name>
         <load_address>0x16fa</load_address>
         <run_address>0x16fa</run_address>
         <size>0x11d</size>
         <input_file_ref idref="fl-13e"/>
      </object_component>
      <object_component id="oc-70">
         <name>.debug_info</name>
         <load_address>0x1817</load_address>
         <run_address>0x1817</run_address>
         <size>0x1ae</size>
         <input_file_ref idref="fl-138"/>
      </object_component>
      <object_component id="oc-74">
         <name>.debug_info</name>
         <load_address>0x19c5</load_address>
         <run_address>0x19c5</run_address>
         <size>0xbf</size>
         <input_file_ref idref="fl-13b"/>
      </object_component>
      <object_component id="oc-78">
         <name>.debug_info</name>
         <load_address>0x1a84</load_address>
         <run_address>0x1a84</run_address>
         <size>0xcb</size>
         <input_file_ref idref="fl-13a"/>
      </object_component>
      <object_component id="oc-7d">
         <name>.debug_info</name>
         <load_address>0x1b4f</load_address>
         <run_address>0x1b4f</run_address>
         <size>0x46</size>
         <input_file_ref idref="fl-135"/>
      </object_component>
      <object_component id="oc-82">
         <name>.debug_info</name>
         <load_address>0x1b95</load_address>
         <run_address>0x1b95</run_address>
         <size>0xee</size>
         <input_file_ref idref="fl-135"/>
      </object_component>
      <object_component id="oc-84">
         <name>.debug_info</name>
         <load_address>0x1c83</load_address>
         <run_address>0x1c83</run_address>
         <size>0x46</size>
         <input_file_ref idref="fl-137"/>
      </object_component>
      <object_component id="oc-89">
         <name>.debug_info</name>
         <load_address>0x1cc9</load_address>
         <run_address>0x1cc9</run_address>
         <size>0xae</size>
         <input_file_ref idref="fl-137"/>
      </object_component>
      <object_component id="oc-8d">
         <name>.debug_info</name>
         <load_address>0x1d77</load_address>
         <run_address>0x1d77</run_address>
         <size>0x1f0</size>
         <input_file_ref idref="fl-136"/>
      </object_component>
      <object_component id="oc-91">
         <name>.debug_info</name>
         <load_address>0x1f67</load_address>
         <run_address>0x1f67</run_address>
         <size>0xb8</size>
         <input_file_ref idref="fl-136"/>
      </object_component>
      <object_component id="oc-92">
         <name>.debug_info</name>
         <load_address>0x201f</load_address>
         <run_address>0x201f</run_address>
         <size>0x39</size>
         <input_file_ref idref="fl-136"/>
      </object_component>
      <object_component id="oc-9c">
         <name>.debug_info</name>
         <load_address>0x2058</load_address>
         <run_address>0x2058</run_address>
         <size>0x1e3</size>
         <input_file_ref idref="fl-145"/>
      </object_component>
      <object_component id="oc-a2">
         <name>.debug_info</name>
         <load_address>0x223b</load_address>
         <run_address>0x223b</run_address>
         <size>0x1f1</size>
         <input_file_ref idref="fl-145"/>
      </object_component>
      <object_component id="oc-a9">
         <name>.debug_info</name>
         <load_address>0x242c</load_address>
         <run_address>0x242c</run_address>
         <size>0x254</size>
         <input_file_ref idref="fl-147"/>
      </object_component>
      <object_component id="oc-ae">
         <name>.debug_info</name>
         <load_address>0x2680</load_address>
         <run_address>0x2680</run_address>
         <size>0xec</size>
         <input_file_ref idref="fl-2"/>
      </object_component>
      <object_component id="oc-b1">
         <name>.debug_info</name>
         <load_address>0x276c</load_address>
         <run_address>0x276c</run_address>
         <size>0x18f</size>
         <input_file_ref idref="fl-2"/>
      </object_component>
      <object_component id="oc-b7">
         <name>.debug_info</name>
         <load_address>0x28fb</load_address>
         <run_address>0x28fb</run_address>
         <size>0x8b</size>
         <input_file_ref idref="fl-2"/>
      </object_component>
      <object_component id="oc-bd">
         <name>.debug_info</name>
         <load_address>0x2986</load_address>
         <run_address>0x2986</run_address>
         <size>0x1f4</size>
         <input_file_ref idref="fl-4"/>
      </object_component>
      <object_component id="oc-c3">
         <name>.debug_info</name>
         <load_address>0x2b7a</load_address>
         <run_address>0x2b7a</run_address>
         <size>0x234</size>
         <input_file_ref idref="fl-4"/>
      </object_component>
      <object_component id="oc-c9">
         <name>.debug_info</name>
         <load_address>0x2dae</load_address>
         <run_address>0x2dae</run_address>
         <size>0x237</size>
         <input_file_ref idref="fl-4"/>
      </object_component>
      <object_component id="oc-cf">
         <name>.debug_info</name>
         <load_address>0x2fe5</load_address>
         <run_address>0x2fe5</run_address>
         <size>0x264</size>
         <input_file_ref idref="fl-4"/>
      </object_component>
      <object_component id="oc-d5">
         <name>.debug_info</name>
         <load_address>0x3249</load_address>
         <run_address>0x3249</run_address>
         <size>0x1f0</size>
         <input_file_ref idref="fl-4"/>
      </object_component>
      <object_component id="oc-d8">
         <name>.debug_info</name>
         <load_address>0x3439</load_address>
         <run_address>0x3439</run_address>
         <size>0x1ab</size>
         <input_file_ref idref="fl-4"/>
      </object_component>
      <object_component id="oc-db">
         <name>.debug_info</name>
         <load_address>0x35e4</load_address>
         <run_address>0x35e4</run_address>
         <size>0x110</size>
         <input_file_ref idref="fl-4"/>
      </object_component>
      <object_component id="oc-de">
         <name>.debug_info</name>
         <load_address>0x36f4</load_address>
         <run_address>0x36f4</run_address>
         <size>0x18b</size>
         <input_file_ref idref="fl-2"/>
      </object_component>
      <object_component id="oc-e4">
         <name>.debug_info</name>
         <load_address>0x387f</load_address>
         <run_address>0x387f</run_address>
         <size>0x1ca</size>
         <input_file_ref idref="fl-144"/>
      </object_component>
      <object_component id="oc-ea">
         <name>.debug_info</name>
         <load_address>0x3a49</load_address>
         <run_address>0x3a49</run_address>
         <size>0x1f1</size>
         <input_file_ref idref="fl-144"/>
      </object_component>
      <object_component id="oc-f0">
         <name>.debug_info</name>
         <load_address>0x3c3a</load_address>
         <run_address>0x3c3a</run_address>
         <size>0x196</size>
         <input_file_ref idref="fl-144"/>
      </object_component>
      <object_component id="oc-f6">
         <name>.debug_info</name>
         <load_address>0x3dd0</load_address>
         <run_address>0x3dd0</run_address>
         <size>0x206</size>
         <input_file_ref idref="fl-144"/>
      </object_component>
      <object_component id="oc-fc">
         <name>.debug_info</name>
         <load_address>0x3fd6</load_address>
         <run_address>0x3fd6</run_address>
         <size>0x115</size>
         <input_file_ref idref="fl-2"/>
      </object_component>
      <object_component id="oc-102">
         <name>.debug_info</name>
         <load_address>0x40eb</load_address>
         <run_address>0x40eb</run_address>
         <size>0x418</size>
         <input_file_ref idref="fl-148"/>
      </object_component>
      <object_component id="oc-106">
         <name>.debug_info</name>
         <load_address>0x4503</load_address>
         <run_address>0x4503</run_address>
         <size>0xe4</size>
         <input_file_ref idref="fl-2"/>
      </object_component>
      <object_component id="oc-10a">
         <name>.debug_info</name>
         <load_address>0x45e7</load_address>
         <run_address>0x45e7</run_address>
         <size>0x22f</size>
         <input_file_ref idref="fl-5"/>
      </object_component>
      <object_component id="oc-110">
         <name>.debug_info</name>
         <load_address>0x4816</load_address>
         <run_address>0x4816</run_address>
         <size>0x257</size>
         <input_file_ref idref="fl-5"/>
      </object_component>
      <object_component id="oc-117">
         <name>.debug_info</name>
         <load_address>0x4a6d</load_address>
         <run_address>0x4a6d</run_address>
         <size>0x84</size>
         <input_file_ref idref="fl-3"/>
      </object_component>
      <object_component id="oc-121">
         <name>.debug_info</name>
         <load_address>0x4af1</load_address>
         <run_address>0x4af1</run_address>
         <size>0x14c</size>
         <input_file_ref idref="fl-140"/>
      </object_component>
      <object_component id="oc-126">
         <name>.debug_info</name>
         <load_address>0x4c3d</load_address>
         <run_address>0x4c3d</run_address>
         <size>0x34d</size>
         <input_file_ref idref="fl-2"/>
      </object_component>
      <object_component id="oc-12c">
         <name>.debug_info</name>
         <load_address>0x4f8a</load_address>
         <run_address>0x4f8a</run_address>
         <size>0x11c</size>
         <input_file_ref idref="fl-13e"/>
      </object_component>
      <object_component id="oc-12e">
         <name>.debug_info</name>
         <load_address>0x50a6</load_address>
         <run_address>0x50a6</run_address>
         <size>0xc9</size>
         <input_file_ref idref="fl-13d"/>
      </object_component>
      <object_component id="oc-131">
         <name>.debug_info</name>
         <load_address>0x516f</load_address>
         <run_address>0x516f</run_address>
         <size>0xec</size>
         <input_file_ref idref="fl-138"/>
      </object_component>
      <object_component id="oc-137">
         <name>.debug_info</name>
         <load_address>0x525b</load_address>
         <run_address>0x525b</run_address>
         <size>0x2c</size>
         <input_file_ref idref="fl-135"/>
      </object_component>
      <object_component id="oc-13e">
         <name>.debug_info</name>
         <load_address>0x5287</load_address>
         <run_address>0x5287</run_address>
         <size>0x2c</size>
         <input_file_ref idref="fl-137"/>
      </object_component>
      <object_component id="oc-149">
         <name>.debug_info</name>
         <load_address>0x52b3</load_address>
         <run_address>0x52b3</run_address>
         <size>0x18b</size>
         <input_file_ref idref="fl-141"/>
      </object_component>
      <object_component id="oc-14e">
         <name>.debug_info</name>
         <load_address>0x543e</load_address>
         <run_address>0x543e</run_address>
         <size>0x90</size>
         <input_file_ref idref="fl-141"/>
      </object_component>
      <object_component id="oc-153">
         <name>.debug_info</name>
         <load_address>0x54ce</load_address>
         <run_address>0x54ce</run_address>
         <size>0x1d7</size>
         <input_file_ref idref="fl-145"/>
      </object_component>
      <object_component id="oc-157">
         <name>.debug_info</name>
         <load_address>0x56a5</load_address>
         <run_address>0x56a5</run_address>
         <size>0x3e8</size>
         <input_file_ref idref="fl-148"/>
      </object_component>
      <object_component id="oc-15c">
         <name>.debug_info</name>
         <load_address>0x5a8d</load_address>
         <run_address>0x5a8d</run_address>
         <size>0x224</size>
         <input_file_ref idref="fl-147"/>
      </object_component>
      <object_component id="oc-162">
         <name>.debug_info</name>
         <load_address>0x5cb1</load_address>
         <run_address>0x5cb1</run_address>
         <size>0x18b</size>
         <input_file_ref idref="fl-147"/>
      </object_component>
      <object_component id="oc-167">
         <name>.debug_info</name>
         <load_address>0x5e3c</load_address>
         <run_address>0x5e3c</run_address>
         <size>0x348</size>
         <input_file_ref idref="fl-147"/>
      </object_component>
      <object_component id="oc-16a">
         <name>.debug_info</name>
         <load_address>0x6184</load_address>
         <run_address>0x6184</run_address>
         <size>0x16c</size>
         <input_file_ref idref="fl-2"/>
      </object_component>
      <object_component id="oc-170">
         <name>.debug_info</name>
         <load_address>0x62f0</load_address>
         <run_address>0x62f0</run_address>
         <size>0xba0</size>
         <input_file_ref idref="fl-2"/>
      </object_component>
      <object_component id="oc-176">
         <name>.debug_info</name>
         <load_address>0x6e90</load_address>
         <run_address>0x6e90</run_address>
         <size>0x184</size>
         <input_file_ref idref="fl-4"/>
      </object_component>
      <object_component id="oc-179">
         <name>.debug_info</name>
         <load_address>0x7014</load_address>
         <run_address>0x7014</run_address>
         <size>0x110</size>
         <input_file_ref idref="fl-4"/>
      </object_component>
      <object_component id="oc-186">
         <name>.debug_info</name>
         <load_address>0x7124</load_address>
         <run_address>0x7124</run_address>
         <size>0x1b9</size>
         <input_file_ref idref="fl-144"/>
      </object_component>
      <object_component id="oc-188">
         <name>.debug_info</name>
         <load_address>0x72dd</load_address>
         <run_address>0x72dd</run_address>
         <size>0x227</size>
         <input_file_ref idref="fl-144"/>
      </object_component>
      <object_component id="oc-194">
         <name>.debug_info</name>
         <load_address>0x7504</load_address>
         <run_address>0x7504</run_address>
         <size>0x1b6</size>
         <input_file_ref idref="fl-14c"/>
      </object_component>
      <object_component id="oc-19a">
         <name>.debug_info</name>
         <load_address>0x76ba</load_address>
         <run_address>0x76ba</run_address>
         <size>0x1e2</size>
         <input_file_ref idref="fl-14c"/>
      </object_component>
      <object_component id="oc-1a1">
         <name>.debug_info</name>
         <load_address>0x789c</load_address>
         <run_address>0x789c</run_address>
         <size>0x273</size>
         <input_file_ref idref="fl-148"/>
      </object_component>
      <object_component id="oc-1a7">
         <name>.debug_info</name>
         <load_address>0x7b0f</load_address>
         <run_address>0x7b0f</run_address>
         <size>0x205</size>
         <input_file_ref idref="fl-148"/>
      </object_component>
      <object_component id="oc-1ad">
         <name>.debug_info</name>
         <load_address>0x7d14</load_address>
         <run_address>0x7d14</run_address>
         <size>0x21e</size>
         <input_file_ref idref="fl-148"/>
      </object_component>
      <object_component id="oc-1b3">
         <name>.debug_info</name>
         <load_address>0x7f32</load_address>
         <run_address>0x7f32</run_address>
         <size>0x22b</size>
         <input_file_ref idref="fl-148"/>
      </object_component>
      <object_component id="oc-1b9">
         <name>.debug_info</name>
         <load_address>0x815d</load_address>
         <run_address>0x815d</run_address>
         <size>0x229</size>
         <input_file_ref idref="fl-148"/>
      </object_component>
      <object_component id="oc-1bf">
         <name>.debug_info</name>
         <load_address>0x8386</load_address>
         <run_address>0x8386</run_address>
         <size>0x223</size>
         <input_file_ref idref="fl-148"/>
      </object_component>
      <object_component id="oc-1c5">
         <name>.debug_info</name>
         <load_address>0x85a9</load_address>
         <run_address>0x85a9</run_address>
         <size>0x21f</size>
         <input_file_ref idref="fl-148"/>
      </object_component>
      <object_component id="oc-1cb">
         <name>.debug_info</name>
         <load_address>0x87c8</load_address>
         <run_address>0x87c8</run_address>
         <size>0x24e</size>
         <input_file_ref idref="fl-148"/>
      </object_component>
      <object_component id="oc-1d1">
         <name>.debug_info</name>
         <load_address>0x8a16</load_address>
         <run_address>0x8a16</run_address>
         <size>0x244</size>
         <input_file_ref idref="fl-148"/>
      </object_component>
      <object_component id="oc-1d7">
         <name>.debug_info</name>
         <load_address>0x8c5a</load_address>
         <run_address>0x8c5a</run_address>
         <size>0x22b</size>
         <input_file_ref idref="fl-148"/>
      </object_component>
      <object_component id="oc-1dd">
         <name>.debug_info</name>
         <load_address>0x8e85</load_address>
         <run_address>0x8e85</run_address>
         <size>0x291</size>
         <input_file_ref idref="fl-148"/>
      </object_component>
      <object_component id="oc-1e1">
         <name>.debug_info</name>
         <load_address>0x9116</load_address>
         <run_address>0x9116</run_address>
         <size>0x3f7</size>
         <input_file_ref idref="fl-148"/>
      </object_component>
      <object_component id="oc-1e4">
         <name>.debug_info</name>
         <load_address>0x950d</load_address>
         <run_address>0x950d</run_address>
         <size>0x4e6</size>
         <input_file_ref idref="fl-2"/>
      </object_component>
      <object_component id="oc-1ec">
         <name>.debug_info</name>
         <load_address>0x99f3</load_address>
         <run_address>0x99f3</run_address>
         <size>0x149</size>
         <input_file_ref idref="fl-140"/>
      </object_component>
      <object_component id="oc-1ee">
         <name>.debug_info</name>
         <load_address>0x9b3c</load_address>
         <run_address>0x9b3c</run_address>
         <size>0x198</size>
         <input_file_ref idref="fl-2"/>
      </object_component>
      <object_component id="oc-1f4">
         <name>.debug_info</name>
         <load_address>0x9cd4</load_address>
         <run_address>0x9cd4</run_address>
         <size>0x133</size>
         <input_file_ref idref="fl-2"/>
      </object_component>
      <object_component id="oc-1fa">
         <name>.debug_info</name>
         <load_address>0x9e07</load_address>
         <run_address>0x9e07</run_address>
         <size>0x1cc</size>
         <input_file_ref idref="fl-4"/>
      </object_component>
      <object_component id="oc-200">
         <name>.debug_info</name>
         <load_address>0x9fd3</load_address>
         <run_address>0x9fd3</run_address>
         <size>0x166</size>
         <input_file_ref idref="fl-2"/>
      </object_component>
      <object_component id="oc-206">
         <name>.debug_info</name>
         <load_address>0xa139</load_address>
         <run_address>0xa139</run_address>
         <size>0x16e</size>
         <input_file_ref idref="fl-2"/>
      </object_component>
      <object_component id="oc-20c">
         <name>.debug_info</name>
         <load_address>0xa2a7</load_address>
         <run_address>0xa2a7</run_address>
         <size>0x17f</size>
         <input_file_ref idref="fl-2"/>
      </object_component>
      <object_component id="oc-214">
         <name>.debug_info</name>
         <load_address>0xa426</load_address>
         <run_address>0xa426</run_address>
         <size>0x2b4</size>
         <input_file_ref idref="fl-148"/>
      </object_component>
      <object_component id="oc-218">
         <name>.debug_info</name>
         <load_address>0xa6da</load_address>
         <run_address>0xa6da</run_address>
         <size>0x21f</size>
         <input_file_ref idref="fl-2"/>
      </object_component>
      <object_component id="oc-21e">
         <name>.debug_info</name>
         <load_address>0xa8f9</load_address>
         <run_address>0xa8f9</run_address>
         <size>0x276</size>
         <input_file_ref idref="fl-147"/>
      </object_component>
      <object_component id="oc-224">
         <name>.debug_info</name>
         <load_address>0xab6f</load_address>
         <run_address>0xab6f</run_address>
         <size>0x268</size>
         <input_file_ref idref="fl-147"/>
      </object_component>
      <object_component id="oc-22b">
         <name>.debug_info</name>
         <load_address>0xadd7</load_address>
         <run_address>0xadd7</run_address>
         <size>0x338</size>
         <input_file_ref idref="fl-147"/>
      </object_component>
      <object_component id="oc-230">
         <name>.debug_info</name>
         <load_address>0xb10f</load_address>
         <run_address>0xb10f</run_address>
         <size>0x207</size>
         <input_file_ref idref="fl-145"/>
      </object_component>
      <object_component id="oc-236">
         <name>.debug_info</name>
         <load_address>0xb316</load_address>
         <run_address>0xb316</run_address>
         <size>0x25d</size>
         <input_file_ref idref="fl-141"/>
      </object_component>
      <object_component id="oc-240">
         <name>.debug_info</name>
         <load_address>0xb573</load_address>
         <run_address>0xb573</run_address>
         <size>0x5e</size>
         <input_file_ref idref="fl-13e"/>
      </object_component>
      <object_component id="oc-246">
         <name>.debug_info</name>
         <load_address>0xb5d1</load_address>
         <run_address>0xb5d1</run_address>
         <size>0x1d5</size>
         <input_file_ref idref="fl-13d"/>
      </object_component>
      <object_component id="oc-24d">
         <name>.debug_info</name>
         <load_address>0xb7a6</load_address>
         <run_address>0xb7a6</run_address>
         <size>0xda</size>
         <input_file_ref idref="fl-13d"/>
      </object_component>
      <object_component id="oc-251">
         <name>.debug_info</name>
         <load_address>0xb880</load_address>
         <run_address>0xb880</run_address>
         <size>0x142</size>
         <input_file_ref idref="fl-138"/>
      </object_component>
      <object_component id="oc-256">
         <name>.debug_info</name>
         <load_address>0xb9c2</load_address>
         <run_address>0xb9c2</run_address>
         <size>0x205</size>
         <input_file_ref idref="fl-143"/>
      </object_component>
      <object_component id="oc-25c">
         <name>.debug_info</name>
         <load_address>0xbbc7</load_address>
         <run_address>0xbbc7</run_address>
         <size>0x1ce</size>
         <input_file_ref idref="fl-143"/>
      </object_component>
      <object_component id="oc-262">
         <name>.debug_info</name>
         <load_address>0xbd95</load_address>
         <run_address>0xbd95</run_address>
         <size>0x1ce</size>
         <input_file_ref idref="fl-143"/>
      </object_component>
      <object_component id="oc-268">
         <name>.debug_info</name>
         <load_address>0xbf63</load_address>
         <run_address>0xbf63</run_address>
         <size>0x1cc</size>
         <input_file_ref idref="fl-143"/>
      </object_component>
      <object_component id="oc-26f">
         <name>.debug_info</name>
         <load_address>0xc12f</load_address>
         <run_address>0xc12f</run_address>
         <size>0x89</size>
         <input_file_ref idref="fl-147"/>
      </object_component>
      <object_component id="oc-276">
         <name>.debug_info</name>
         <load_address>0xc1b8</load_address>
         <run_address>0xc1b8</run_address>
         <size>0x4e6</size>
         <input_file_ref idref="fl-147"/>
      </object_component>
      <object_component id="oc-27b">
         <name>.debug_info</name>
         <load_address>0xc69e</load_address>
         <run_address>0xc69e</run_address>
         <size>0x108</size>
         <input_file_ref idref="fl-147"/>
      </object_component>
      <object_component id="oc-280">
         <name>.debug_info</name>
         <load_address>0xc7a6</load_address>
         <run_address>0xc7a6</run_address>
         <size>0x16c</size>
         <input_file_ref idref="fl-147"/>
      </object_component>
      <object_component id="oc-285">
         <name>.debug_info</name>
         <load_address>0xc912</load_address>
         <run_address>0xc912</run_address>
         <size>0x108</size>
         <input_file_ref idref="fl-2"/>
      </object_component>
      <object_component id="oc-293">
         <name>.debug_info</name>
         <load_address>0xca1a</load_address>
         <run_address>0xca1a</run_address>
         <size>0x16f</size>
         <input_file_ref idref="fl-144"/>
      </object_component>
      <object_component id="oc-29a">
         <name>.debug_info</name>
         <load_address>0xcb89</load_address>
         <run_address>0xcb89</run_address>
         <size>0x1d8</size>
         <input_file_ref idref="fl-14c"/>
      </object_component>
      <object_component id="oc-29f">
         <name>.debug_info</name>
         <load_address>0xcd61</load_address>
         <run_address>0xcd61</run_address>
         <size>0x1b8</size>
         <input_file_ref idref="fl-14c"/>
      </object_component>
      <object_component id="oc-2a8">
         <name>.debug_info</name>
         <load_address>0xcf19</load_address>
         <run_address>0xcf19</run_address>
         <size>0x232</size>
         <input_file_ref idref="fl-14c"/>
      </object_component>
      <object_component id="oc-2b1">
         <name>.debug_info</name>
         <load_address>0xd14b</load_address>
         <run_address>0xd14b</run_address>
         <size>0x1e2</size>
         <input_file_ref idref="fl-14c"/>
      </object_component>
      <object_component id="oc-2bb">
         <name>.debug_info</name>
         <load_address>0xd32d</load_address>
         <run_address>0xd32d</run_address>
         <size>0x90</size>
         <input_file_ref idref="fl-148"/>
      </object_component>
      <object_component id="oc-2c0">
         <name>.debug_info</name>
         <load_address>0xd3bd</load_address>
         <run_address>0xd3bd</run_address>
         <size>0x4e6</size>
         <input_file_ref idref="fl-148"/>
      </object_component>
      <object_component id="oc-2c7">
         <name>.debug_info</name>
         <load_address>0xd8a3</load_address>
         <run_address>0xd8a3</run_address>
         <size>0xcd</size>
         <input_file_ref idref="fl-140"/>
      </object_component>
      <object_component id="oc-2cd">
         <name>.debug_info</name>
         <load_address>0xd970</load_address>
         <run_address>0xd970</run_address>
         <size>0x1f5</size>
         <input_file_ref idref="fl-141"/>
      </object_component>
      <object_component id="oc-2d3">
         <name>.debug_info</name>
         <load_address>0xdb65</load_address>
         <run_address>0xdb65</run_address>
         <size>0x1ed</size>
         <input_file_ref idref="fl-141"/>
      </object_component>
      <object_component id="oc-2da">
         <name>.debug_info</name>
         <load_address>0xdd52</load_address>
         <run_address>0xdd52</run_address>
         <size>0x268</size>
         <input_file_ref idref="fl-4"/>
      </object_component>
      <object_component id="oc-2e1">
         <name>.debug_info</name>
         <load_address>0xdfba</load_address>
         <run_address>0xdfba</run_address>
         <size>0x31c</size>
         <input_file_ref idref="fl-4"/>
      </object_component>
      <object_component id="oc-2e7">
         <name>.debug_info</name>
         <load_address>0xe2d6</load_address>
         <run_address>0xe2d6</run_address>
         <size>0x4e</size>
         <input_file_ref idref="fl-2"/>
      </object_component>
      <object_component id="oc-2ed">
         <name>.debug_info</name>
         <load_address>0xe324</load_address>
         <run_address>0xe324</run_address>
         <size>0x1e3</size>
         <input_file_ref idref="fl-145"/>
      </object_component>
      <object_component id="oc-2f4">
         <name>.debug_info</name>
         <load_address>0xe507</load_address>
         <run_address>0xe507</run_address>
         <size>0x1f3</size>
         <input_file_ref idref="fl-145"/>
      </object_component>
      <object_component id="oc-2fd">
         <name>.debug_info</name>
         <load_address>0xe6fa</load_address>
         <run_address>0xe6fa</run_address>
         <size>0x24c</size>
         <input_file_ref idref="fl-14c"/>
      </object_component>
      <object_component id="oc-303">
         <name>.debug_info</name>
         <load_address>0xe946</load_address>
         <run_address>0xe946</run_address>
         <size>0x1fe</size>
         <input_file_ref idref="fl-14c"/>
      </object_component>
      <object_component id="oc-30a">
         <name>.debug_info</name>
         <load_address>0xeb44</load_address>
         <run_address>0xeb44</run_address>
         <size>0x298</size>
         <input_file_ref idref="fl-147"/>
      </object_component>
      <object_component id="oc-30f">
         <name>.debug_info</name>
         <load_address>0xeddc</load_address>
         <run_address>0xeddc</run_address>
         <size>0x188</size>
         <input_file_ref idref="fl-2"/>
      </object_component>
      <object_component id="oc-315">
         <name>.debug_info</name>
         <load_address>0xef64</load_address>
         <run_address>0xef64</run_address>
         <size>0x29d</size>
         <input_file_ref idref="fl-147"/>
      </object_component>
      <object_component id="oc-31c">
         <name>.debug_info</name>
         <load_address>0xf201</load_address>
         <run_address>0xf201</run_address>
         <size>0x29e</size>
         <input_file_ref idref="fl-147"/>
      </object_component>
      <object_component id="oc-322">
         <name>.debug_info</name>
         <load_address>0xf49f</load_address>
         <run_address>0xf49f</run_address>
         <size>0x14e</size>
         <input_file_ref idref="fl-147"/>
      </object_component>
      <object_component id="oc-328">
         <name>.debug_info</name>
         <load_address>0xf5ed</load_address>
         <run_address>0xf5ed</run_address>
         <size>0xde</size>
         <input_file_ref idref="fl-14b"/>
      </object_component>
      <object_component id="oc-32d">
         <name>.debug_info</name>
         <load_address>0xf6cb</load_address>
         <run_address>0xf6cb</run_address>
         <size>0xec</size>
         <input_file_ref idref="fl-149"/>
      </object_component>
      <object_component id="oc-331">
         <name>.debug_info</name>
         <load_address>0xf7b7</load_address>
         <run_address>0xf7b7</run_address>
         <size>0xe7</size>
         <input_file_ref idref="fl-14a"/>
      </object_component>
      <object_component id="oc-338">
         <name>.debug_info</name>
         <load_address>0xf89e</load_address>
         <run_address>0xf89e</run_address>
         <size>0x1ce</size>
         <input_file_ref idref="fl-141"/>
      </object_component>
      <object_component id="oc-33f">
         <name>.debug_info</name>
         <load_address>0xfa6c</load_address>
         <run_address>0xfa6c</run_address>
         <size>0x1c2</size>
         <input_file_ref idref="fl-143"/>
      </object_component>
      <object_component id="oc-342">
         <name>.debug_info</name>
         <load_address>0xfc2e</load_address>
         <run_address>0xfc2e</run_address>
         <size>0x1ba</size>
         <input_file_ref idref="fl-143"/>
      </object_component>
      <object_component id="oc-34f">
         <name>.debug_info</name>
         <load_address>0xfde8</load_address>
         <run_address>0xfde8</run_address>
         <size>0x1b1</size>
         <input_file_ref idref="fl-4"/>
      </object_component>
      <object_component id="oc-355">
         <name>.debug_info</name>
         <load_address>0xff99</load_address>
         <run_address>0xff99</run_address>
         <size>0x1fd</size>
         <input_file_ref idref="fl-4"/>
      </object_component>
      <object_component id="oc-35c">
         <name>.debug_info</name>
         <load_address>0x10196</load_address>
         <run_address>0x10196</run_address>
         <size>0x134</size>
         <input_file_ref idref="fl-13c"/>
      </object_component>
      <object_component id="oc-362">
         <name>.debug_info</name>
         <load_address>0x102ca</load_address>
         <run_address>0x102ca</run_address>
         <size>0x217</size>
         <input_file_ref idref="fl-145"/>
      </object_component>
      <object_component id="oc-368">
         <name>.debug_info</name>
         <load_address>0x104e1</load_address>
         <run_address>0x104e1</run_address>
         <size>0x312</size>
         <input_file_ref idref="fl-145"/>
      </object_component>
      <object_component id="oc-371">
         <name>.debug_info</name>
         <load_address>0x107f3</load_address>
         <run_address>0x107f3</run_address>
         <size>0x1b2</size>
         <input_file_ref idref="fl-14c"/>
      </object_component>
      <object_component id="oc-379">
         <name>.debug_info</name>
         <load_address>0x109a5</load_address>
         <run_address>0x109a5</run_address>
         <size>0x1a0</size>
         <input_file_ref idref="fl-2"/>
      </object_component>
      <object_component id="oc-383">
         <name>.debug_info</name>
         <load_address>0x10b45</load_address>
         <run_address>0x10b45</run_address>
         <size>0x2ec</size>
         <input_file_ref idref="fl-148"/>
      </object_component>
      <object_component id="oc-38a">
         <name>.debug_info</name>
         <load_address>0x10e31</load_address>
         <run_address>0x10e31</run_address>
         <size>0x308</size>
         <input_file_ref idref="fl-148"/>
      </object_component>
      <object_component id="oc-3a5">
         <name>.debug_info</name>
         <load_address>0x11139</load_address>
         <run_address>0x11139</run_address>
         <size>0x22a</size>
         <input_file_ref idref="fl-148"/>
      </object_component>
      <object_component id="oc-3ac">
         <name>.debug_info</name>
         <load_address>0x11363</load_address>
         <run_address>0x11363</run_address>
         <size>0x256</size>
         <input_file_ref idref="fl-148"/>
      </object_component>
      <object_component id="oc-3b3">
         <name>.debug_info</name>
         <load_address>0x115b9</load_address>
         <run_address>0x115b9</run_address>
         <size>0x206</size>
         <input_file_ref idref="fl-148"/>
      </object_component>
      <object_component id="oc-3db">
         <name>.debug_info</name>
         <load_address>0x117bf</load_address>
         <run_address>0x117bf</run_address>
         <size>0xab</size>
      </object_component>
      <object_component id="oc-10">
         <name>.debug_pubnames</name>
         <load_address>0x0</load_address>
         <run_address>0x0</run_address>
         <size>0x23</size>
         <input_file_ref idref="fl-3"/>
      </object_component>
      <object_component id="oc-14">
         <name>.debug_pubnames</name>
         <load_address>0x23</load_address>
         <run_address>0x23</run_address>
         <size>0x1f</size>
         <input_file_ref idref="fl-134"/>
      </object_component>
      <object_component id="oc-1a">
         <name>.debug_pubnames</name>
         <load_address>0x42</load_address>
         <run_address>0x42</run_address>
         <size>0x2b</size>
         <input_file_ref idref="fl-135"/>
      </object_component>
      <object_component id="oc-1f">
         <name>.debug_pubnames</name>
         <load_address>0x6d</load_address>
[...]
            </allocated_space>
            <available_space>
               <start_address>0x2398</start_address>
               <size>0x3dc68</size>
            </available_space>
         </usage_details>
      </memory_area>
      <memory_area display="yes" color="green">
         <name>SRAM</name>
         <page_id>0x0</page_id>
         <origin>0x20000000</origin>
         <length>0x8000</length>
         <used_space>0xa65</used_space>
         <unused_space>0x759b</unused_space>
         <attributes>RWX</attributes>
         <usage_details>
            <allocated_space>
               <start_address>0x20000000</start_address>
               <size>0x631</size>
               <logical_group_ref idref="lg-b"/>
            </allocated_space>
            <available_space>
               <start_address>0x20000631</start_address>
               <size>0x3</size>
            </available_space>
            <allocated_space>
               <start_address>0x20000634</start_address>
               <size>0x400</size>
               <logical_group_ref idref="lg-d"/>
            </allocated_space>
            <allocated_space>
               <start_address>0x20000a34</start_address>
               <size>0x34</size>
               <logical_group_ref idref="lg-a"/>
            </allocated_space>
            <available_space>
               <start_address>0x20000a68</start_address>
               <size>0x7598</size>
            </available_space>
         </usage_details>
      </memory_area>
   </placement_map>
   <cptbl_list>
      <cptbl>
         <name>__TI_cinit_table</name>
         <cprec>
            <name>.data</name>
            <load_address>0x2360</load_address>
            <load_size>0x12</load_size>
            <run_address>0x20000a34</run_address>
            <run_size>0x34</run_size>
            <compression>rle</compression>
         </cprec>
         <cprec>
            <name>.bss</name>
            <load_address>0x2380</load_address>
            <load_size>0x8</load_size>
            <run_address>0x20000000</run_address>
            <run_size>0x631</run_size>
            <compression>zero_init</compression>
         </cprec>
      </cptbl>
   </cptbl_list>
   <handler_table>
      <handler_table_name>__TI_handler_table</handler_table_name>
      <handler>
         <index>0x0</index>
         <name>__TI_decompress_rle24</name>
      </handler>
      <handler>
         <index>0x1</index>
         <name>__TI_decompress_none</name>
      </handler>
      <handler>
         <index>0x2</index>
         <name>__TI_zero_init</name>
      </handler>
   </handler_table>
   <symbol_table>
      <symbol id="sm-1">
         <name>__STACK_TOP</name>
         <value>0x20000a34</value>
      </symbol>
      <symbol id="sm-2">
         <name>__TI_CINIT_Base</name>
         <value>0x2388</value>
      </symbol>
      <symbol id="sm-3">
         <name>__TI_CINIT_Limit</name>
         <value>0x2398</value>
      </symbol>
      <symbol id="sm-4">
         <name>__TI_Handler_Table_Base</name>
         <value>0x2374</value>
      </symbol>
      <symbol id="sm-5">
         <name>__TI_Handler_Table_Limit</name>
         <value>0x2380</value>
      </symbol>
      <symbol id="sm-6">
         <name>binit</name>
         <value>0xffffffff</value>
      </symbol>
      <symbol id="sm-7">
         <name>__binit__</name>
         <value>0xffffffff</value>
      </symbol>
      <symbol id="sm-8">
         <name>__STACK_SIZE</name>
         <value>0x400</value>
      </symbol>
      <symbol id="sm-9">
         <name>__STACK_END</name>
         <value>0x20000a34</value>
      </symbol>
      <symbol id="sm-a">
         <name>__c_args__</name>
         <value>0xffffffff</value>
      </symbol>
      <symbol id="sm-106">
         <name>g_pui32Colors</name>
         <value>0x20000610</value>
      </symbol>
      <symbol id="sm-107">
         <name>g_vui8I2CDoneFlag</name>
         <value>0x20000628</value>
      </symbol>
      <symbol id="sm-108">
         <name>g_vui8ErrorFlag</name>
         <value>0x20000624</value>
      </symbol>
      <symbol id="sm-109">
         <name>g_ui32PrintSkipCounter</name>
         <value>0x20000620</value>
      </symbol>
      <symbol id="sm-10a">
         <name>m_counter</name>
         <value>0x20000a4c</value>
         <object_component_ref idref="oc-fb"/>
      </symbol>
      <symbol id="sm-10b">
         <name>MPU9150AppCallback</name>
         <value>0x2135</value>
         <object_component_ref idref="oc-b0"/>
      </symbol>
      <symbol id="sm-10c">
         <name>g_sI2CInst</name>
         <value>0x20000400</value>
         <object_component_ref idref="oc-105"/>
      </symbol>
      <symbol id="sm-10d">
         <name>ConfigureI2C</name>
         <value>0x19b1</value>
         <object_component_ref idref="oc-1ff"/>
      </symbol>
      <symbol id="sm-10e">
         <name>MPU9150AppErrorHandler</name>
         <value>0x1085</value>
         <object_component_ref idref="oc-378"/>
      </symbol>
      <symbol id="sm-10f">
         <name>m_secondsEllapsed</name>
         <value>0x20000a50</value>
         <object_component_ref idref="oc-fb"/>
      </symbol>
      <symbol id="sm-110">
         <name>main</name>
         <value>0x26d</value>
         <object_component_ref idref="oc-125"/>
      </symbol>
      <symbol id="sm-111">
         <name>ConfigureMPU9150Interrupt</name>
         <value>0x1dfd</value>
         <object_component_ref idref="oc-205"/>
      </symbol>
      <symbol id="sm-112">
         <name>ConfigureUART</name>
         <value>0x14e9</value>
         <object_component_ref idref="oc-1ed"/>
      </symbol>
      <symbol id="sm-113">
         <name>InitializeMPU9150</name>
         <value>0xc51</value>
         <object_component_ref idref="oc-217"/>
      </symbol>
      <symbol id="sm-114">
         <name>g_sMPU9150Inst</name>
         <value>0x200005a4</value>
         <object_component_ref idref="oc-ad"/>
      </symbol>
      <symbol id="sm-115">
         <name>MPU9150AppI2CWait</name>
         <value>0x1fb5</value>
         <object_component_ref idref="oc-30e"/>
      </symbol>
      <symbol id="sm-116">
         <name>IntGPIOb</name>
         <value>0x1f51</value>
         <object_component_ref idref="oc-41"/>
      </symbol>
      <symbol id="sm-117">
         <name>HibernateHandler</name>
         <value>0x2089</value>
         <object_component_ref idref="oc-4d"/>
      </symbol>
      <symbol id="sm-118">
         <name>MPU9150I2CIntHandler</name>
         <value>0x2221</value>
         <object_component_ref idref="oc-53"/>
      </symbol>
      <symbol id="sm-119">
         <name>SetUpPeripheralsInterrupts</name>
         <value>0x15cd</value>
         <object_component_ref idref="oc-20b"/>
      </symbol>
      <symbol id="sm-11a">
         <name>EnableLED</name>
         <value>0x2061</value>
         <object_component_ref idref="oc-1f3"/>
      </symbol>
      <symbol id="sm-150">
         <name>ResetISR</name>
         <value>0x2271</value>
         <object_component_ref idref="oc-29"/>
      </symbol>
      <symbol id="sm-151">
         <name>g_pfnVectors</name>
         <value>0x0</value>
         <object_component_ref idref="oc-e"/>
      </symbol>
      <symbol id="sm-239">
         <name>UARTFlushRx</name>
         <value>0x1fe1</value>
         <object_component_ref idref="oc-34d"/>
      </symbol>
      <symbol id="sm-23a">
         <name>UARTFlushTx</name>
         <value>0x1e39</value>
         <object_component_ref idref="oc-353"/>
      </symbol>
      <symbol id="sm-23b">
         <name>UARTStdioConfig</name>
         <value>0xde9</value>
         <object_component_ref idref="oc-2d8"/>
      </symbol>
      <symbol id="sm-23c">
         <name>UARTStdioIntHandler</name>
         <value>0x7d1</value>
         <object_component_ref idref="oc-47"/>
      </symbol>
      <symbol id="sm-23d">
         <name>UARTwrite</name>
         <value>0xe99</value>
         <object_component_ref idref="oc-c8"/>
      </symbol>
      <symbol id="sm-23e">
         <name>UARTprintf</name>
         <value>0x20d1</value>
         <object_component_ref idref="oc-1f9"/>
      </symbol>
      <symbol id="sm-23f">
         <name>UARTvprintf</name>
         <value>0x465</value>
         <object_component_ref idref="oc-2e0"/>
      </symbol>
      <symbol id="sm-26a">
         <name>RGBDisable</name>
         <value>0x16a9</value>
         <object_component_ref idref="oc-109"/>
      </symbol>
      <symbol id="sm-26b">
         <name>RGBBlinkIntHandler</name>
         <value>0x1ead</value>
         <object_component_ref idref="oc-59"/>
      </symbol>
      <symbol id="sm-26c">
         <name>RGBEnable</name>
         <value>0xd29</value>
         <object_component_ref idref="oc-10f"/>
      </symbol>
      <symbol id="sm-27c">
         <name>_c_int00</name>
         <value>0x1be1</value>
         <object_component_ref idref="oc-11"/>
      </symbol>
      <symbol id="sm-27d">
         <name>__stack</name>
         <value>0x20000634</value>
         <object_component_ref idref="oc-28"/>
      </symbol>
      <symbol id="sm-294">
         <name>__TI_decompress_none</name>
         <value>0x21ed</value>
         <object_component_ref idref="oc-16"/>
      </symbol>
      <symbol id="sm-2b8">
         <name>__TI_decompress_rle24</name>
         <value>0x227d</value>
         <object_component_ref idref="oc-22"/>
      </symbol>
      <symbol id="sm-2d1">
         <name>__TI_zero_init</name>
         <value>0x219f</value>
         <object_component_ref idref="oc-1c"/>
      </symbol>
      <symbol id="sm-2f0">
         <name>C$$EXIT</name>
         <value>0x1cf9</value>
         <object_component_ref idref="oc-6d"/>
      </symbol>
      <symbol id="sm-2f1">
         <name>abort</name>
         <value>0x1cfd</value>
         <object_component_ref idref="oc-6d"/>
      </symbol>
      <symbol id="sm-2f2">
         <name>exit</name>
         <value>0x1d05</value>
         <object_component_ref idref="oc-6d"/>
      </symbol>
      <symbol id="sm-2f3">
         <name>__TI_dtors_ptr</name>
         <value>0x20000a60</value>
         <object_component_ref idref="oc-130"/>
      </symbol>
      <symbol id="sm-2f4">
         <name>__TI_cleanup_ptr</name>
         <value>0x20000a5c</value>
         <object_component_ref idref="oc-130"/>
      </symbol>
      <symbol id="sm-310">
         <name>memcpy</name>
         <value>0x1121</value>
         <object_component_ref idref="oc-77"/>
      </symbol>
      <symbol id="sm-311">
         <name>__aeabi_memcpy</name>
         <value>0x1121</value>
         <object_component_ref idref="oc-77"/>
      </symbol>
      <symbol id="sm-312">
         <name>__aeabi_memcpy8</name>
         <value>0x1121</value>
         <object_component_ref idref="oc-77"/>
      </symbol>
      <symbol id="sm-313">
         <name>__aeabi_memcpy4</name>
         <value>0x1121</value>
         <object_component_ref idref="oc-77"/>
      </symbol>
      <symbol id="sm-31b">
         <name>main_func_sp</name>
         <value>0x20000a64</value>
         <object_component_ref idref="oc-73"/>
      </symbol>
      <symbol id="sm-32b">
         <name>__aeabi_uidivmod</name>
         <value>0x1d3d</value>
         <object_component_ref idref="oc-35b"/>
      </symbol>
      <symbol id="sm-32c">
         <name>__aeabi_uidiv</name>
         <value>0x1d3d</value>
         <object_component_ref idref="oc-35b"/>
      </symbol>
      <symbol id="sm-345">
         <name>_nop</name>
         <value>0x2187</value>
         <object_component_ref idref="oc-245"/>
      </symbol>
      <symbol id="sm-346">
         <name>_lock</name>
         <value>0x20000a54</value>
         <object_component_ref idref="oc-12d"/>
      </symbol>
      <symbol id="sm-347">
         <name>_unlock</name>
         <value>0x20000a58</value>
         <object_component_ref idref="oc-12d"/>
      </symbol>
      <symbol id="sm-348">
         <name>_register_lock</name>
         <value>0x217f</value>
         <object_component_ref idref="oc-245"/>
      </symbol>
      <symbol id="sm-349">
         <name>_register_unlock</name>
         <value>0x2179</value>
         <object_component_ref idref="oc-245"/>
      </symbol>
      <symbol id="sm-35d">
         <name>_args_main</name>
         <value>0x214d</value>
         <object_component_ref idref="oc-67"/>
      </symbol>
      <symbol id="sm-37a">
         <name>__TI_auto_init</name>
         <value>0x1255</value>
         <object_component_ref idref="oc-62"/>
      </symbol>
      <symbol id="sm-393">
         <name>copy_in</name>
         <value>0x1cb5</value>
         <object_component_ref idref="oc-11e"/>
      </symbol>
      <symbol id="sm-3bd">
         <name>UARTFlowControlSet</name>
         <value>0x222d</value>
         <object_component_ref idref="oc-2d2"/>
      </symbol>
      <symbol id="sm-3be">
         <name>UARTClockSourceSet</name>
         <value>0x2277</value>
         <object_component_ref idref="oc-2cc"/>
      </symbol>
      <symbol id="sm-3bf">
         <name>UARTCharPut</name>
         <value>0x2243</value>
         <object_component_ref idref="oc-235"/>
      </symbol>
      <symbol id="sm-413">
         <name>IntIsEnabled</name>
         <value>0x1711</value>
         <object_component_ref idref="oc-255"/>
      </symbol>
      <symbol id="sm-414">
         <name>IntEnable</name>
         <value>0x1835</value>
         <object_component_ref idref="oc-267"/>
      </symbol>
      <symbol id="sm-415">
         <name>IntTrigger</name>
         <value>0x2215</value>
         <object_component_ref idref="oc-261"/>
      </symbol>
      <symbol id="sm-416">
         <name>IntDisable</name>
         <value>0x17d5</value>
         <object_component_ref idref="oc-25b"/>
      </symbol>
      <symbol id="sm-456">
         <name>HibernateIntClear</name>
         <value>0x2165</value>
         <object_component_ref idref="oc-e9"/>
      </symbol>
      <symbol id="sm-457">
         <name>HibernateRTCMatchSet</name>
         <value>0x21b1</value>
         <object_component_ref idref="oc-f5"/>
      </symbol>
      <symbol id="sm-458">
         <name>HibernateIntStatus</name>
         <value>0x20ed</value>
         <object_component_ref idref="oc-e3"/>
      </symbol>
      <symbol id="sm-459">
         <name>HibernateRTCGet</name>
         <value>0x2209</value>
         <object_component_ref idref="oc-ef"/>
      </symbol>
      <symbol id="sm-49e">
         <name>GPIOPinTypeI2CSCL</name>
         <value>0x218d</value>
         <object_component_ref idref="oc-2ec"/>
      </symbol>
      <symbol id="sm-49f">
         <name>GPIOIntEnable</name>
         <value>0x21fb</value>
         <object_component_ref idref="oc-2f3"/>
      </symbol>
      <symbol id="sm-4a0">
         <name>GPIOIntClear</name>
         <value>0x2265</value>
         <object_component_ref idref="oc-a1"/>
      </symbol>
      <symbol id="sm-4a1">
         <name>GPIOIntStatus</name>
         <value>0x21d1</value>
         <object_component_ref idref="oc-9b"/>
      </symbol>
      <symbol id="sm-4a2">
         <name>GPIODirModeSet</name>
         <value>0x200d</value>
         <object_component_ref idref="oc-361"/>
      </symbol>
      <symbol id="sm-4a3">
         <name>GPIOPinWrite</name>
         <value>0x226b</value>
         <object_component_ref idref="oc-22f"/>
      </symbol>
      <symbol id="sm-4a4">
         <name>GPIOPadConfigSet</name>
         <value>0x931</value>
         <object_component_ref idref="oc-367"/>
      </symbol>
      <symbol id="sm-545">
         <name>MPU9150DataMagnetoGetFloat</name>
         <value>0xf41</value>
         <object_component_ref idref="oc-229"/>
      </symbol>
      <symbol id="sm-546">
         <name>MPU9150Write</name>
         <value>0xfe5</value>
         <object_component_ref idref="oc-314"/>
      </symbol>
      <symbol id="sm-547">
         <name>MPU9150Init</name>
         <value>0x163d</value>
         <object_component_ref idref="oc-308"/>
      </symbol>
      <symbol id="sm-548">
         <name>MPU9150DataAccelGetFloat</name>
         <value>0x13f9</value>
         <object_component_ref idref="oc-21d"/>
      </symbol>
      <symbol id="sm-549">
         <name>MPU9150DataRead</name>
         <value>0x1895</value>
         <object_component_ref idref="oc-a7"/>
      </symbol>
      <symbol id="sm-54a">
         <name>MPU9150ReadModifyWrite</name>
         <value>0x1a65</value>
         <object_component_ref idref="oc-31a"/>
      </symbol>
      <symbol id="sm-54b">
         <name>MPU9150DataGyroGetFloat</name>
         <value>0x1471</value>
         <object_component_ref idref="oc-223"/>
      </symbol>
      <symbol id="sm-656">
         <name>I2CMWrite8</name>
         <value>0x1a0d</value>
         <object_component_ref idref="oc-381"/>
      </symbol>
      <symbol id="sm-657">
         <name>I2CMCommand</name>
         <value>0x1375</value>
         <object_component_ref idref="oc-155"/>
      </symbol>
      <symbol id="sm-658">
         <name>I2CMInit</name>
         <value>0x1f1d</value>
         <object_component_ref idref="oc-211"/>
      </symbol>
      <symbol id="sm-659">
         <name>I2CMReadModifyWrite8</name>
         <value>0x155d</value>
         <object_component_ref idref="oc-388"/>
      </symbol>
      <symbol id="sm-65a">
         <name>I2CMTransferResume</name>
         <value>0x1f85</value>
         <object_component_ref idref="oc-3b1"/>
      </symbol>
      <symbol id="sm-65b">
         <name>I2CMIntHandler</name>
         <value>0xb5d</value>
         <object_component_ref idref="oc-ff"/>
      </symbol>
      <symbol id="sm-666">
         <name>__aeabi_dmul</name>
         <value>0xa61</value>
         <object_component_ref idref="oc-32b"/>
      </symbol>
      <symbol id="sm-670">
         <name>__aeabi_d2f</name>
         <value>0x1b07</value>
         <object_component_ref idref="oc-330"/>
      </symbol>
      <symbol id="sm-67b">
         <name>__aeabi_f2d</name>
         <value>0x1ee5</value>
         <object_component_ref idref="oc-326"/>
      </symbol>
      <symbol id="sm-6c4">
         <name>I2CMasterDataPut</name>
         <value>0x228b</value>
         <object_component_ref idref="oc-2af"/>
      </symbol>
      <symbol id="sm-6c5">
         <name>I2CMasterInitExpClk</name>
         <value>0x1b99</value>
         <object_component_ref idref="oc-2fb"/>
      </symbol>
      <symbol id="sm-6c6">
         <name>I2CMasterSlaveAddrSet</name>
         <value>0x225d</value>
         <object_component_ref idref="oc-2a7"/>
      </symbol>
      <symbol id="sm-6c7">
         <name>I2CMasterDataGet</name>
         <value>0x2287</value>
         <object_component_ref idref="oc-29d"/>
      </symbol>
      <symbol id="sm-6c8">
         <name>I2CMasterIntEnableEx</name>
         <value>0x2255</value>
         <object_component_ref idref="oc-301"/>
      </symbol>
      <symbol id="sm-6c9">
         <name>I2CMasterControl</name>
         <value>0x2283</value>
         <object_component_ref idref="oc-198"/>
      </symbol>
      <symbol id="sm-6ca">
         <name>I2CMasterEnable</name>
         <value>0x2239</value>
         <object_component_ref idref="oc-36f"/>
      </symbol>
      <symbol id="sm-6cb">
         <name>I2CMasterIntClear</name>
         <value>0x224d</value>
         <object_component_ref idref="oc-192"/>
      </symbol>
      <symbol id="sm-6cc">
         <name>__TI_static_base__</name>
         <value>0x0</value>
      </symbol>
      <symbol id="sm-6cd">
         <name>__TI_args_main</name>
         <value>0x1</value>
      </symbol>
      <symbol id="sm-6ce">
         <name>SHT$$INIT_ARRAY$$Limit</name>
         <value>0x0</value>
      </symbol>
      <symbol id="sm-6cf">
         <name>SHT$$INIT_ARRAY$$Base</name>
         <value>0x0</value>
      </symbol>
   </symbol_table>
   <title>Link successful</title>
</link_info>
