<?xml version="1.0"?>
<link_info>
   <banner>TI ARM Linker PC v5.1.11</banner>
   <copyright>Copyright (c) 1996-2015 Texas Instruments Incorporated</copyright>
   <link_time>0x551d9574</link_time>
   <link_errors>0x0</link_errors>
   <output_file>SensorSampling-Float.out</output_file>
   <entry_point>
      <name>_c_int00</name>
      <address>0x1cb1</address>
   </entry_point>
   <input_file_list>
      <input_file id="fl-2">
         <path>.\</path>
         <kind>object</kind>
         <file>compdcm_mpu9150.obj</file>
         <name>compdcm_mpu9150.obj</name>
      </input_file>
      <input_file id="fl-3">
         <path>.\</path>
         <kind>object</kind>
         <file>startup_ccs.obj</file>
         <name>startup_ccs.obj</name>
      </input_file>
      <input_file id="fl-4">
         <path>.\utils\</path>
         <kind>object</kind>
         <file>uartstdio.obj</file>
         <name>uartstdio.obj</name>
      </input_file>
      <input_file id="fl-5">
         <path>.\drivers\</path>
         <kind>object</kind>
         <file>rgb.obj</file>
         <name>rgb.obj</name>
      </input_file>
      <input_file id="fl-134">
         <path>c:\ti\ccsv6\tools\compiler\arm_5.1.11\lib\</path>
         <kind>archive</kind>
         <file>rtsv7M4_T_le_v4SPD16_eabi.lib</file>
         <name>boot.obj</name>
      </input_file>
      <input_file id="fl-135">
         <path>c:\ti\ccsv6\tools\compiler\arm_5.1.11\lib\</path>
         <kind>archive</kind>
         <file>rtsv7M4_T_le_v4SPD16_eabi.lib</file>
         <name>copy_decompress_none.obj</name>
      </input_file>
      <input_file id="fl-136">
         <path>c:\ti\ccsv6\tools\compiler\arm_5.1.11\lib\</path>
         <kind>archive</kind>
         <file>rtsv7M4_T_le_v4SPD16_eabi.lib</file>
         <name>copy_decompress_rle.obj</name>
      </input_file>
      <input_file id="fl-137">
         <path>c:\ti\ccsv6\tools\compiler\arm_5.1.11\lib\</path>
         <kind>archive</kind>
         <file>rtsv7M4_T_le_v4SPD16_eabi.lib</file>
         <name>copy_zero_init.obj</name>
      </input_file>
      <input_file id="fl-138">
         <path>c:\ti\ccsv6\tools\compiler\arm_5.1.11\lib\</path>
         <kind>archive</kind>
         <file>rtsv7M4_T_le_v4SPD16_eabi.lib</file>
         <name>exit.obj</name>
      </input_file>
      <input_file id="fl-139">
         <path>c:\ti\ccsv6\tools\compiler\arm_5.1.11\lib\</path>
         <kind>archive</kind>
         <file>rtsv7M4_T_le_v4SPD16_eabi.lib</file>
         <name>fs_toull_t2.obj</name>
      </input_file>
      <input_file id="fl-13a">
         <path>c:\ti\ccsv6\tools\compiler\arm_5.1.11\lib\</path>
         <kind>archive</kind>
         <file>rtsv7M4_T_le_v4SPD16_eabi.lib</file>
         <name>memcpy_t2.obj</name>
      </input_file>
      <input_file id="fl-13b">
         <path>c:\ti\ccsv6\tools\compiler\arm_5.1.11\lib\</path>
         <kind>archive</kind>
         <file>rtsv7M4_T_le_v4SPD16_eabi.lib</file>
         <name>stkdepth_vars.obj</name>
      </input_file>
      <input_file id="fl-13c">
         <path>c:\ti\ccsv6\tools\compiler\arm_5.1.11\lib\</path>
         <kind>archive</kind>
         <file>rtsv7M4_T_le_v4SPD16_eabi.lib</file>
         <name>u_divt2.obj</name>
      </input_file>
      <input_file id="fl-13d">
         <path>c:\ti\ccsv6\tools\compiler\arm_5.1.11\lib\</path>
         <kind>archive</kind>
         <file>rtsv7M4_T_le_v4SPD16_eabi.lib</file>
         <name>_lock.obj</name>
      </input_file>
      <input_file id="fl-13e">
         <path>c:\ti\ccsv6\tools\compiler\arm_5.1.11\lib\</path>
         <kind>archive</kind>
         <file>rtsv7M4_T_le_v4SPD16_eabi.lib</file>
         <name>args_main.obj</name>
      </input_file>
      <input_file id="fl-13f">
         <path>c:\ti\ccsv6\tools\compiler\arm_5.1.11\lib\</path>
         <kind>archive</kind>
         <file>rtsv7M4_T_le_v4SPD16_eabi.lib</file>
         <name>auto_init.obj</name>
      </input_file>
      <input_file id="fl-140">
         <path>c:\ti\ccsv6\tools\compiler\arm_5.1.11\lib\</path>
         <kind>archive</kind>
         <file>rtsv7M4_T_le_v4SPD16_eabi.lib</file>
         <name>cpy_tbl.obj</name>
      </input_file>
      <input_file id="fl-141">
         <path>c:\ti\ccsv6\tools\compiler\arm_5.1.11\lib\</path>
         <kind>archive</kind>
         <file>rtsv7M4_T_le_v4SPD16_eabi.lib</file>
         <name>i_div0.obj</name>
      </input_file>
      <input_file id="fl-142">
         <path>C:\ti\TivaWare_C_Series-2.0.1.11577\examples\boards\ek-tm4c123gxl-boostxl-senshub\compdcm_mpu9150\ccs\..\..\..\..\..\driverlib\ccs\Debug\</path>
         <kind>archive</kind>
         <file>driverlib.lib</file>
         <name>uart.obj</name>
      </input_file>
      <input_file id="fl-143">
         <path>C:\ti\TivaWare_C_Series-2.0.1.11577\examples\boards\ek-tm4c123gxl-boostxl-senshub\compdcm_mpu9150\ccs\..\..\..\..\..\driverlib\ccs\Debug\</path>
         <kind>archive</kind>
         <file>driverlib.lib</file>
         <name>sysctl.obj</name>
      </input_file>
      <input_file id="fl-144">
         <path>C:\ti\TivaWare_C_Series-2.0.1.11577\examples\boards\ek-tm4c123gxl-boostxl-senshub\compdcm_mpu9150\ccs\..\..\..\..\..\driverlib\ccs\Debug\</path>
         <kind>archive</kind>
         <file>driverlib.lib</file>
         <name>interrupt.obj</name>
      </input_file>
      <input_file id="fl-145">
         <path>C:\ti\TivaWare_C_Series-2.0.1.11577\examples\boards\ek-tm4c123gxl-boostxl-senshub\compdcm_mpu9150\ccs\..\..\..\..\..\driverlib\ccs\Debug\</path>
         <kind>archive</kind>
         <file>driverlib.lib</file>
         <name>gpio.obj</name>
      </input_file>
      <input_file id="fl-146">
         <path>C:\ti\TivaWare_C_Series-2.0.1.11577\examples\boards\ek-tm4c123gxl-boostxl-senshub\compdcm_mpu9150\ccs\..\..\..\..\..\driverlib\ccs\Debug\</path>
         <kind>archive</kind>
         <file>driverlib.lib</file>
         <name>cpu.obj</name>
      </input_file>
      <input_file id="fl-147">
         <path>C:\ti\TivaWare_C_Series-2.0.1.11577\examples\boards\ek-tm4c123gxl-boostxl-senshub\compdcm_mpu9150\ccs\..\..\..\..\..\sensorlib\ccs\Debug\</path>
         <kind>archive</kind>
         <file>sensorlib.lib</file>
         <name>mpu9150.obj</name>
      </input_file>
      <input_file id="fl-148">
         <path>C:\ti\TivaWare_C_Series-2.0.1.11577\examples\boards\ek-tm4c123gxl-boostxl-senshub\compdcm_mpu9150\ccs\..\..\..\..\..\sensorlib\ccs\Debug\</path>
         <kind>archive</kind>
         <file>sensorlib.lib</file>
         <name>i2cm_drv.obj</name>
      </input_file>
      <input_file id="fl-149">
         <path>C:\ti\TivaWare_C_Series-2.0.1.11577\examples\boards\ek-tm4c123gxl-boostxl-senshub\compdcm_mpu9150\ccs\..\..\..\..\..\sensorlib\ccs\Debug\</path>
         <kind>archive</kind>
         <file>sensorlib.lib</file>
         <name>bmp180.obj</name>
      </input_file>
      <input_file id="fl-14a">
         <path>c:\ti\ccsv6\tools\compiler\arm_5.1.11\lib\</path>
         <kind>archive</kind>
         <file>rtsv7M4_T_le_v4SPD16_eabi.lib</file>
         <name>fd_mul_t2.obj</name>
      </input_file>
      <input_file id="fl-14b">
         <path>c:\ti\ccsv6\tools\compiler\arm_5.1.11\lib\</path>
         <kind>archive</kind>
         <file>rtsv7M4_T_le_v4SPD16_eabi.lib</file>
         <name>fd_tos_t2.obj</name>
      </input_file>
      <input_file id="fl-14c">
         <path>c:\ti\ccsv6\tools\compiler\arm_5.1.11\lib\</path>
         <kind>archive</kind>
         <file>rtsv7M4_T_le_v4SPD16_eabi.lib</file>
         <name>fs_tod_t2.obj</name>
      </input_file>
      <input_file id="fl-14d">
         <path>C:\ti\TivaWare_C_Series-2.0.1.11577\examples\boards\ek-tm4c123gxl-boostxl-senshub\compdcm_mpu9150\ccs\..\..\..\..\..\driverlib\ccs\Debug\</path>
         <kind>archive</kind>
         <file>driverlib.lib</file>
         <name>i2c.obj</name>
      </input_file>
   </input_file_list>
   <object_component_list>
      <object_component id="oc-e">
         <name>.intvecs</name>
         <load_address>0x0</load_address>
         <run_address>0x0</run_address>
         <size>0x26c</size>
         <input_file_ref idref="fl-3"/>
      </object_component>
      <object_component id="oc-3b6">
         <name>.text:UARTvprintf</name>
         <load_address>0x26c</load_address>
         <run_address>0x26c</run_address>
         <size>0x1ea</size>
         <input_file_ref idref="fl-4"/>
      </object_component>
      <object_component id="oc-35">
         <name>.text:FaultISR</name>
         <load_address>0x456</load_address>
         <run_address>0x456</run_address>
         <size>0x2</size>
         <input_file_ref idref="fl-3"/>
      </object_component>
      <object_component id="oc-321">
         <name>.text:BMP180Callback</name>
         <load_address>0x458</load_address>
         <run_address>0x458</run_address>
         <size>0x1dc</size>
         <input_file_ref idref="fl-149"/>
      </object_component>
      <object_component id="oc-10a">
         <name>.text:main</name>
         <load_address>0x634</load_address>
         <run_address>0x634</run_address>
         <size>0x1b0</size>
         <input_file_ref idref="fl-2"/>
      </object_component>
      <object_component id="oc-140">
         <name>.text:MPU9150Callback</name>
         <load_address>0x7e4</load_address>
         <run_address>0x7e4</run_address>
         <size>0x180</size>
         <input_file_ref idref="fl-147"/>
      </object_component>
      <object_component id="oc-47">
         <name>.text:UARTStdioIntHandler</name>
         <load_address>0x964</load_address>
         <run_address>0x964</run_address>
         <size>0x160</size>
         <input_file_ref idref="fl-4"/>
      </object_component>
      <object_component id="oc-35d">
         <name>.text:GPIOPadConfigSet</name>
         <load_address>0xac4</load_address>
         <run_address>0xac4</run_address>
         <size>0x130</size>
         <input_file_ref idref="fl-145"/>
      </object_component>
      <object_component id="oc-e4">
         <name>.text:I2CMIntHandler</name>
         <load_address>0xbf4</load_address>
         <run_address>0xbf4</run_address>
         <size>0xf2</size>
         <input_file_ref idref="fl-148"/>
      </object_component>
      <object_component id="oc-4d">
         <name>.text:HibernateHandler</name>
         <load_address>0xce6</load_address>
         <run_address>0xce6</run_address>
         <size>0x2</size>
         <input_file_ref idref="fl-2"/>
      </object_component>
      <object_component id="oc-1e9">
         <name>.text:InitializeMPU9150</name>
         <load_address>0xce8</load_address>
         <run_address>0xce8</run_address>
         <size>0xd8</size>
         <input_file_ref idref="fl-2"/>
      </object_component>
      <object_component id="oc-f4">
         <name>.text:RGBEnable</name>
         <load_address>0xdc0</load_address>
         <run_address>0xdc0</run_address>
         <size>0xc0</size>
         <input_file_ref idref="fl-5"/>
      </object_component>
      <object_component id="oc-2cf">
         <name>.text:UARTStdioConfig</name>
         <load_address>0xe80</load_address>
         <run_address>0xe80</run_address>
         <size>0xb0</size>
         <input_file_ref idref="fl-4"/>
      </object_component>
      <object_component id="oc-c8">
         <name>.text:UARTwrite</name>
         <load_address>0xf30</load_address>
         <run_address>0xf30</run_address>
         <size>0xa8</size>
         <input_file_ref idref="fl-4"/>
      </object_component>
      <object_component id="oc-2ff">
         <name>.text:MPU9150Write</name>
         <load_address>0xfd8</load_address>
         <run_address>0xfd8</run_address>
         <size>0xa0</size>
         <input_file_ref idref="fl-147"/>
      </object_component>
      <object_component id="oc-77">
         <name>.text</name>
         <load_address>0x1078</load_address>
         <run_address>0x1078</run_address>
         <size>0x9c</size>
         <input_file_ref idref="fl-13a"/>
      </object_component>
      <object_component id="oc-1b2">
         <name>.text:I2CMStateIdle</name>
         <load_address>0x1114</load_address>
         <run_address>0x1114</run_address>
         <size>0x98</size>
         <input_file_ref idref="fl-148"/>
      </object_component>
      <object_component id="oc-62">
         <name>.text</name>
         <load_address>0x11ac</load_address>
         <run_address>0x11ac</run_address>
         <size>0x94</size>
         <input_file_ref idref="fl-13f"/>
      </object_component>
      <object_component id="oc-36e">
         <name>.text:MPU9150AppErrorHandler</name>
         <load_address>0x1240</load_address>
         <run_address>0x1240</run_address>
         <size>0x8c</size>
         <input_file_ref idref="fl-2"/>
      </object_component>
      <object_component id="oc-bc">
         <name>.text:UARTPrimeTransmit</name>
         <load_address>0x12cc</load_address>
         <run_address>0x12cc</run_address>
         <size>0x8c</size>
         <input_file_ref idref="fl-4"/>
      </object_component>
      <object_component id="oc-13a">
         <name>.text:I2CMCommand</name>
         <load_address>0x1358</load_address>
         <run_address>0x1358</run_address>
         <size>0x84</size>
         <input_file_ref idref="fl-148"/>
      </object_component>
      <object_component id="oc-1f5">
         <name>.text:SetMpuSampleRate</name>
         <load_address>0x13dc</load_address>
         <run_address>0x13dc</run_address>
         <size>0x84</size>
         <input_file_ref idref="fl-2"/>
      </object_component>
      <object_component id="oc-1c5">
         <name>.text:ConfigureUART</name>
         <load_address>0x1460</load_address>
         <run_address>0x1460</run_address>
         <size>0x70</size>
         <input_file_ref idref="fl-2"/>
      </object_component>
      <object_component id="oc-37e">
         <name>.text:I2CMReadModifyWrite8</name>
         <load_address>0x14d0</load_address>
         <run_address>0x14d0</run_address>
         <size>0x70</size>
         <input_file_ref idref="fl-148"/>
      </object_component>
      <object_component id="oc-1dd">
         <name>.text:SetUpPeripheralsInterrupts</name>
         <load_address>0x1540</load_address>
         <run_address>0x1540</run_address>
         <size>0x70</size>
         <input_file_ref idref="fl-2"/>
      </object_component>
      <object_component id="oc-2f3">
         <name>.text:MPU9150Init</name>
         <load_address>0x15b0</load_address>
         <run_address>0x15b0</run_address>
         <size>0x6c</size>
         <input_file_ref idref="fl-147"/>
      </object_component>
      <object_component id="oc-ee">
         <name>.text:RGBDisable</name>
         <load_address>0x161c</load_address>
         <run_address>0x161c</run_address>
         <size>0x68</size>
         <input_file_ref idref="fl-5"/>
      </object_component>
      <object_component id="oc-24f">
         <name>.text:IntIsEnabled</name>
         <load_address>0x1684</load_address>
         <run_address>0x1684</run_address>
         <size>0x64</size>
         <input_file_ref idref="fl-144"/>
      </object_component>
      <object_component id="oc-3af">
         <name>.text:I2CMReadModifyWrite8Callback</name>
         <load_address>0x16e8</load_address>
         <run_address>0x16e8</run_address>
         <size>0x60</size>
         <input_file_ref idref="fl-148"/>
      </object_component>
      <object_component id="oc-255">
         <name>.text:IntDisable</name>
         <load_address>0x1748</load_address>
         <run_address>0x1748</run_address>
         <size>0x60</size>
         <input_file_ref idref="fl-144"/>
      </object_component>
      <object_component id="oc-261">
         <name>.text:IntEnable</name>
         <load_address>0x17a8</load_address>
         <run_address>0x17a8</run_address>
         <size>0x60</size>
         <input_file_ref idref="fl-144"/>
      </object_component>
      <object_component id="oc-a7">
         <name>.text:MPU9150DataRead</name>
         <load_address>0x1808</load_address>
         <run_address>0x1808</run_address>
         <size>0x60</size>
         <input_file_ref idref="fl-147"/>
      </object_component>
      <object_component id="oc-1a0">
         <name>.text:I2CMStateWritePause</name>
         <load_address>0x1868</load_address>
         <run_address>0x1868</run_address>
         <size>0x5e</size>
         <input_file_ref idref="fl-148"/>
      </object_component>
      <object_component id="oc-8a">
         <name>.text</name>
         <load_address>0x18c6</load_address>
         <run_address>0x18c6</run_address>
         <size>0x5e</size>
         <input_file_ref idref="fl-136"/>
      </object_component>
      <object_component id="oc-1d1">
         <name>.text:ConfigureI2C</name>
         <load_address>0x1924</load_address>
         <run_address>0x1924</run_address>
         <size>0x5c</size>
         <input_file_ref idref="fl-2"/>
      </object_component>
      <object_component id="oc-31a">
         <name>.text:MPU9150Read</name>
         <load_address>0x1980</load_address>
         <run_address>0x1980</run_address>
         <size>0x5c</size>
         <input_file_ref idref="fl-147"/>
      </object_component>
      <object_component id="oc-1fb">
         <name>.text:BMP180DataRead</name>
         <load_address>0x19dc</load_address>
         <run_address>0x19dc</run_address>
         <size>0x58</size>
         <input_file_ref idref="fl-149"/>
      </object_component>
      <object_component id="oc-30c">
         <name>.text:BMP180Init</name>
         <load_address>0x1a34</load_address>
         <run_address>0x1a34</run_address>
         <size>0x58</size>
         <input_file_ref idref="fl-149"/>
      </object_component>
      <object_component id="oc-377">
         <name>.text:I2CMWrite8</name>
         <load_address>0x1a8c</load_address>
         <run_address>0x1a8c</run_address>
         <size>0x58</size>
         <input_file_ref idref="fl-148"/>
      </object_component>
      <object_component id="oc-305">
         <name>.text:MPU9150ReadModifyWrite</name>
         <load_address>0x1ae4</load_address>
         <run_address>0x1ae4</run_address>
         <size>0x54</size>
         <input_file_ref idref="fl-147"/>
      </object_component>
      <object_component id="oc-1a6">
         <name>.text:I2CMStateWriteFinal</name>
         <load_address>0x1b38</load_address>
         <run_address>0x1b38</run_address>
         <size>0x4e</size>
         <input_file_ref idref="fl-148"/>
      </object_component>
      <object_component id="oc-3b">
         <name>.text:IntDefaultHandler</name>
         <load_address>0x1b86</load_address>
         <run_address>0x1b86</run_address>
         <size>0x2</size>
         <input_file_ref idref="fl-3"/>
      </object_component>
      <object_component id="oc-312">
         <name>.text:BMP180ReadModifyWrite</name>
         <load_address>0x1b88</load_address>
         <run_address>0x1b88</run_address>
         <size>0x4c</size>
         <input_file_ref idref="fl-149"/>
      </object_component>
      <object_component id="oc-1ef">
         <name>.text:InitializeBMP180</name>
         <load_address>0x1bd4</load_address>
         <run_address>0x1bd4</run_address>
         <size>0x4c</size>
         <input_file_ref idref="fl-2"/>
      </object_component>
      <object_component id="oc-18e">
         <name>.text:I2CMStateReadNext</name>
         <load_address>0x1c20</load_address>
         <run_address>0x1c20</run_address>
         <size>0x48</size>
         <input_file_ref idref="fl-148"/>
      </object_component>
      <object_component id="oc-2e6">
         <name>.text:I2CMasterInitExpClk</name>
         <load_address>0x1c68</load_address>
         <run_address>0x1c68</run_address>
         <size>0x48</size>
         <input_file_ref idref="fl-14d"/>
      </object_component>
      <object_component id="oc-11">
         <name>.text</name>
         <load_address>0x1cb0</load_address>
         <run_address>0x1cb0</run_address>
         <size>0x48</size>
         <input_file_ref idref="fl-134"/>
      </object_component>
      <object_component id="oc-1ac">
         <name>.text:I2CMStateWriteNext</name>
         <load_address>0x1cf8</load_address>
         <run_address>0x1cf8</run_address>
         <size>0x46</size>
         <input_file_ref idref="fl-148"/>
      </object_component>
      <object_component id="oc-176">
         <name>.text:I2CMStateCallback</name>
         <load_address>0x1d3e</load_address>
         <run_address>0x1d3e</run_address>
         <size>0x44</size>
         <input_file_ref idref="fl-148"/>
      </object_component>
      <object_component id="oc-2f">
         <name>.text:NmiSR</name>
         <load_address>0x1d82</load_address>
         <run_address>0x1d82</run_address>
         <size>0x2</size>
         <input_file_ref idref="fl-3"/>
      </object_component>
      <object_component id="oc-103">
         <name>.text</name>
         <load_address>0x1d84</load_address>
         <run_address>0x1d84</run_address>
         <size>0x44</size>
         <input_file_ref idref="fl-140"/>
      </object_component>
      <object_component id="oc-6d">
         <name>.text</name>
         <load_address>0x1dc8</load_address>
         <run_address>0x1dc8</run_address>
         <size>0x44</size>
         <input_file_ref idref="fl-138"/>
      </object_component>
      <object_component id="oc-3ca">
         <name>.text</name>
         <load_address>0x1e0c</load_address>
         <run_address>0x1e0c</run_address>
         <size>0x40</size>
         <input_file_ref idref="fl-13c"/>
      </object_component>
      <object_component id="oc-188">
         <name>.text:I2CMStateReadFinal</name>
         <load_address>0x1e4c</load_address>
         <run_address>0x1e4c</run_address>
         <size>0x3e</size>
         <input_file_ref idref="fl-148"/>
      </object_component>
      <object_component id="oc-182">
         <name>.text:I2CMStateReadPause</name>
         <load_address>0x1e8a</load_address>
         <run_address>0x1e8a</run_address>
         <size>0x3e</size>
         <input_file_ref idref="fl-148"/>
      </object_component>
      <object_component id="oc-1d7">
         <name>.text:ConfigureMPU9150Interrupt</name>
         <load_address>0x1ec8</load_address>
         <run_address>0x1ec8</run_address>
         <size>0x3c</size>
         <input_file_ref idref="fl-2"/>
      </object_component>
      <object_component id="oc-34f">
         <name>.text:UARTFlushTx</name>
         <load_address>0x1f04</load_address>
         <run_address>0x1f04</run_address>
         <size>0x3c</size>
         <input_file_ref idref="fl-4"/>
      </object_component>
      <object_component id="oc-3a8">
         <name>.text:I2CMWrite8Callback</name>
         <load_address>0x1f40</load_address>
         <run_address>0x1f40</run_address>
         <size>0x38</size>
         <input_file_ref idref="fl-148"/>
      </object_component>
      <object_component id="oc-59">
         <name>.text:RGBBlinkIntHandler</name>
         <load_address>0x1f78</load_address>
         <run_address>0x1f78</run_address>
         <size>0x38</size>
         <input_file_ref idref="fl-5"/>
      </object_component>
      <object_component id="oc-1e3">
         <name>.text:I2CMInit</name>
         <load_address>0x1fb0</load_address>
         <run_address>0x1fb0</run_address>
         <size>0x34</size>
         <input_file_ref idref="fl-148"/>
      </object_component>
      <object_component id="oc-41">
         <name>.text:IntGPIOb</name>
         <load_address>0x1fe4</load_address>
         <run_address>0x1fe4</run_address>
         <size>0x34</size>
         <input_file_ref idref="fl-2"/>
      </object_component>
      <object_component id="oc-213">
         <name>.text:MPU9150DataAccelGetRaw</name>
         <load_address>0x2018</load_address>
         <run_address>0x2018</run_address>
         <size>0x34</size>
         <input_file_ref idref="fl-147"/>
      </object_component>
      <object_component id="oc-21f">
         <name>.text:MPU9150DataGyroGetRaw</name>
         <load_address>0x204c</load_address>
         <run_address>0x204c</run_address>
         <size>0x34</size>
         <input_file_ref idref="fl-147"/>
      </object_component>
      <object_component id="oc-3c2">
         <name>.text:I2CMTransferResume</name>
         <load_address>0x2080</load_address>
         <run_address>0x2080</run_address>
         <size>0x30</size>
         <input_file_ref idref="fl-148"/>
      </object_component>
      <object_component id="oc-225">
         <name>.text:MPU9150DataMagnetoGetRaw</name>
         <load_address>0x20b0</load_address>
         <run_address>0x20b0</run_address>
         <size>0x30</size>
         <input_file_ref idref="fl-147"/>
      </object_component>
      <object_component id="oc-2f9">
         <name>.text:MPU9150AppI2CWait</name>
         <load_address>0x20e0</load_address>
         <run_address>0x20e0</run_address>
         <size>0x2c</size>
         <input_file_ref idref="fl-2"/>
      </object_component>
      <object_component id="oc-349">
         <name>.text:UARTFlushRx</name>
         <load_address>0x210c</load_address>
         <run_address>0x210c</run_address>
         <size>0x2c</size>
         <input_file_ref idref="fl-4"/>
      </object_component>
      <object_component id="oc-357">
         <name>.text:GPIODirModeSet</name>
         <load_address>0x2138</load_address>
         <run_address>0x2138</run_address>
         <size>0x2a</size>
         <input_file_ref idref="fl-145"/>
      </object_component>
      <object_component id="oc-194">
         <name>.text:I2CMStateReadFirst</name>
         <load_address>0x2162</load_address>
         <run_address>0x2162</run_address>
         <size>0x2a</size>
         <input_file_ref idref="fl-148"/>
      </object_component>
      <object_component id="oc-1cb">
         <name>.text:EnableLED</name>
         <load_address>0x218c</load_address>
         <run_address>0x218c</run_address>
         <size>0x28</size>
         <input_file_ref idref="fl-2"/>
      </object_component>
      <object_component id="oc-19a">
         <name>.text:I2CMStateReadOne</name>
         <load_address>0x21b4</load_address>
         <run_address>0x21b4</run_address>
         <size>0x20</size>
         <input_file_ref idref="fl-148"/>
      </object_component>
      <object_component id="oc-219">
         <name>.text:Divide16BitTo8Bit</name>
         <load_address>0x21d4</load_address>
         <run_address>0x21d4</run_address>
         <size>0x1c</size>
         <input_file_ref idref="fl-2"/>
      </object_component>
      <object_component id="oc-3a0">
         <name>.text:UARTprintf</name>
         <load_address>0x21f0</load_address>
         <run_address>0x21f0</run_address>
         <size>0x1a</size>
         <input_file_ref idref="fl-4"/>
      </object_component>
      <object_component id="oc-201">
         <name>.text:BMP180DataPressureGetRaw</name>
         <load_address>0x220a</load_address>
         <run_address>0x220a</run_address>
         <size>0x18</size>
         <input_file_ref idref="fl-149"/>
      </object_component>
      <object_component id="oc-17c">
         <name>.text:I2CMStateReadWait</name>
         <load_address>0x2222</load_address>
         <run_address>0x2222</run_address>
         <size>0x18</size>
         <input_file_ref idref="fl-148"/>
      </object_component>
      <object_component id="oc-ce">
         <name>.text:IsBufferFull</name>
         <load_address>0x223a</load_address>
         <run_address>0x223a</run_address>
         <size>0x18</size>
         <input_file_ref idref="fl-4"/>
      </object_component>
      <object_component id="oc-3d1">
         <name>.text</name>
         <load_address>0x2252</load_address>
         <run_address>0x2252</run_address>
         <size>0x2</size>
         <input_file_ref idref="fl-141"/>
      </object_component>
      <object_component id="oc-ad">
         <name>.text:MPU9150AppCallback</name>
         <load_address>0x2254</load_address>
         <run_address>0x2254</run_address>
         <size>0x18</size>
         <input_file_ref idref="fl-2"/>
      </object_component>
      <object_component id="oc-67">
         <name>.text</name>
         <load_address>0x226c</load_address>
         <run_address>0x226c</run_address>
         <size>0x18</size>
         <input_file_ref idref="fl-13e"/>
      </object_component>
      <object_component id="oc-23f">
         <name>.text</name>
         <load_address>0x2284</load_address>
         <run_address>0x2284</run_address>
         <size>0x14</size>
         <input_file_ref idref="fl-13d"/>
      </object_component>
      <object_component id="oc-2d7">
         <name>.text:GPIOPinTypeI2CSCL</name>
         <load_address>0x2298</load_address>
         <run_address>0x2298</run_address>
         <size>0x12</size>
         <input_file_ref idref="fl-145"/>
      </object_component>
      <object_component id="oc-1c">
         <name>.text:decompress:ZI</name>
         <load_address>0x22aa</load_address>
         <run_address>0x22aa</run_address>
         <size>0x12</size>
         <input_file_ref idref="fl-137"/>
      </object_component>
      <object_component id="oc-22e">
         <name>.text:BMP180AppCallback</name>
         <load_address>0x22bc</load_address>
         <run_address>0x22bc</run_address>
         <size>0x10</size>
         <input_file_ref idref="fl-2"/>
      </object_component>
      <object_component id="oc-9b">
         <name>.text:GPIOIntStatus</name>
         <load_address>0x22cc</load_address>
         <run_address>0x22cc</run_address>
         <size>0xe</size>
         <input_file_ref idref="fl-145"/>
      </object_component>
      <object_component id="oc-c2">
         <name>.text:IsBufferEmpty</name>
         <load_address>0x22da</load_address>
         <run_address>0x22da</run_address>
         <size>0xe</size>
         <input_file_ref idref="fl-4"/>
      </object_component>
      <object_component id="oc-16">
         <name>.text:decompress:none</name>
         <load_address>0x22e8</load_address>
         <run_address>0x22e8</run_address>
         <size>0xe</size>
         <input_file_ref idref="fl-135"/>
      </object_component>
      <object_component id="oc-2de">
         <name>.text:GPIOIntEnable</name>
         <load_address>0x22f6</load_address>
         <run_address>0x22f6</run_address>
         <size>0xc</size>
         <input_file_ref idref="fl-145"/>
      </object_component>
      <object_component id="oc-25b">
         <name>.text:IntTrigger</name>
         <load_address>0x2304</load_address>
         <run_address>0x2304</run_address>
         <size>0xc</size>
         <input_file_ref idref="fl-144"/>
      </object_component>
      <object_component id="oc-53">
         <name>.text:MPU9150I2CIntHandler</name>
         <load_address>0x2310</load_address>
         <run_address>0x2310</run_address>
         <size>0xc</size>
         <input_file_ref idref="fl-2"/>
      </object_component>
      <object_component id="oc-2c9">
         <name>.text:UARTFlowControlSet</name>
         <load_address>0x231c</load_address>
         <run_address>0x231c</run_address>
         <size>0xc</size>
         <input_file_ref idref="fl-142"/>
      </object_component>
      <object_component id="oc-365">
         <name>.text:I2CMasterEnable</name>
         <load_address>0x2328</load_address>
         <run_address>0x2328</run_address>
         <size>0xa</size>
         <input_file_ref idref="fl-14d"/>
      </object_component>
      <object_component id="oc-20d">
         <name>.text:UARTCharPut</name>
         <load_address>0x2332</load_address>
         <run_address>0x2332</run_address>
         <size>0xa</size>
         <input_file_ref idref="fl-142"/>
      </object_component>
      <object_component id="oc-16a">
         <name>.text:I2CMasterIntClear</name>
         <load_address>0x233c</load_address>
         <run_address>0x233c</run_address>
         <size>0x8</size>
         <input_file_ref idref="fl-14d"/>
      </object_component>
      <object_component id="oc-2ec">
         <name>.text:I2CMasterIntEnableEx</name>
         <load_address>0x2344</load_address>
         <run_address>0x2344</run_address>
         <size>0x8</size>
         <input_file_ref idref="fl-14d"/>
      </object_component>
      <object_component id="oc-29e">
         <name>.text:I2CMasterSlaveAddrSet</name>
         <load_address>0x234c</load_address>
         <run_address>0x234c</run_address>
         <size>0x8</size>
         <input_file_ref idref="fl-14d"/>
      </object_component>
      <object_component id="oc-a1">
         <name>.text:GPIOIntClear</name>
         <load_address>0x2354</load_address>
         <run_address>0x2354</run_address>
         <size>0x6</size>
         <input_file_ref idref="fl-145"/>
      </object_component>
      <object_component id="oc-207">
         <name>.text:GPIOPinWrite</name>
         <load_address>0x235a</load_address>
         <run_address>0x235a</run_address>
         <size>0x6</size>
         <input_file_ref idref="fl-145"/>
      </object_component>
      <object_component id="oc-29">
         <name>.text:ResetISR</name>
         <load_address>0x2360</load_address>
         <run_address>0x2360</run_address>
         <size>0x6</size>
         <input_file_ref idref="fl-3"/>
      </object_component>
      <object_component id="oc-2c3">
         <name>.text:UARTClockSourceSet</name>
         <load_address>0x2366</load_address>
         <run_address>0x2366</run_address>
         <size>0x6</size>
         <input_file_ref idref="fl-142"/>
      </object_component>
      <object_component id="oc-22">
         <name>.text:decompress:rle24</name>
         <load_address>0x236c</load_address>
         <run_address>0x236c</run_address>
         <size>0x6</size>
         <input_file_ref idref="fl-136"/>
      </object_component>
      <object_component id="oc-170">
         <name>.text:I2CMasterControl</name>
         <load_address>0x2372</load_address>
         <run_address>0x2372</run_address>
         <size>0x4</size>
         <input_file_ref idref="fl-14d"/>
      </object_component>
      <object_component id="oc-294">
         <name>.text:I2CMasterDataGet</name>
         <load_address>0x2376</load_address>
         <run_address>0x2376</run_address>
         <size>0x4</size>
         <input_file_ref idref="fl-14d"/>
      </object_component>
      <object_component id="oc-2a6">
         <name>.text:I2CMasterDataPut</name>
         <load_address>0x237a</load_address>
         <run_address>0x237a</run_address>
         <size>0x4</size>
         <input_file_ref idref="fl-14d"/>
      </object_component>
      <object_component id="oc-33a">
         <name>.const</name>
         <load_address>0x2380</load_address>
         <run_address>0x2380</run_address>
         <size>0x70</size>
         <input_file_ref idref="fl-144"/>
      </object_component>
      <object_component id="oc-15a">
         <name>.const</name>
         <load_address>0x23f0</load_address>
         <run_address>0x23f0</run_address>
         <size>0x28</size>
         <input_file_ref idref="fl-4"/>
      </object_component>
      <object_component id="oc-28b">
         <name>.const:.string</name>
         <load_address>0x2418</load_address>
         <run_address>0x2418</run_address>
         <size>0x12</size>
         <input_file_ref idref="fl-4"/>
      </object_component>
      <object_component id="oc-3f7">
         <name>.cinit..data.load</name>
         <load_address>0x2430</load_address>
         <run_address>0x2430</run_address>
         <size>0x12</size>
      </object_component>
      <object_component id="oc-3f5">
         <name>__TI_handler_table</name>
         <load_address>0x2444</load_address>
         <run_address>0x2444</run_address>
         <size>0xc</size>
      </object_component>
      <object_component id="oc-3f8">
         <name>.cinit..bss.load</name>
         <load_address>0x2450</load_address>
         <run_address>0x2450</run_address>
         <size>0x8</size>
      </object_component>
      <object_component id="oc-3f6">
         <name>__TI_cinit_table</name>
         <load_address>0x2458</load_address>
         <run_address>0x2458</run_address>
         <size>0x10</size>
      </object_component>
      <object_component id="oc-73">
         <name>.data</name>
         <load_address>0x20000a98</load_address>
         <run_address>0x20000a98</run_address>
         <size>0x4</size>
         <input_file_ref idref="fl-13b"/>
      </object_component>
      <object_component id="oc-d4">
         <name>.data</name>
         <load_address>0x20000a70</load_address>
         <run_address>0x20000a70</run_address>
         <size>0x15</size>
         <input_file_ref idref="fl-4"/>
      </object_component>
      <object_component id="oc-112">
         <name>.data</name>
         <load_address>0x20000a88</load_address>
         <run_address>0x20000a88</run_address>
         <size>0x8</size>
         <input_file_ref idref="fl-13d"/>
      </object_component>
      <object_component id="oc-115">
         <name>.data</name>
         <load_address>0x20000a90</load_address>
         <run_address>0x20000a90</run_address>
         <size>0x8</size>
         <input_file_ref idref="fl-138"/>
      </object_component>
      <object_component id="oc-b3">
         <name>.bss:g_sMPU9150Inst</name>
         <uninitialized>true</uninitialized>
         <run_address>0x200005a4</run_address>
         <size>0x6c</size>
         <input_file_ref idref="fl-2"/>
      </object_component>
      <object_component id="oc-da">
         <name>.bss:g_pcUARTRxBuffer</name>
         <uninitialized>true</uninitialized>
         <run_address>0x20000524</run_address>
         <size>0x80</size>
         <input_file_ref idref="fl-4"/>
      </object_component>
      <object_component id="oc-ea">
         <name>.bss:g_sI2CInst</name>
         <uninitialized>true</uninitialized>
         <run_address>0x20000400</run_address>
         <size>0x124</size>
         <input_file_ref idref="fl-2"/>
      </object_component>
      <object_component id="oc-15d">
         <name>.bss:g_pcUARTTxBuffer</name>
         <uninitialized>true</uninitialized>
         <run_address>0x20000000</run_address>
         <size>0x400</size>
         <input_file_ref idref="fl-4"/>
      </object_component>
      <object_component id="oc-22b">
         <name>.bss:g_sBMP180Inst</name>
         <uninitialized>true</uninitialized>
         <run_address>0x20000610</run_address>
         <size>0x44</size>
         <input_file_ref idref="fl-2"/>
      </object_component>
      <object_component id="oc-375">
         <name>.common:g_vui8I2CDoneFlag</name>
         <uninitialized>true</uninitialized>
         <run_address>0x20000660</run_address>
         <size>0x4</size>
      </object_component>
      <object_component id="oc-3a6">
         <name>.common:g_vui8ErrorFlag</name>
         <uninitialized>true</uninitialized>
         <run_address>0x2000065c</run_address>
         <size>0x4</size>
      </object_component>
      <object_component id="oc-333">
         <name>.common:g_vui8DataFlag</name>
         <uninitialized>true</uninitialized>
         <run_address>0x20000658</run_address>
         <size>0x4</size>
      </object_component>
      <object_component id="oc-234">
         <name>.common:m_pressureValue</name>
         <uninitialized>true</uninitialized>
         <run_address>0x20000664</run_address>
         <size>0x4</size>
      </object_component>
      <object_component id="oc-d7">
         <name>.common:g_bDisableEcho</name>
         <uninitialized>true</uninitialized>
         <run_address>0x2000066c</run_address>
         <size>0x1</size>
      </object_component>
      <object_component id="oc-355">
         <name>.common:g_ui32PortNum</name>
         <uninitialized>true</uninitialized>
         <run_address>0x20000654</run_address>
         <size>0x4</size>
      </object_component>
      <object_component id="oc-fa">
         <name>.common:ulFlags$1</name>
         <uninitialized>true</uninitialized>
         <run_address>0x20000668</run_address>
         <size>0x4</size>
      </object_component>
      <object_component id="oc-28">
         <name>.stack</name>
         <uninitialized>true</uninitialized>
         <run_address>0x20000670</run_address>
         <size>0x0</size>
         <input_file_ref idref="fl-134"/>
      </object_component>
      <object_component id="oc-3f9">
         <name>.stack</name>
         <uninitialized>true</uninitialized>
         <run_address>0x20000670</run_address>
         <size>0x0</size>
      </object_component>
      <object_component id="oc-f">
         <name>.debug_info</name>
         <load_address>0x0</load_address>
         <run_address>0x0</run_address>
         <size>0xeb</size>
         <input_file_ref idref="fl-3"/>
      </object_component>
      <object_component id="oc-12">
         <name>.debug_info</name>
         <load_address>0xeb</load_address>
         <run_address>0xeb</run_address>
         <size>0xf2</size>
         <input_file_ref idref="fl-134"/>
      </object_component>
      <object_component id="oc-17">
         <name>.debug_info</name>
         <load_address>0x1dd</load_address>
         <run_address>0x1dd</run_address>
         <size>0x180</size>
         <input_file_ref idref="fl-135"/>
      </object_component>
      <object_component id="oc-1d">
         <name>.debug_info</name>
         <load_address>0x35d</load_address>
         <run_address>0x35d</run_address>
         <size>0x16b</size>
         <input_file_ref idref="fl-137"/>
      </object_component>
      <object_component id="oc-26">
         <name>.debug_info</name>
         <load_address>0x4c8</load_address>
         <run_address>0x4c8</run_address>
         <size>0x167</size>
         <input_file_ref idref="fl-136"/>
      </object_component>
      <object_component id="oc-2a">
         <name>.debug_info</name>
         <load_address>0x62f</load_address>
         <run_address>0x62f</run_address>
         <size>0x11b</size>
         <input_file_ref idref="fl-3"/>
      </object_component>
      <object_component id="oc-30">
         <name>.debug_info</name>
         <load_address>0x74a</load_address>
         <run_address>0x74a</run_address>
         <size>0x10c</size>
         <input_file_ref idref="fl-3"/>
      </object_component>
      <object_component id="oc-36">
         <name>.debug_info</name>
         <load_address>0x856</load_address>
         <run_address>0x856</run_address>
         <size>0x112</size>
         <input_file_ref idref="fl-3"/>
      </object_component>
      <object_component id="oc-3c">
         <name>.debug_info</name>
         <load_address>0x968</load_address>
         <run_address>0x968</run_address>
         <size>0x124</size>
         <input_file_ref idref="fl-3"/>
      </object_component>
      <object_component id="oc-42">
         <name>.debug_info</name>
         <load_address>0xa8c</load_address>
         <run_address>0xa8c</run_address>
         <size>0x17d</size>
         <input_file_ref idref="fl-2"/>
      </object_component>
      <object_component id="oc-48">
         <name>.debug_info</name>
         <load_address>0xc09</load_address>
         <run_address>0xc09</run_address>
         <size>0x2cf</size>
         <input_file_ref idref="fl-4"/>
      </object_component>
      <object_component id="oc-4e">
         <name>.debug_info</name>
         <load_address>0xed8</load_address>
         <run_address>0xed8</run_address>
         <size>0x137</size>
         <input_file_ref idref="fl-2"/>
      </object_component>
      <object_component id="oc-54">
         <name>.debug_info</name>
         <load_address>0x100f</load_address>
         <run_address>0x100f</run_address>
         <size>0x14f</size>
         <input_file_ref idref="fl-2"/>
      </object_component>
      <object_component id="oc-5a">
         <name>.debug_info</name>
         <load_address>0x115e</load_address>
         <run_address>0x115e</run_address>
         <size>0x267</size>
         <input_file_ref idref="fl-5"/>
      </object_component>
      <object_component id="oc-61">
         <name>.debug_info</name>
         <load_address>0x13c5</load_address>
         <run_address>0x13c5</run_address>
         <size>0x1d0</size>
         <input_file_ref idref="fl-3"/>
      </object_component>
      <object_component id="oc-64">
         <name>.debug_info</name>
         <load_address>0x1595</load_address>
         <run_address>0x1595</run_address>
         <size>0x13a</size>
         <input_file_ref idref="fl-13f"/>
      </object_component>
      <object_component id="oc-68">
         <name>.debug_info</name>
         <load_address>0x16cf</load_address>
         <run_address>0x16cf</run_address>
         <size>0x11d</size>
         <input_file_ref idref="fl-13e"/>
      </object_component>
      <object_component id="oc-6e">
         <name>.debug_info</name>
         <load_address>0x17ec</load_address>
         <run_address>0x17ec</run_address>
         <size>0x1ae</size>
         <input_file_ref idref="fl-138"/>
      </object_component>
      <object_component id="oc-74">
         <name>.debug_info</name>
         <load_address>0x199a</load_address>
         <run_address>0x199a</run_address>
         <size>0xbf</size>
         <input_file_ref idref="fl-13b"/>
      </object_component>
      <object_component id="oc-78">
         <name>.debug_info</name>
         <load_address>0x1a59</load_address>
         <run_address>0x1a59</run_address>
         <size>0xcb</size>
         <input_file_ref idref="fl-13a"/>
      </object_component>
      <object_component id="oc-7d">
         <name>.debug_info</name>
         <load_address>0x1b24</load_address>
         <run_address>0x1b24</run_address>
         <size>0x46</size>
         <input_file_ref idref="fl-135"/>
      </object_component>
      <object_component id="oc-82">
         <name>.debug_info</name>
         <load_address>0x1b6a</load_address>
         <run_address>0x1b6a</run_address>
         <size>0xee</size>
         <input_file_ref idref="fl-135"/>
      </object_component>
      <object_component id="oc-84">
         <name>.debug_info</name>
         <load_address>0x1c58</load_address>
         <run_address>0x1c58</run_address>
         <size>0x46</size>
         <input_file_ref idref="fl-137"/>
      </object_component>
      <object_component id="oc-89">
         <name>.debug_info</name>
         <load_address>0x1c9e</load_address>
         <run_address>0x1c9e</run_address>
         <size>0xae</size>
         <input_file_ref idref="fl-137"/>
      </object_component>
      <object_component id="oc-8e">
         <name>.debug_info</name>
         <load_address>0x1d4c</load_address>
         <run_address>0x1d4c</run_address>
         <size>0x1f0</size>
         <input_file_ref idref="fl-136"/>
      </object_component>
      <object_component id="oc-91">
         <name>.debug_info</name>
         <load_address>0x1f3c</load_address>
         <run_address>0x1f3c</run_address>
         <size>0xb8</size>
         <input_file_ref idref="fl-136"/>
      </object_component>
      <object_component id="oc-92">
         <name>.debug_info</name>
         <load_address>0x1ff4</load_address>
         <run_address>0x1ff4</run_address>
         <size>0x39</size>
         <input_file_ref idref="fl-136"/>
      </object_component>
      <object_component id="oc-9c">
         <name>.debug_info</name>
         <load_address>0x202d</load_address>
         <run_address>0x202d</run_address>
         <size>0x1e3</size>
         <input_file_ref idref="fl-145"/>
      </object_component>
      <object_component id="oc-a2">
         <name>.debug_info</name>
         <load_address>0x2210</load_address>
         <run_address>0x2210</run_address>
         <size>0x1f1</size>
         <input_file_ref idref="fl-145"/>
      </object_component>
      <object_component id="oc-a9">
         <name>.debug_info</name>
         <load_address>0x2401</load_address>
         <run_address>0x2401</run_address>
         <size>0x254</size>
         <input_file_ref idref="fl-147"/>
      </object_component>
      <object_component id="oc-ae">
         <name>.debug_info</name>
         <load_address>0x2655</load_address>
         <run_address>0x2655</run_address>
         <size>0x196</size>
         <input_file_ref idref="fl-2"/>
      </object_component>
      <object_component id="oc-b4">
         <name>.debug_info</name>
         <load_address>0x27eb</load_address>
         <run_address>0x27eb</run_address>
         <size>0xf3</size>
         <input_file_ref idref="fl-2"/>
      </object_component>
      <object_component id="oc-b7">
         <name>.debug_info</name>
         <load_address>0x28de</load_address>
         <run_address>0x28de</run_address>
         <size>0x8b</size>
         <input_file_ref idref="fl-2"/>
      </object_component>
      <object_component id="oc-bd">
         <name>.debug_info</name>
         <load_address>0x2969</load_address>
         <run_address>0x2969</run_address>
         <size>0x1fb</size>
         <input_file_ref idref="fl-4"/>
      </object_component>
      <object_component id="oc-c3">
         <name>.debug_info</name>
         <load_address>0x2b64</load_address>
         <run_address>0x2b64</run_address>
         <size>0x23b</size>
         <input_file_ref idref="fl-4"/>
      </object_component>
      <object_component id="oc-c9">
         <name>.debug_info</name>
         <load_address>0x2d9f</load_address>
         <run_address>0x2d9f</run_address>
         <size>0x23e</size>
         <input_file_ref idref="fl-4"/>
      </object_component>
      <object_component id="oc-cf">
         <name>.debug_info</name>
         <load_address>0x2fdd</load_address>
         <run_address>0x2fdd</run_address>
         <size>0x26b</size>
         <input_file_ref idref="fl-4"/>
      </object_component>
      <object_component id="oc-d5">
         <name>.debug_info</name>
         <load_address>0x3248</load_address>
         <run_address>0x3248</run_address>
         <size>0x1f7</size>
         <input_file_ref idref="fl-4"/>
      </object_component>
      <object_component id="oc-d8">
         <name>.debug_info</name>
         <load_address>0x343f</load_address>
         <run_address>0x343f</run_address>
         <size>0x1b2</size>
         <input_file_ref idref="fl-4"/>
      </object_component>
      <object_component id="oc-db">
         <name>.debug_info</name>
         <load_address>0x35f1</load_address>
         <run_address>0x35f1</run_address>
         <size>0x117</size>
         <input_file_ref idref="fl-4"/>
      </object_component>
      <object_component id="oc-de">
         <name>.debug_info</name>
         <load_address>0x3708</load_address>
         <run_address>0x3708</run_address>
         <size>0x18b</size>
         <input_file_ref idref="fl-2"/>
      </object_component>
      <object_component id="oc-e5">
         <name>.debug_info</name>
         <load_address>0x3893</load_address>
         <run_address>0x3893</run_address>
         <size>0x418</size>
         <input_file_ref idref="fl-148"/>
      </object_component>
      <object_component id="oc-eb">
         <name>.debug_info</name>
         <load_address>0x3cab</load_address>
         <run_address>0x3cab</run_address>
         <size>0xeb</size>
         <input_file_ref idref="fl-2"/>
      </object_component>
      <object_component id="oc-ef">
         <name>.debug_info</name>
         <load_address>0x3d96</load_address>
         <run_address>0x3d96</run_address>
         <size>0x236</size>
         <input_file_ref idref="fl-5"/>
      </object_component>
      <object_component id="oc-f5">
         <name>.debug_info</name>
         <load_address>0x3fcc</load_address>
         <run_address>0x3fcc</run_address>
         <size>0x25e</size>
         <input_file_ref idref="fl-5"/>
      </object_component>
      <object_component id="oc-fc">
         <name>.debug_info</name>
         <load_address>0x422a</load_address>
         <run_address>0x422a</run_address>
         <size>0x84</size>
         <input_file_ref idref="fl-3"/>
      </object_component>
      <object_component id="oc-104">
         <name>.debug_info</name>
         <load_address>0x42ae</load_address>
         <run_address>0x42ae</run_address>
         <size>0x14c</size>
         <input_file_ref idref="fl-140"/>
      </object_component>
      <object_component id="oc-10b">
         <name>.debug_info</name>
         <load_address>0x43fa</load_address>
         <run_address>0x43fa</run_address>
         <size>0x3ff</size>
         <input_file_ref idref="fl-2"/>
      </object_component>
      <object_component id="oc-111">
         <name>.debug_info</name>
         <load_address>0x47f9</load_address>
         <run_address>0x47f9</run_address>
         <size>0x11c</size>
         <input_file_ref idref="fl-13e"/>
      </object_component>
      <object_component id="oc-113">
         <name>.debug_info</name>
         <load_address>0x4915</load_address>
         <run_address>0x4915</run_address>
         <size>0xc9</size>
         <input_file_ref idref="fl-13d"/>
      </object_component>
      <object_component id="oc-116">
         <name>.debug_info</name>
         <load_address>0x49de</load_address>
         <run_address>0x49de</run_address>
         <size>0xec</size>
         <input_file_ref idref="fl-138"/>
      </object_component>
      <object_component id="oc-11c">
         <name>.debug_info</name>
         <load_address>0x4aca</load_address>
         <run_address>0x4aca</run_address>
         <size>0x2c</size>
         <input_file_ref idref="fl-135"/>
      </object_component>
      <object_component id="oc-123">
         <name>.debug_info</name>
         <load_address>0x4af6</load_address>
         <run_address>0x4af6</run_address>
         <size>0x2c</size>
         <input_file_ref idref="fl-137"/>
      </object_component>
      <object_component id="oc-12e">
         <name>.debug_info</name>
         <load_address>0x4b22</load_address>
         <run_address>0x4b22</run_address>
         <size>0x18b</size>
         <input_file_ref idref="fl-142"/>
      </object_component>
      <object_component id="oc-133">
         <name>.debug_info</name>
         <load_address>0x4cad</load_address>
         <run_address>0x4cad</run_address>
         <size>0x90</size>
         <input_file_ref idref="fl-142"/>
      </object_component>
      <object_component id="oc-138">
         <name>.debug_info</name>
         <load_address>0x4d3d</load_address>
         <run_address>0x4d3d</run_address>
         <size>0x1d7</size>
         <input_file_ref idref="fl-145"/>
      </object_component>
      <object_component id="oc-13b">
         <name>.debug_info</name>
         <load_address>0x4f14</load_address>
         <run_address>0x4f14</run_address>
         <size>0x3e8</size>
         <input_file_ref idref="fl-148"/>
      </object_component>
      <object_component id="oc-141">
         <name>.debug_info</name>
         <load_address>0x52fc</load_address>
         <run_address>0x52fc</run_address>
         <size>0x224</size>
         <input_file_ref idref="fl-147"/>
      </object_component>
      <object_component id="oc-147">
         <name>.debug_info</name>
         <load_address>0x5520</load_address>
         <run_address>0x5520</run_address>
         <size>0x18b</size>
         <input_file_ref idref="fl-147"/>
      </object_component>
      <object_component id="oc-14c">
         <name>.debug_info</name>
         <load_address>0x56ab</load_address>
         <run_address>0x56ab</run_address>
         <size>0x348</size>
         <input_file_ref idref="fl-147"/>
      </object_component>
      <object_component id="oc-14e">
         <name>.debug_info</name>
         <load_address>0x59f3</load_address>
         <run_address>0x59f3</run_address>
         <size>0x966</size>
         <input_file_ref idref="fl-2"/>
      </object_component>
      <object_component id="oc-154">
         <name>.debug_info</name>
         <load_address>0x6359</load_address>
         <run_address>0x6359</run_address>
         <size>0x16c</size>
         <input_file_ref idref="fl-2"/>
      </object_component>
      <object_component id="oc-15b">
         <name>.debug_info</name>
         <load_address>0x64c5</load_address>
         <run_address>0x64c5</run_address>
         <size>0x18b</size>
         <input_file_ref idref="fl-4"/>
      </object_component>
      <object_component id="oc-15e">
         <name>.debug_info</name>
         <load_address>0x6650</load_address>
         <run_address>0x6650</run_address>
         <size>0x117</size>
         <input_file_ref idref="fl-4"/>
      </object_component>
      <object_component id="oc-16b">
         <name>.debug_info</name>
         <load_address>0x6767</load_address>
         <run_address>0x6767</run_address>
         <size>0x1b6</size>
         <input_file_ref idref="fl-14d"/>
      </object_component>
      <object_component id="oc-171">
         <name>.debug_info</name>
         <load_address>0x691d</load_address>
         <run_address>0x691d</run_address>
         <size>0x1e2</size>
         <input_file_ref idref="fl-14d"/>
      </object_component>
      <object_component id="oc-177">
         <name>.debug_info</name>
         <load_address>0x6aff</load_address>
         <run_address>0x6aff</run_address>
         <size>0x273</size>
         <input_file_ref idref="fl-148"/>
      </object_component>
      <object_component id="oc-17d">
         <name>.debug_info</name>
         <load_address>0x6d72</load_address>
         <run_address>0x6d72</run_address>
         <size>0x205</size>
         <input_file_ref idref="fl-148"/>
      </object_component>
      <object_component id="oc-183">
         <name>.debug_info</name>
         <load_address>0x6f77</load_address>
         <run_address>0x6f77</run_address>
         <size>0x21e</size>
         <input_file_ref idref="fl-148"/>
      </object_component>
      <object_component id="oc-189">
         <name>.debug_info</name>
         <load_address>0x7195</load_address>
         <run_address>0x7195</run_address>
         <size>0x22b</size>
         <input_file_ref idref="fl-148"/>
      </object_component>
      <object_component id="oc-18f">
         <name>.debug_info</name>
         <load_address>0x73c0</load_address>
         <run_address>0x73c0</run_address>
         <size>0x229</size>
         <input_file_ref idref="fl-148"/>
      </object_component>
      <object_component id="oc-195">
         <name>.debug_info</name>
         <load_address>0x75e9</load_address>
         <run_address>0x75e9</run_address>
         <size>0x223</size>
         <input_file_ref idref="fl-148"/>
      </object_component>
      <object_component id="oc-19b">
         <name>.debug_info</name>
         <load_address>0x780c</load_address>
         <run_address>0x780c</run_address>
         <size>0x21f</size>
         <input_file_ref idref="fl-148"/>
      </object_component>
      <object_component id="oc-1a1">
         <name>.debug_info</name>
         <load_address>0x7a2b</load_address>
         <run_address>0x7a2b</run_address>
         <size>0x24e</size>
         <input_file_ref idref="fl-148"/>
      </object_component>
      <object_component id="oc-1a7">
         <name>.debug_info</name>
         <load_address>0x7c79</load_address>
         <run_address>0x7c79</run_address>
         <size>0x244</size>
         <input_file_ref idref="fl-148"/>
      </object_component>
      <object_component id="oc-1ad">
         <name>.debug_info</name>
         <load_address>0x7ebd</load_address>
         <run_address>0x7ebd</run_address>
         <size>0x22b</size>
         <input_file_ref idref="fl-148"/>
      </object_component>
      <object_component id="oc-1b3">
         <name>.debug_info</name>
         <load_address>0x80e8</load_address>
         <run_address>0x80e8</run_address>
         <size>0x291</size>
         <input_file_ref idref="fl-148"/>
      </object_component>
      <object_component id="oc-1b9">
         <name>.debug_info</name>
         <load_address>0x8379</load_address>
         <run_address>0x8379</run_address>
         <size>0x3f7</size>
         <input_file_ref idref="fl-148"/>
      </object_component>
      <object_component id="oc-1bc">
         <name>.debug_info</name>
         <load_address>0x8770</load_address>
         <run_address>0x8770</run_address>
         <size>0x4e6</size>
         <input_file_ref idref="fl-2"/>
      </object_component>
      <object_component id="oc-1c4">
         <name>.debug_info</name>
         <load_address>0x8c56</load_address>
         <run_address>0x8c56</run_address>
         <size>0x149</size>
         <input_file_ref idref="fl-140"/>
      </object_component>
      <object_component id="oc-1c6">
         <name>.debug_info</name>
         <load_address>0x8d9f</load_address>
         <run_address>0x8d9f</run_address>
         <size>0x19c</size>
         <input_file_ref idref="fl-2"/>
      </object_component>
      <object_component id="oc-1cc">
         <name>.debug_info</name>
         <load_address>0x8f3b</load_address>
         <run_address>0x8f3b</run_address>
         <size>0x137</size>
         <input_file_ref idref="fl-2"/>
      </object_component>
      <object_component id="oc-1d2">
         <name>.debug_info</name>
         <load_address>0x9072</load_address>
         <run_address>0x9072</run_address>
         <size>0x16a</size>
         <input_file_ref idref="fl-2"/>
      </object_component>
      <object_component id="oc-1d8">
         <name>.debug_info</name>
         <load_address>0x91dc</load_address>
         <run_address>0x91dc</run_address>
         <size>0x172</size>
         <input_file_ref idref="fl-2"/>
      </object_component>
      <object_component id="oc-1de">
         <name>.debug_info</name>
         <load_address>0x934e</load_address>
         <run_address>0x934e</run_address>
         <size>0x183</size>
         <input_file_ref idref="fl-2"/>
      </object_component>
      <object_component id="oc-1e4">
         <name>.debug_info</name>
         <load_address>0x94d1</load_address>
         <run_address>0x94d1</run_address>
         <size>0x2b4</size>
         <input_file_ref idref="fl-148"/>
      </object_component>
      <object_component id="oc-1ea">
         <name>.debug_info</name>
         <load_address>0x9785</load_address>
         <run_address>0x9785</run_address>
         <size>0x224</size>
         <input_file_ref idref="fl-2"/>
      </object_component>
      <object_component id="oc-1f0">
         <name>.debug_info</name>
         <load_address>0x99a9</load_address>
         <run_address>0x99a9</run_address>
         <size>0x167</size>
         <input_file_ref idref="fl-2"/>
      </object_component>
      <object_component id="oc-1f6">
         <name>.debug_info</name>
         <load_address>0x9b10</load_address>
         <run_address>0x9b10</run_address>
         <size>0x218</size>
         <input_file_ref idref="fl-2"/>
      </object_component>
      <object_component id="oc-1fc">
         <name>.debug_info</name>
         <load_address>0x9d28</load_address>
         <run_address>0x9d28</run_address>
         <size>0x24f</size>
         <input_file_ref idref="fl-149"/>
      </object_component>
      <object_component id="oc-202">
         <name>.debug_info</name>
         <load_address>0x9f77</load_address>
         <run_address>0x9f77</run_address>
         <size>0x20b</size>
         <input_file_ref idref="fl-149"/>
      </object_component>
      <object_component id="oc-209">
         <name>.debug_info</name>
         <load_address>0xa182</load_address>
         <run_address>0xa182</run_address>
         <size>0x207</size>
         <input_file_ref idref="fl-145"/>
      </object_component>
      <object_component id="oc-20e">
         <name>.debug_info</name>
         <load_address>0xa389</load_address>
         <run_address>0xa389</run_address>
         <size>0x25d</size>
         <input_file_ref idref="fl-142"/>
      </object_component>
      <object_component id="oc-214">
         <name>.debug_info</name>
         <load_address>0xa5e6</load_address>
         <run_address>0xa5e6</run_address>
         <size>0x27e</size>
         <input_file_ref idref="fl-147"/>
      </object_component>
      <object_component id="oc-21a">
         <name>.debug_info</name>
         <load_address>0xa864</load_address>
         <run_address>0xa864</run_address>
         <size>0x170</size>
         <input_file_ref idref="fl-2"/>
      </object_component>
      <object_component id="oc-220">
         <name>.debug_info</name>
         <load_address>0xa9d4</load_address>
         <run_address>0xa9d4</run_address>
         <size>0x270</size>
         <input_file_ref idref="fl-147"/>
      </object_component>
      <object_component id="oc-227">
         <name>.debug_info</name>
         <load_address>0xac44</load_address>
         <run_address>0xac44</run_address>
         <size>0x2c1</size>
         <input_file_ref idref="fl-147"/>
      </object_component>
      <object_component id="oc-22c">
         <name>.debug_info</name>
         <load_address>0xaf05</load_address>
         <run_address>0xaf05</run_address>
         <size>0xf1</size>
         <input_file_ref idref="fl-2"/>
      </object_component>
      <object_component id="oc-22f">
         <name>.debug_info</name>
         <load_address>0xaff6</load_address>
         <run_address>0xaff6</run_address>
         <size>0x194</size>
         <input_file_ref idref="fl-2"/>
      </object_component>
      <object_component id="oc-23a">
         <name>.debug_info</name>
         <load_address>0xb18a</load_address>
         <run_address>0xb18a</run_address>
         <size>0x5e</size>
         <input_file_ref idref="fl-13e"/>
      </object_component>
      <object_component id="oc-240">
         <name>.debug_info</name>
         <load_address>0xb1e8</load_address>
         <run_address>0xb1e8</run_address>
         <size>0x1d5</size>
         <input_file_ref idref="fl-13d"/>
      </object_component>
      <object_component id="oc-247">
         <name>.debug_info</name>
         <load_address>0xb3bd</load_address>
         <run_address>0xb3bd</run_address>
         <size>0xda</size>
         <input_file_ref idref="fl-13d"/>
      </object_component>
      <object_component id="oc-24b">
         <name>.debug_info</name>
         <load_address>0xb497</load_address>
         <run_address>0xb497</run_address>
         <size>0x142</size>
         <input_file_ref idref="fl-138"/>
      </object_component>
      <object_component id="oc-250">
         <name>.debug_info</name>
         <load_address>0xb5d9</load_address>
         <run_address>0xb5d9</run_address>
         <size>0x205</size>
         <input_file_ref idref="fl-144"/>
      </object_component>
      <object_component id="oc-256">
         <name>.debug_info</name>
         <load_address>0xb7de</load_address>
         <run_address>0xb7de</run_address>
         <size>0x1ce</size>
         <input_file_ref idref="fl-144"/>
      </object_component>
      <object_component id="oc-25c">
         <name>.debug_info</name>
         <load_address>0xb9ac</load_address>
         <run_address>0xb9ac</run_address>
         <size>0x1ce</size>
         <input_file_ref idref="fl-144"/>
      </object_component>
      <object_component id="oc-262">
         <name>.debug_info</name>
         <load_address>0xbb7a</load_address>
         <run_address>0xbb7a</run_address>
         <size>0x1cc</size>
         <input_file_ref idref="fl-144"/>
      </object_component>
      <object_component id="oc-269">
         <name>.debug_info</name>
         <load_address>0xbd46</load_address>
         <run_address>0xbd46</run_address>
         <size>0x89</size>
         <input_file_ref idref="fl-147"/>
      </object_component>
      <object_component id="oc-270">
         <name>.debug_info</name>
         <load_address>0xbdcf</load_address>
         <run_address>0xbdcf</run_address>
         <size>0x4e6</size>
         <input_file_ref idref="fl-147"/>
      </object_component>
      <object_component id="oc-275">
         <name>.debug_info</name>
         <load_address>0xc2b5</load_address>
         <run_address>0xc2b5</run_address>
         <size>0x108</size>
         <input_file_ref idref="fl-147"/>
      </object_component>
      <object_component id="oc-27a">
         <name>.debug_info</name>
         <load_address>0xc3bd</load_address>
         <run_address>0xc3bd</run_address>
         <size>0x16c</size>
         <input_file_ref idref="fl-147"/>
      </object_component>
      <object_component id="oc-281">
         <name>.debug_info</name>
         <load_address>0xc529</load_address>
         <run_address>0xc529</run_address>
         <size>0x1f8</size>
         <input_file_ref idref="fl-2"/>
      </object_component>
      <object_component id="oc-286">
         <name>.debug_info</name>
         <load_address>0xc721</load_address>
         <run_address>0xc721</run_address>
         <size>0x108</size>
         <input_file_ref idref="fl-2"/>
      </object_component>
      <object_component id="oc-291">
         <name>.debug_info</name>
         <load_address>0xc829</load_address>
         <run_address>0xc829</run_address>
         <size>0x1d8</size>
         <input_file_ref idref="fl-14d"/>
      </object_component>
      <object_component id="oc-295">
         <name>.debug_info</name>
         <load_address>0xca01</load_address>
         <run_address>0xca01</run_address>
         <size>0x1b8</size>
         <input_file_ref idref="fl-14d"/>
      </object_component>
      <object_component id="oc-29f">
         <name>.debug_info</name>
         <load_address>0xcbb9</load_address>
         <run_address>0xcbb9</run_address>
         <size>0x232</size>
         <input_file_ref idref="fl-14d"/>
      </object_component>
      <object_component id="oc-2a7">
         <name>.debug_info</name>
         <load_address>0xcdeb</load_address>
         <run_address>0xcdeb</run_address>
         <size>0x1e2</size>
         <input_file_ref idref="fl-14d"/>
      </object_component>
      <object_component id="oc-2b2">
         <name>.debug_info</name>
         <load_address>0xcfcd</load_address>
         <run_address>0xcfcd</run_address>
         <size>0x90</size>
         <input_file_ref idref="fl-148"/>
      </object_component>
      <object_component id="oc-2b7">
         <name>.debug_info</name>
         <load_address>0xd05d</load_address>
         <run_address>0xd05d</run_address>
         <size>0x4e6</size>
         <input_file_ref idref="fl-148"/>
      </object_component>
      <object_component id="oc-2be">
         <name>.debug_info</name>
         <load_address>0xd543</load_address>
         <run_address>0xd543</run_address>
         <size>0xcd</size>
         <input_file_ref idref="fl-140"/>
      </object_component>
      <object_component id="oc-2c4">
         <name>.debug_info</name>
         <load_address>0xd610</load_address>
         <run_address>0xd610</run_address>
         <size>0x1f5</size>
         <input_file_ref idref="fl-142"/>
      </object_component>
      <object_component id="oc-2ca">
         <name>.debug_info</name>
         <load_address>0xd805</load_address>
         <run_address>0xd805</run_address>
         <size>0x1ed</size>
         <input_file_ref idref="fl-142"/>
      </object_component>
      <object_component id="oc-2d0">
         <name>.debug_info</name>
         <load_address>0xd9f2</load_address>
         <run_address>0xd9f2</run_address>
         <size>0x26f</size>
         <input_file_ref idref="fl-4"/>
      </object_component>
      <object_component id="oc-2d8">
         <name>.debug_info</name>
         <load_address>0xdc61</load_address>
         <run_address>0xdc61</run_address>
         <size>0x1e3</size>
         <input_file_ref idref="fl-145"/>
      </object_component>
      <object_component id="oc-2df">
         <name>.debug_info</name>
         <load_address>0xde44</load_address>
         <run_address>0xde44</run_address>
         <size>0x1f3</size>
         <input_file_ref idref="fl-145"/>
      </object_component>
      <object_component id="oc-2e7">
         <name>.debug_info</name>
         <load_address>0xe037</load_address>
         <run_address>0xe037</run_address>
         <size>0x24c</size>
         <input_file_ref idref="fl-14d"/>
      </object_component>
      <object_component id="oc-2ed">
         <name>.debug_info</name>
         <load_address>0xe283</load_address>
         <run_address>0xe283</run_address>
         <size>0x1fe</size>
         <input_file_ref idref="fl-14d"/>
      </object_component>
      <object_component id="oc-2f5">
         <name>.debug_info</name>
         <load_address>0xe481</load_address>
         <run_address>0xe481</run_address>
         <size>0x298</size>
         <input_file_ref idref="fl-147"/>
      </object_component>
      <object_component id="oc-2fa">
         <name>.debug_info</name>
         <load_address>0xe719</load_address>
         <run_address>0xe719</run_address>
         <size>0x18c</size>
         <input_file_ref idref="fl-2"/>
      </object_component>
      <object_component id="oc-301">
         <name>.debug_info</name>
         <load_address>0xe8a5</load_address>
         <run_address>0xe8a5</run_address>
         <size>0x29d</size>
         <input_file_ref idref="fl-147"/>
      </object_component>
      <object_component id="oc-307">
         <name>.debug_info</name>
         <load_address>0xeb42</load_address>
         <run_address>0xeb42</run_address>
         <size>0x29e</size>
         <input_file_ref idref="fl-147"/>
      </object_component>
      <object_component id="oc-30d">
         <name>.debug_info</name>
         <load_address>0xede0</load_address>
         <run_address>0xede0</run_address>
         <size>0x293</size>
         <input_file_ref idref="fl-149"/>
      </object_component>
      <object_component id="oc-313">
         <name>.debug_info</name>
         <load_address>0xf073</load_address>
         <run_address>0xf073</run_address>
         <size>0x299</size>
         <input_file_ref idref="fl-149"/>
      </object_component>
      <object_component id="oc-31c">
         <name>.debug_info</name>
         <load_address>0xf30c</load_address>
         <run_address>0xf30c</run_address>
         <size>0x29c</size>
         <input_file_ref idref="fl-147"/>
      </object_component>
      <object_component id="oc-322">
         <name>.debug_info</name>
         <load_address>0xf5a8</load_address>
         <run_address>0xf5a8</run_address>
         <size>0x244</size>
         <input_file_ref idref="fl-149"/>
      </object_component>
      <object_component id="oc-328">
         <name>.debug_info</name>
         <load_address>0xf7ec</load_address>
         <run_address>0xf7ec</run_address>
         <size>0x32e</size>
         <input_file_ref idref="fl-149"/>
      </object_component>
      <object_component id="oc-32c">
         <name>.debug_info</name>
         <load_address>0xfb1a</load_address>
         <run_address>0xfb1a</run_address>
         <size>0x1ce</size>
         <input_file_ref idref="fl-142"/>
      </object_component>
      <object_component id="oc-33b">
         <name>.debug_info</name>
         <load_address>0xfce8</load_address>
         <run_address>0xfce8</run_address>
         <size>0x1c2</size>
         <input_file_ref idref="fl-144"/>
      </object_component>
      <object_component id="oc-33e">
         <name>.debug_info</name>
         <load_address>0xfeaa</load_address>
         <run_address>0xfeaa</run_address>
         <size>0x1ba</size>
         <input_file_ref idref="fl-144"/>
      </object_component>
      <object_component id="oc-34a">
         <name>.debug_info</name>
         <load_address>0x10064</load_address>
         <run_address>0x10064</run_address>
         <size>0x1b8</size>
         <input_file_ref idref="fl-4"/>
      </object_component>
      <object_component id="oc-350">
         <name>.debug_info</name>
         <load_address>0x1021c</load_address>
         <run_address>0x1021c</run_address>
         <size>0x204</size>
         <input_file_ref idref="fl-4"/>
      </object_component>
      <object_component id="oc-359">
         <name>.debug_info</name>
         <load_address>0x10420</load_address>
         <run_address>0x10420</run_address>
         <size>0x217</size>
         <input_file_ref idref="fl-145"/>
      </object_component>
      <object_component id="oc-35f">
         <name>.debug_info</name>
         <load_address>0x10637</load_address>
         <run_address>0x10637</run_address>
         <size>0x312</size>
         <input_file_ref idref="fl-145"/>
      </object_component>
      <object_component id="oc-366">
         <name>.debug_info</name>
         <load_address>0x10949</load_address>
         <run_address>0x10949</run_address>
         <size>0x1b2</size>
         <input_file_ref idref="fl-14d"/>
      </object_component>
      <object_component id="oc-36f">
         <name>.debug_info</name>
         <load_address>0x10afb</load_address>
         <run_address>0x10afb</run_address>
         <size>0x1a6</size>
         <input_file_ref idref="fl-2"/>
      </object_component>
      <object_component id="oc-378">
         <name>.debug_info</name>
         <load_address>0x10ca1</load_address>
         <run_address>0x10ca1</run_address>
         <size>0x2ec</size>
         <input_file_ref idref="fl-148"/>
      </object_component>
      <object_component id="oc-37f">
         <name>.debug_info</name>
         <load_address>0x10f8d</load_address>
         <run_address>0x10f8d</run_address>
         <size>0x308</size>
         <input_file_ref idref="fl-148"/>
      </object_component>
      <object_component id="oc-38b">
         <name>.debug_info</name>
         <load_address>0x11295</load_address>
         <run_address>0x11295</run_address>
         <size>0x4e6</size>
         <input_file_ref idref="fl-149"/>
      </object_component>
      <object_component id="oc-390">
         <name>.debug_info</name>
         <load_address>0x1177b</load_address>
         <run_address>0x1177b</run_address>
         <size>0x1f8</size>
         <input_file_ref idref="fl-149"/>
      </object_component>
      <object_component id="oc-3a1">
         <name>.debug_info</name>
         <load_address>0x11973</load_address>
         <run_address>0x11973</run_address>
         <size>0x1d3</size>
         <input_file_ref idref="fl-4"/>
      </object_component>
      <object_component id="oc-3a9">
         <name>.debug_info</name>
         <load_address>0x11b46</load_address>
         <run_address>0x11b46</run_address>
         <size>0x22a</size>
         <input_file_ref idref="fl-148"/>
      </object_component>
      <object_component id="oc-3b0">
         <name>.debug_info</name>
         <load_address>0x11d70</load_address>
         <run_address>0x11d70</run_address>
         <size>0x256</size>
         <input_file_ref idref="fl-148"/>
      </object_component>
      <object_component id="oc-3b7">
         <name>.debug_info</name>
         <load_address>0x11fc6</load_address>
         <run_address>0x11fc6</run_address>
         <size>0x323</size>
         <input_file_ref idref="fl-4"/>
      </object_component>
      <object_component id="oc-3bd">
         <name>.debug_info</name>
         <load_address>0x122e9</load_address>
         <run_address>0x122e9</run_address>
         <size>0x4e</size>
         <input_file_ref idref="fl-2"/>
      </object_component>
      <object_component id="oc-3c3">
         <name>.debug_info</name>
[...]
         <page_id>0x0</page_id>
         <origin>0x20000000</origin>
         <length>0x8000</length>
         <used_space>0xa99</used_space>
         <unused_space>0x7567</unused_space>
         <attributes>RWX</attributes>
         <usage_details>
            <allocated_space>
               <start_address>0x20000000</start_address>
               <size>0x66d</size>
               <logical_group_ref idref="lg-b"/>
            </allocated_space>
            <available_space>
               <start_address>0x2000066d</start_address>
               <size>0x3</size>
            </available_space>
            <allocated_space>
               <start_address>0x20000670</start_address>
               <size>0x400</size>
               <logical_group_ref idref="lg-d"/>
            </allocated_space>
            <allocated_space>
               <start_address>0x20000a70</start_address>
               <size>0x2c</size>
               <logical_group_ref idref="lg-a"/>
            </allocated_space>
            <available_space>
               <start_address>0x20000a9c</start_address>
               <size>0x7564</size>
            </available_space>
         </usage_details>
      </memory_area>
   </placement_map>
   <cptbl_list>
      <cptbl>
         <name>__TI_cinit_table</name>
         <cprec>
            <name>.data</name>
            <load_address>0x2430</load_address>
            <load_size>0x12</load_size>
            <run_address>0x20000a70</run_address>
            <run_size>0x2c</run_size>
            <compression>rle</compression>
         </cprec>
         <cprec>
            <name>.bss</name>
            <load_address>0x2450</load_address>
            <load_size>0x8</load_size>
            <run_address>0x20000000</run_address>
            <run_size>0x66d</run_size>
            <compression>zero_init</compression>
         </cprec>
      </cptbl>
   </cptbl_list>
   <handler_table>
      <handler_table_name>__TI_handler_table</handler_table_name>
      <handler>
         <index>0x0</index>
         <name>__TI_decompress_rle24</name>
      </handler>
      <handler>
         <index>0x1</index>
         <name>__TI_decompress_none</name>
      </handler>
      <handler>
         <index>0x2</index>
         <name>__TI_zero_init</name>
      </handler>
   </handler_table>
   <symbol_table>
      <symbol id="sm-1">
         <name>__STACK_TOP</name>
         <value>0x20000a70</value>
      </symbol>
      <symbol id="sm-2">
         <name>__TI_CINIT_Base</name>
         <value>0x2458</value>
      </symbol>
      <symbol id="sm-3">
         <name>__TI_CINIT_Limit</name>
         <value>0x2468</value>
      </symbol>
      <symbol id="sm-4">
         <name>__TI_Handler_Table_Base</name>
         <value>0x2444</value>
      </symbol>
      <symbol id="sm-5">
         <name>__TI_Handler_Table_Limit</name>
         <value>0x2450</value>
      </symbol>
      <symbol id="sm-6">
         <name>binit</name>
         <value>0xffffffff</value>
      </symbol>
      <symbol id="sm-7">
         <name>__binit__</name>
         <value>0xffffffff</value>
      </symbol>
      <symbol id="sm-8">
         <name>__STACK_SIZE</name>
         <value>0x400</value>
      </symbol>
      <symbol id="sm-9">
         <name>__STACK_END</name>
         <value>0x20000a70</value>
      </symbol>
      <symbol id="sm-a">
         <name>__c_args__</name>
         <value>0xffffffff</value>
      </symbol>
      <symbol id="sm-136">
         <name>g_vui8I2CDoneFlag</name>
         <value>0x20000660</value>
      </symbol>
      <symbol id="sm-137">
         <name>g_vui8ErrorFlag</name>
         <value>0x2000065c</value>
      </symbol>
      <symbol id="sm-138">
         <name>g_vui8DataFlag</name>
         <value>0x20000658</value>
      </symbol>
      <symbol id="sm-139">
         <name>m_pressureValue</name>
         <value>0x20000664</value>
      </symbol>
      <symbol id="sm-13a">
         <name>g_sBMP180Inst</name>
         <value>0x20000610</value>
         <object_component_ref idref="oc-22b"/>
      </symbol>
      <symbol id="sm-13b">
         <name>MPU9150AppCallback</name>
         <value>0x2255</value>
         <object_component_ref idref="oc-ad"/>
      </symbol>
      <symbol id="sm-13c">
         <name>g_sI2CInst</name>
         <value>0x20000400</value>
         <object_component_ref idref="oc-ea"/>
      </symbol>
      <symbol id="sm-13d">
         <name>ConfigureI2C</name>
         <value>0x1925</value>
         <object_component_ref idref="oc-1d1"/>
      </symbol>
      <symbol id="sm-13e">
         <name>MPU9150AppErrorHandler</name>
         <value>0x1241</value>
         <object_component_ref idref="oc-36e"/>
      </symbol>
      <symbol id="sm-13f">
         <name>main</name>
         <value>0x635</value>
         <object_component_ref idref="oc-10a"/>
      </symbol>
      <symbol id="sm-140">
         <name>ConfigureMPU9150Interrupt</name>
         <value>0x1ec9</value>
         <object_component_ref idref="oc-1d7"/>
      </symbol>
      <symbol id="sm-141">
         <name>BMP180AppCallback</name>
         <value>0x22bd</value>
         <object_component_ref idref="oc-22e"/>
      </symbol>
      <symbol id="sm-142">
         <name>ConfigureUART</name>
         <value>0x1461</value>
         <object_component_ref idref="oc-1c5"/>
      </symbol>
      <symbol id="sm-143">
         <name>SetMpuSampleRate</name>
         <value>0x13dd</value>
         <object_component_ref idref="oc-1f5"/>
      </symbol>
      <symbol id="sm-144">
         <name>InitializeMPU9150</name>
         <value>0xce9</value>
         <object_component_ref idref="oc-1e9"/>
      </symbol>
      <symbol id="sm-145">
         <name>g_sMPU9150Inst</name>
         <value>0x200005a4</value>
         <object_component_ref idref="oc-b3"/>
      </symbol>
      <symbol id="sm-146">
         <name>Divide16BitTo8Bit</name>
         <value>0x21d5</value>
         <object_component_ref idref="oc-219"/>
      </symbol>
      <symbol id="sm-147">
         <name>MPU9150AppI2CWait</name>
         <value>0x20e1</value>
         <object_component_ref idref="oc-2f9"/>
      </symbol>
      <symbol id="sm-148">
         <name>IntGPIOb</name>
         <value>0x1fe5</value>
         <object_component_ref idref="oc-41"/>
      </symbol>
      <symbol id="sm-149">
         <name>HibernateHandler</name>
         <value>0xce7</value>
         <object_component_ref idref="oc-4d"/>
      </symbol>
      <symbol id="sm-14a">
         <name>MPU9150I2CIntHandler</name>
         <value>0x2311</value>
         <object_component_ref idref="oc-53"/>
      </symbol>
      <symbol id="sm-14b">
         <name>InitializeBMP180</name>
         <value>0x1bd5</value>
         <object_component_ref idref="oc-1ef"/>
      </symbol>
      <symbol id="sm-14c">
         <name>SetUpPeripheralsInterrupts</name>
         <value>0x1541</value>
         <object_component_ref idref="oc-1dd"/>
      </symbol>
      <symbol id="sm-14d">
         <name>EnableLED</name>
         <value>0x218d</value>
         <object_component_ref idref="oc-1cb"/>
      </symbol>
      <symbol id="sm-183">
         <name>ResetISR</name>
         <value>0x2361</value>
         <object_component_ref idref="oc-29"/>
      </symbol>
      <symbol id="sm-184">
         <name>g_pfnVectors</name>
         <value>0x0</value>
         <object_component_ref idref="oc-e"/>
      </symbol>
      <symbol id="sm-26c">
         <name>UARTFlushRx</name>
         <value>0x210d</value>
         <object_component_ref idref="oc-349"/>
      </symbol>
      <symbol id="sm-26d">
         <name>UARTFlushTx</name>
         <value>0x1f05</value>
         <object_component_ref idref="oc-34f"/>
      </symbol>
      <symbol id="sm-26e">
         <name>UARTStdioConfig</name>
         <value>0xe81</value>
         <object_component_ref idref="oc-2cf"/>
      </symbol>
      <symbol id="sm-26f">
         <name>UARTStdioIntHandler</name>
         <value>0x965</value>
         <object_component_ref idref="oc-47"/>
      </symbol>
      <symbol id="sm-270">
         <name>UARTwrite</name>
         <value>0xf31</value>
         <object_component_ref idref="oc-c8"/>
      </symbol>
      <symbol id="sm-271">
         <name>UARTprintf</name>
         <value>0x21f1</value>
         <object_component_ref idref="oc-3a0"/>
      </symbol>
      <symbol id="sm-272">
         <name>UARTvprintf</name>
         <value>0x26d</value>
         <object_component_ref idref="oc-3b6"/>
      </symbol>
      <symbol id="sm-29d">
         <name>RGBDisable</name>
         <value>0x161d</value>
         <object_component_ref idref="oc-ee"/>
      </symbol>
      <symbol id="sm-29e">
         <name>RGBBlinkIntHandler</name>
         <value>0x1f79</value>
         <object_component_ref idref="oc-59"/>
      </symbol>
      <symbol id="sm-29f">
         <name>RGBEnable</name>
         <value>0xdc1</value>
         <object_component_ref idref="oc-f4"/>
      </symbol>
      <symbol id="sm-2af">
         <name>_c_int00</name>
         <value>0x1cb1</value>
         <object_component_ref idref="oc-11"/>
      </symbol>
      <symbol id="sm-2b0">
         <name>__stack</name>
         <value>0x20000670</value>
         <object_component_ref idref="oc-28"/>
      </symbol>
      <symbol id="sm-2c7">
         <name>__TI_decompress_none</name>
         <value>0x22e9</value>
         <object_component_ref idref="oc-16"/>
      </symbol>
      <symbol id="sm-2eb">
         <name>__TI_decompress_rle24</name>
         <value>0x236d</value>
         <object_component_ref idref="oc-22"/>
      </symbol>
      <symbol id="sm-304">
         <name>__TI_zero_init</name>
         <value>0x22ab</value>
         <object_component_ref idref="oc-1c"/>
      </symbol>
      <symbol id="sm-323">
         <name>C$$EXIT</name>
         <value>0x1dc9</value>
         <object_component_ref idref="oc-6d"/>
      </symbol>
      <symbol id="sm-324">
         <name>abort</name>
         <value>0x1dcd</value>
         <object_component_ref idref="oc-6d"/>
      </symbol>
      <symbol id="sm-325">
         <name>exit</name>
         <value>0x1dd5</value>
         <object_component_ref idref="oc-6d"/>
      </symbol>
      <symbol id="sm-326">
         <name>__TI_dtors_ptr</name>
         <value>0x20000a94</value>
         <object_component_ref idref="oc-115"/>
      </symbol>
      <symbol id="sm-327">
         <name>__TI_cleanup_ptr</name>
         <value>0x20000a90</value>
         <object_component_ref idref="oc-115"/>
      </symbol>
      <symbol id="sm-343">
         <name>memcpy</name>
         <value>0x1079</value>
         <object_component_ref idref="oc-77"/>
      </symbol>
      <symbol id="sm-344">
         <name>__aeabi_memcpy</name>
         <value>0x1079</value>
         <object_component_ref idref="oc-77"/>
      </symbol>
      <symbol id="sm-345">
         <name>__aeabi_memcpy8</name>
         <value>0x1079</value>
         <object_component_ref idref="oc-77"/>
      </symbol>
      <symbol id="sm-346">
         <name>__aeabi_memcpy4</name>
         <value>0x1079</value>
         <object_component_ref idref="oc-77"/>
      </symbol>
      <symbol id="sm-34e">
         <name>main_func_sp</name>
         <value>0x20000a98</value>
         <object_component_ref idref="oc-73"/>
      </symbol>
      <symbol id="sm-35d">
         <name>__aeabi_uidivmod</name>
         <value>0x1e0d</value>
         <object_component_ref idref="oc-3ca"/>
      </symbol>
      <symbol id="sm-35e">
         <name>__aeabi_uidiv</name>
         <value>0x1e0d</value>
         <object_component_ref idref="oc-3ca"/>
      </symbol>
      <symbol id="sm-377">
         <name>_nop</name>
         <value>0x2293</value>
         <object_component_ref idref="oc-23f"/>
      </symbol>
      <symbol id="sm-378">
         <name>_lock</name>
         <value>0x20000a88</value>
         <object_component_ref idref="oc-112"/>
      </symbol>
      <symbol id="sm-379">
         <name>_unlock</name>
         <value>0x20000a8c</value>
         <object_component_ref idref="oc-112"/>
      </symbol>
      <symbol id="sm-37a">
         <name>_register_lock</name>
         <value>0x228b</value>
         <object_component_ref idref="oc-23f"/>
      </symbol>
      <symbol id="sm-37b">
         <name>_register_unlock</name>
         <value>0x2285</value>
         <object_component_ref idref="oc-23f"/>
      </symbol>
      <symbol id="sm-38f">
         <name>_args_main</name>
         <value>0x226d</value>
         <object_component_ref idref="oc-67"/>
      </symbol>
      <symbol id="sm-3ac">
         <name>__TI_auto_init</name>
         <value>0x11ad</value>
         <object_component_ref idref="oc-62"/>
      </symbol>
      <symbol id="sm-3c5">
         <name>copy_in</name>
         <value>0x1d85</value>
         <object_component_ref idref="oc-103"/>
      </symbol>
      <symbol id="sm-3cf">
         <name>__aeabi_idiv0</name>
         <value>0x2253</value>
         <object_component_ref idref="oc-3d1"/>
      </symbol>
      <symbol id="sm-3f9">
         <name>UARTFlowControlSet</name>
         <value>0x231d</value>
         <object_component_ref idref="oc-2c9"/>
      </symbol>
      <symbol id="sm-3fa">
         <name>UARTClockSourceSet</name>
         <value>0x2367</value>
         <object_component_ref idref="oc-2c3"/>
      </symbol>
      <symbol id="sm-3fb">
         <name>UARTCharPut</name>
         <value>0x2333</value>
         <object_component_ref idref="oc-20d"/>
      </symbol>
      <symbol id="sm-44f">
         <name>IntIsEnabled</name>
         <value>0x1685</value>
         <object_component_ref idref="oc-24f"/>
      </symbol>
      <symbol id="sm-450">
         <name>IntEnable</name>
         <value>0x17a9</value>
         <object_component_ref idref="oc-261"/>
      </symbol>
      <symbol id="sm-451">
         <name>IntTrigger</name>
         <value>0x2305</value>
         <object_component_ref idref="oc-25b"/>
      </symbol>
      <symbol id="sm-452">
         <name>IntDisable</name>
         <value>0x1749</value>
         <object_component_ref idref="oc-255"/>
      </symbol>
      <symbol id="sm-497">
         <name>GPIOPinTypeI2CSCL</name>
         <value>0x2299</value>
         <object_component_ref idref="oc-2d7"/>
      </symbol>
      <symbol id="sm-498">
         <name>GPIOIntEnable</name>
         <value>0x22f7</value>
         <object_component_ref idref="oc-2de"/>
      </symbol>
      <symbol id="sm-499">
         <name>GPIOIntClear</name>
         <value>0x2355</value>
         <object_component_ref idref="oc-a1"/>
      </symbol>
      <symbol id="sm-49a">
         <name>GPIOIntStatus</name>
         <value>0x22cd</value>
         <object_component_ref idref="oc-9b"/>
      </symbol>
      <symbol id="sm-49b">
         <name>GPIODirModeSet</name>
         <value>0x2139</value>
         <object_component_ref idref="oc-357"/>
      </symbol>
      <symbol id="sm-49c">
         <name>GPIOPinWrite</name>
         <value>0x235b</value>
         <object_component_ref idref="oc-207"/>
      </symbol>
      <symbol id="sm-49d">
         <name>GPIOPadConfigSet</name>
         <value>0xac5</value>
         <object_component_ref idref="oc-35d"/>
      </symbol>
      <symbol id="sm-53a">
         <name>MPU9150DataMagnetoGetRaw</name>
         <value>0x20b1</value>
         <object_component_ref idref="oc-225"/>
      </symbol>
      <symbol id="sm-53b">
         <name>MPU9150Write</name>
         <value>0xfd9</value>
         <object_component_ref idref="oc-2ff"/>
      </symbol>
      <symbol id="sm-53c">
         <name>MPU9150Init</name>
         <value>0x15b1</value>
         <object_component_ref idref="oc-2f3"/>
      </symbol>
      <symbol id="sm-53d">
         <name>MPU9150DataGyroGetRaw</name>
         <value>0x204d</value>
         <object_component_ref idref="oc-21f"/>
      </symbol>
      <symbol id="sm-53e">
         <name>MPU9150DataRead</name>
         <value>0x1809</value>
         <object_component_ref idref="oc-a7"/>
      </symbol>
      <symbol id="sm-53f">
         <name>MPU9150DataAccelGetRaw</name>
         <value>0x2019</value>
         <object_component_ref idref="oc-213"/>
      </symbol>
      <symbol id="sm-540">
         <name>MPU9150Read</name>
         <value>0x1981</value>
         <object_component_ref idref="oc-31a"/>
      </symbol>
      <symbol id="sm-541">
         <name>MPU9150ReadModifyWrite</name>
         <value>0x1ae5</value>
         <object_component_ref idref="oc-305"/>
      </symbol>
      <symbol id="sm-64c">
         <name>I2CMWrite8</name>
         <value>0x1a8d</value>
         <object_component_ref idref="oc-377"/>
      </symbol>
      <symbol id="sm-64d">
         <name>I2CMCommand</name>
         <value>0x1359</value>
         <object_component_ref idref="oc-13a"/>
      </symbol>
      <symbol id="sm-64e">
         <name>I2CMInit</name>
         <value>0x1fb1</value>
         <object_component_ref idref="oc-1e3"/>
      </symbol>
      <symbol id="sm-64f">
         <name>I2CMReadModifyWrite8</name>
         <value>0x14d1</value>
         <object_component_ref idref="oc-37e"/>
      </symbol>
      <symbol id="sm-650">
         <name>I2CMTransferResume</name>
         <value>0x2081</value>
         <object_component_ref idref="oc-3c2"/>
      </symbol>
      <symbol id="sm-651">
         <name>I2CMIntHandler</name>
         <value>0xbf5</value>
         <object_component_ref idref="oc-e4"/>
      </symbol>
      <symbol id="sm-6ae">
         <name>BMP180DataPressureGetRaw</name>
         <value>0x220b</value>
         <object_component_ref idref="oc-201"/>
      </symbol>
      <symbol id="sm-6af">
         <name>BMP180ReadModifyWrite</name>
         <value>0x1b89</value>
         <object_component_ref idref="oc-312"/>
      </symbol>
      <symbol id="sm-6b0">
         <name>BMP180DataRead</name>
         <value>0x19dd</value>
         <object_component_ref idref="oc-1fb"/>
      </symbol>
      <symbol id="sm-6b1">
         <name>BMP180Init</name>
         <value>0x1a35</value>
         <object_component_ref idref="oc-30c"/>
      </symbol>
      <symbol id="sm-6fd">
         <name>I2CMasterDataPut</name>
         <value>0x237b</value>
         <object_component_ref idref="oc-2a6"/>
      </symbol>
      <symbol id="sm-6fe">
         <name>I2CMasterInitExpClk</name>
         <value>0x1c69</value>
         <object_component_ref idref="oc-2e6"/>
      </symbol>
      <symbol id="sm-6ff">
         <name>I2CMasterSlaveAddrSet</name>
         <value>0x234d</value>
         <object_component_ref idref="oc-29e"/>
      </symbol>
      <symbol id="sm-700">
         <name>I2CMasterDataGet</name>
         <value>0x2377</value>
         <object_component_ref idref="oc-294"/>
      </symbol>
      <symbol id="sm-701">
         <name>I2CMasterIntEnableEx</name>
         <value>0x2345</value>
         <object_component_ref idref="oc-2ec"/>
      </symbol>
      <symbol id="sm-702">
         <name>I2CMasterControl</name>
         <value>0x2373</value>
         <object_component_ref idref="oc-170"/>
      </symbol>
      <symbol id="sm-703">
         <name>I2CMasterEnable</name>
         <value>0x2329</value>
         <object_component_ref idref="oc-365"/>
      </symbol>
      <symbol id="sm-704">
         <name>I2CMasterIntClear</name>
         <value>0x233d</value>
         <object_component_ref idref="oc-16a"/>
      </symbol>
      <symbol id="sm-705">
         <name>__TI_static_base__</name>
         <value>0x0</value>
      </symbol>
      <symbol id="sm-706">
         <name>__TI_args_main</name>
         <value>0x1</value>
      </symbol>
      <symbol id="sm-707">
         <name>SHT$$INIT_ARRAY$$Limit</name>
         <value>0x0</value>
      </symbol>
      <symbol id="sm-708">
         <name>SHT$$INIT_ARRAY$$Base</name>
         <value>0x0</value>
      </symbol>
   </symbol_table>
   <title>Link successful</title>
</link_info>
