<?xml version="1.0"?>
<link_info>
   <banner>TI ARM Linker PC v5.1.11</banner>
   <copyright>Copyright (c) 1996-2015 Texas Instruments Incorporated</copyright>
   <link_time>0x551d994d</link_time>
   <link_errors>0x0</link_errors>
   <output_file>SensorSamplingPerBytes.out</output_file>
   <entry_point>
      <name>_c_int00</name>
      <address>0x1cd5</address>
   </entry_point>
   <input_file_list>
      <input_file id="fl-2">
         <path>.\</path>
         <kind>object</kind>
         <file>compdcm_mpu9150.obj</file>
         <name>compdcm_mpu9150.obj</name>
      </input_file>
      <input_file id="fl-3">
         <path>.\</path>
         <kind>object</kind>
         <file>startup_ccs.obj</file>
         <name>startup_ccs.obj</name>
      </input_file>
      <input_file id="fl-4">
         <path>.\utils\</path>
         <kind>object</kind>
         <file>uartstdio.obj</file>
         <name>uartstdio.obj</name>
      </input_file>
      <input_file id="fl-5">
         <path>.\drivers\</path>
         <kind>object</kind>
         <file>rgb.obj</file>
         <name>rgb.obj</name>
      </input_file>
      <input_file id="fl-134">
         <path>c:\ti\ccsv6\tools\compiler\arm_5.1.11\lib\</path>
         <kind>archive</kind>
         <file>rtsv7M4_T_le_v4SPD16_eabi.lib</file>
         <name>boot.obj</name>
      </input_file>
      <input_file id="fl-135">
         <path>c:\ti\ccsv6\tools\compiler\arm_5.1.11\lib\</path>
         <kind>archive</kind>
         <file>rtsv7M4_T_le_v4SPD16_eabi.lib</file>
         <name>copy_decompress_none.obj</name>
      </input_file>
      <input_file id="fl-136">
         <path>c:\ti\ccsv6\tools\compiler\arm_5.1.11\lib\</path>
         <kind>archive</kind>
         <file>rtsv7M4_T_le_v4SPD16_eabi.lib</file>
         <name>copy_decompress_rle.obj</name>
      </input_file>
      <input_file id="fl-137">
         <path>c:\ti\ccsv6\tools\compiler\arm_5.1.11\lib\</path>
         <kind>archive</kind>
         <file>rtsv7M4_T_le_v4SPD16_eabi.lib</file>
         <name>copy_zero_init.obj</name>
      </input_file>
      <input_file id="fl-138">
         <path>c:\ti\ccsv6\tools\compiler\arm_5.1.11\lib\</path>
         <kind>archive</kind>
         <file>rtsv7M4_T_le_v4SPD16_eabi.lib</file>
         <name>exit.obj</name>
      </input_file>
      <input_file id="fl-139">
         <path>c:\ti\ccsv6\tools\compiler\arm_5.1.11\lib\</path>
         <kind>archive</kind>
         <file>rtsv7M4_T_le_v4SPD16_eabi.lib</file>
         <name>fs_toull_t2.obj</name>
      </input_file>
      <input_file id="fl-13a">
         <path>c:\ti\ccsv6\tools\compiler\arm_5.1.11\lib\</path>
         <kind>archive</kind>
         <file>rtsv7M4_T_le_v4SPD16_eabi.lib</file>
         <name>memcpy_t2.obj</name>
      </input_file>
      <input_file id="fl-13b">
         <path>c:\ti\ccsv6\tools\compiler\arm_5.1.11\lib\</path>
         <kind>archive</kind>
         <file>rtsv7M4_T_le_v4SPD16_eabi.lib</file>
         <name>stkdepth_vars.obj</name>
      </input_file>
      <input_file id="fl-13c">
         <path>c:\ti\ccsv6\tools\compiler\arm_5.1.11\lib\</path>
         <kind>archive</kind>
         <file>rtsv7M4_T_le_v4SPD16_eabi.lib</file>
         <name>u_divt2.obj</name>
      </input_file>
      <input_file id="fl-13d">
         <path>c:\ti\ccsv6\tools\compiler\arm_5.1.11\lib\</path>
         <kind>archive</kind>
         <file>rtsv7M4_T_le_v4SPD16_eabi.lib</file>
         <name>_lock.obj</name>
      </input_file>
      <input_file id="fl-13e">
         <path>c:\ti\ccsv6\tools\compiler\arm_5.1.11\lib\</path>
         <kind>archive</kind>
         <file>rtsv7M4_T_le_v4SPD16_eabi.lib</file>
         <name>args_main.obj</name>
      </input_file>
      <input_file id="fl-13f">
         <path>c:\ti\ccsv6\tools\compiler\arm_5.1.11\lib\</path>
         <kind>archive</kind>
         <file>rtsv7M4_T_le_v4SPD16_eabi.lib</file>
         <name>auto_init.obj</name>
      </input_file>
      <input_file id="fl-140">
         <path>c:\ti\ccsv6\tools\compiler\arm_5.1.11\lib\</path>
         <kind>archive</kind>
         <file>rtsv7M4_T_le_v4SPD16_eabi.lib</file>
         <name>cpy_tbl.obj</name>
      </input_file>
      <input_file id="fl-141">
         <path>c:\ti\ccsv6\tools\compiler\arm_5.1.11\lib\</path>
         <kind>archive</kind>
         <file>rtsv7M4_T_le_v4SPD16_eabi.lib</file>
         <name>i_div0.obj</name>
      </input_file>
      <input_file id="fl-142">
         <path>C:\ti\TivaWare_C_Series-2.0.1.11577\examples\boards\ek-tm4c123gxl-boostxl-senshub\compdcm_mpu9150\ccs\..\..\..\..\..\driverlib\ccs\Debug\</path>
         <kind>archive</kind>
         <file>driverlib.lib</file>
         <name>uart.obj</name>
      </input_file>
      <input_file id="fl-143">
         <path>C:\ti\TivaWare_C_Series-2.0.1.11577\examples\boards\ek-tm4c123gxl-boostxl-senshub\compdcm_mpu9150\ccs\..\..\..\..\..\driverlib\ccs\Debug\</path>
         <kind>archive</kind>
         <file>driverlib.lib</file>
         <name>sysctl.obj</name>
      </input_file>
      <input_file id="fl-144">
         <path>C:\ti\TivaWare_C_Series-2.0.1.11577\examples\boards\ek-tm4c123gxl-boostxl-senshub\compdcm_mpu9150\ccs\..\..\..\..\..\driverlib\ccs\Debug\</path>
         <kind>archive</kind>
         <file>driverlib.lib</file>
         <name>interrupt.obj</name>
      </input_file>
      <input_file id="fl-145">
         <path>C:\ti\TivaWare_C_Series-2.0.1.11577\examples\boards\ek-tm4c123gxl-boostxl-senshub\compdcm_mpu9150\ccs\..\..\..\..\..\driverlib\ccs\Debug\</path>
         <kind>archive</kind>
         <file>driverlib.lib</file>
         <name>gpio.obj</name>
      </input_file>
      <input_file id="fl-146">
         <path>C:\ti\TivaWare_C_Series-2.0.1.11577\examples\boards\ek-tm4c123gxl-boostxl-senshub\compdcm_mpu9150\ccs\..\..\..\..\..\driverlib\ccs\Debug\</path>
         <kind>archive</kind>
         <file>driverlib.lib</file>
         <name>cpu.obj</name>
      </input_file>
      <input_file id="fl-147">
         <path>C:\ti\TivaWare_C_Series-2.0.1.11577\examples\boards\ek-tm4c123gxl-boostxl-senshub\compdcm_mpu9150\ccs\..\..\..\..\..\sensorlib\ccs\Debug\</path>
         <kind>archive</kind>
         <file>sensorlib.lib</file>
         <name>mpu9150.obj</name>
      </input_file>
      <input_file id="fl-148">
         <path>C:\ti\TivaWare_C_Series-2.0.1.11577\examples\boards\ek-tm4c123gxl-boostxl-senshub\compdcm_mpu9150\ccs\..\..\..\..\..\sensorlib\ccs\Debug\</path>
         <kind>archive</kind>
         <file>sensorlib.lib</file>
         <name>i2cm_drv.obj</name>
      </input_file>
      <input_file id="fl-149">
         <path>C:\ti\TivaWare_C_Series-2.0.1.11577\examples\boards\ek-tm4c123gxl-boostxl-senshub\compdcm_mpu9150\ccs\..\..\..\..\..\sensorlib\ccs\Debug\</path>
         <kind>archive</kind>
         <file>sensorlib.lib</file>
         <name>bmp180.obj</name>
      </input_file>
      <input_file id="fl-14a">
         <path>c:\ti\ccsv6\tools\compiler\arm_5.1.11\lib\</path>
         <kind>archive</kind>
         <file>rtsv7M4_T_le_v4SPD16_eabi.lib</file>
         <name>fd_mul_t2.obj</name>
      </input_file>
      <input_file id="fl-14b">
         <path>c:\ti\ccsv6\tools\compiler\arm_5.1.11\lib\</path>
         <kind>archive</kind>
         <file>rtsv7M4_T_le_v4SPD16_eabi.lib</file>
         <name>fd_tos_t2.obj</name>
      </input_file>
      <input_file id="fl-14c">
         <path>c:\ti\ccsv6\tools\compiler\arm_5.1.11\lib\</path>
         <kind>archive</kind>
         <file>rtsv7M4_T_le_v4SPD16_eabi.lib</file>
         <name>fs_tod_t2.obj</name>
      </input_file>
      <input_file id="fl-14d">
         <path>C:\ti\TivaWare_C_Series-2.0.1.11577\examples\boards\ek-tm4c123gxl-boostxl-senshub\compdcm_mpu9150\ccs\..\..\..\..\..\driverlib\ccs\Debug\</path>
         <kind>archive</kind>
         <file>driverlib.lib</file>
         <name>i2c.obj</name>
      </input_file>
   </input_file_list>
   <object_component_list>
      <object_component id="oc-e">
         <name>.intvecs</name>
         <load_address>0x0</load_address>
         <run_address>0x0</run_address>
         <size>0x26c</size>
         <input_file_ref idref="fl-3"/>
      </object_component>
      <object_component id="oc-3be">
         <name>.text:UARTvprintf</name>
         <load_address>0x26c</load_address>
         <run_address>0x26c</run_address>
         <size>0x1ea</size>
         <input_file_ref idref="fl-4"/>
      </object_component>
      <object_component id="oc-35">
         <name>.text:FaultISR</name>
         <load_address>0x456</load_address>
         <run_address>0x456</run_address>
         <size>0x2</size>
         <input_file_ref idref="fl-3"/>
      </object_component>
      <object_component id="oc-328">
         <name>.text:BMP180Callback</name>
         <load_address>0x458</load_address>
         <run_address>0x458</run_address>
         <size>0x1dc</size>
         <input_file_ref idref="fl-149"/>
      </object_component>
      <object_component id="oc-10a">
         <name>.text:main</name>
         <load_address>0x634</load_address>
         <run_address>0x634</run_address>
         <size>0x1d4</size>
         <input_file_ref idref="fl-2"/>
      </object_component>
      <object_component id="oc-140">
         <name>.text:MPU9150Callback</name>
         <load_address>0x808</load_address>
         <run_address>0x808</run_address>
         <size>0x180</size>
         <input_file_ref idref="fl-147"/>
      </object_component>
      <object_component id="oc-47">
         <name>.text:UARTStdioIntHandler</name>
         <load_address>0x988</load_address>
         <run_address>0x988</run_address>
         <size>0x160</size>
         <input_file_ref idref="fl-4"/>
      </object_component>
      <object_component id="oc-365">
         <name>.text:GPIOPadConfigSet</name>
         <load_address>0xae8</load_address>
         <run_address>0xae8</run_address>
         <size>0x130</size>
         <input_file_ref idref="fl-145"/>
      </object_component>
      <object_component id="oc-e4">
         <name>.text:I2CMIntHandler</name>
         <load_address>0xc18</load_address>
         <run_address>0xc18</run_address>
         <size>0xf2</size>
         <input_file_ref idref="fl-148"/>
      </object_component>
      <object_component id="oc-4d">
         <name>.text:HibernateHandler</name>
         <load_address>0xd0a</load_address>
         <run_address>0xd0a</run_address>
         <size>0x2</size>
         <input_file_ref idref="fl-2"/>
      </object_component>
      <object_component id="oc-1e9">
         <name>.text:InitializeMPU9150</name>
         <load_address>0xd0c</load_address>
         <run_address>0xd0c</run_address>
         <size>0xd8</size>
         <input_file_ref idref="fl-2"/>
      </object_component>
      <object_component id="oc-f4">
         <name>.text:RGBEnable</name>
         <load_address>0xde4</load_address>
         <run_address>0xde4</run_address>
         <size>0xc0</size>
         <input_file_ref idref="fl-5"/>
      </object_component>
      <object_component id="oc-2d6">
         <name>.text:UARTStdioConfig</name>
         <load_address>0xea4</load_address>
         <run_address>0xea4</run_address>
         <size>0xb0</size>
         <input_file_ref idref="fl-4"/>
      </object_component>
      <object_component id="oc-c8">
         <name>.text:UARTwrite</name>
         <load_address>0xf54</load_address>
         <run_address>0xf54</run_address>
         <size>0xa8</size>
         <input_file_ref idref="fl-4"/>
      </object_component>
      <object_component id="oc-306">
         <name>.text:MPU9150Write</name>
         <load_address>0xffc</load_address>
         <run_address>0xffc</run_address>
         <size>0xa0</size>
         <input_file_ref idref="fl-147"/>
      </object_component>
      <object_component id="oc-77">
         <name>.text</name>
         <load_address>0x109c</load_address>
         <run_address>0x109c</run_address>
         <size>0x9c</size>
         <input_file_ref idref="fl-13a"/>
      </object_component>
      <object_component id="oc-1b2">
         <name>.text:I2CMStateIdle</name>
         <load_address>0x1138</load_address>
         <run_address>0x1138</run_address>
         <size>0x98</size>
         <input_file_ref idref="fl-148"/>
      </object_component>
      <object_component id="oc-62">
         <name>.text</name>
         <load_address>0x11d0</load_address>
         <run_address>0x11d0</run_address>
         <size>0x94</size>
         <input_file_ref idref="fl-13f"/>
      </object_component>
      <object_component id="oc-376">
         <name>.text:MPU9150AppErrorHandler</name>
         <load_address>0x1264</load_address>
         <run_address>0x1264</run_address>
         <size>0x8c</size>
         <input_file_ref idref="fl-2"/>
      </object_component>
      <object_component id="oc-bc">
         <name>.text:UARTPrimeTransmit</name>
         <load_address>0x12f0</load_address>
         <run_address>0x12f0</run_address>
         <size>0x8c</size>
         <input_file_ref idref="fl-4"/>
      </object_component>
      <object_component id="oc-13a">
         <name>.text:I2CMCommand</name>
         <load_address>0x137c</load_address>
         <run_address>0x137c</run_address>
         <size>0x84</size>
         <input_file_ref idref="fl-148"/>
      </object_component>
      <object_component id="oc-1f5">
         <name>.text:SetMpuSampleRate</name>
         <load_address>0x1400</load_address>
         <run_address>0x1400</run_address>
         <size>0x84</size>
         <input_file_ref idref="fl-2"/>
      </object_component>
      <object_component id="oc-1c5">
         <name>.text:ConfigureUART</name>
         <load_address>0x1484</load_address>
         <run_address>0x1484</run_address>
         <size>0x70</size>
         <input_file_ref idref="fl-2"/>
      </object_component>
      <object_component id="oc-386">
         <name>.text:I2CMReadModifyWrite8</name>
         <load_address>0x14f4</load_address>
         <run_address>0x14f4</run_address>
         <size>0x70</size>
         <input_file_ref idref="fl-148"/>
      </object_component>
      <object_component id="oc-1dd">
         <name>.text:SetUpPeripheralsInterrupts</name>
         <load_address>0x1564</load_address>
         <run_address>0x1564</run_address>
         <size>0x70</size>
         <input_file_ref idref="fl-2"/>
      </object_component>
      <object_component id="oc-2fa">
         <name>.text:MPU9150Init</name>
         <load_address>0x15d4</load_address>
         <run_address>0x15d4</run_address>
         <size>0x6c</size>
         <input_file_ref idref="fl-147"/>
      </object_component>
      <object_component id="oc-ee">
         <name>.text:RGBDisable</name>
         <load_address>0x1640</load_address>
         <run_address>0x1640</run_address>
         <size>0x68</size>
         <input_file_ref idref="fl-5"/>
      </object_component>
      <object_component id="oc-256">
         <name>.text:IntIsEnabled</name>
         <load_address>0x16a8</load_address>
         <run_address>0x16a8</run_address>
         <size>0x64</size>
         <input_file_ref idref="fl-144"/>
      </object_component>
      <object_component id="oc-3b7">
         <name>.text:I2CMReadModifyWrite8Callback</name>
         <load_address>0x170c</load_address>
         <run_address>0x170c</run_address>
         <size>0x60</size>
         <input_file_ref idref="fl-148"/>
      </object_component>
      <object_component id="oc-25c">
         <name>.text:IntDisable</name>
         <load_address>0x176c</load_address>
         <run_address>0x176c</run_address>
         <size>0x60</size>
         <input_file_ref idref="fl-144"/>
      </object_component>
      <object_component id="oc-268">
         <name>.text:IntEnable</name>
         <load_address>0x17cc</load_address>
         <run_address>0x17cc</run_address>
         <size>0x60</size>
         <input_file_ref idref="fl-144"/>
      </object_component>
      <object_component id="oc-a7">
         <name>.text:MPU9150DataRead</name>
         <load_address>0x182c</load_address>
         <run_address>0x182c</run_address>
         <size>0x60</size>
         <input_file_ref idref="fl-147"/>
      </object_component>
      <object_component id="oc-1a0">
         <name>.text:I2CMStateWritePause</name>
         <load_address>0x188c</load_address>
         <run_address>0x188c</run_address>
         <size>0x5e</size>
         <input_file_ref idref="fl-148"/>
      </object_component>
      <object_component id="oc-8a">
         <name>.text</name>
         <load_address>0x18ea</load_address>
         <run_address>0x18ea</run_address>
         <size>0x5e</size>
         <input_file_ref idref="fl-136"/>
      </object_component>
      <object_component id="oc-1d1">
         <name>.text:ConfigureI2C</name>
         <load_address>0x1948</load_address>
         <run_address>0x1948</run_address>
         <size>0x5c</size>
         <input_file_ref idref="fl-2"/>
      </object_component>
      <object_component id="oc-321">
         <name>.text:MPU9150Read</name>
         <load_address>0x19a4</load_address>
         <run_address>0x19a4</run_address>
         <size>0x5c</size>
         <input_file_ref idref="fl-147"/>
      </object_component>
      <object_component id="oc-1fb">
         <name>.text:BMP180DataRead</name>
         <load_address>0x1a00</load_address>
         <run_address>0x1a00</run_address>
         <size>0x58</size>
         <input_file_ref idref="fl-149"/>
      </object_component>
      <object_component id="oc-313">
         <name>.text:BMP180Init</name>
         <load_address>0x1a58</load_address>
         <run_address>0x1a58</run_address>
         <size>0x58</size>
         <input_file_ref idref="fl-149"/>
      </object_component>
      <object_component id="oc-37f">
         <name>.text:I2CMWrite8</name>
         <load_address>0x1ab0</load_address>
         <run_address>0x1ab0</run_address>
         <size>0x58</size>
         <input_file_ref idref="fl-148"/>
      </object_component>
      <object_component id="oc-30c">
         <name>.text:MPU9150ReadModifyWrite</name>
         <load_address>0x1b08</load_address>
         <run_address>0x1b08</run_address>
         <size>0x54</size>
         <input_file_ref idref="fl-147"/>
      </object_component>
      <object_component id="oc-1a6">
         <name>.text:I2CMStateWriteFinal</name>
         <load_address>0x1b5c</load_address>
         <run_address>0x1b5c</run_address>
         <size>0x4e</size>
         <input_file_ref idref="fl-148"/>
      </object_component>
      <object_component id="oc-3b">
         <name>.text:IntDefaultHandler</name>
         <load_address>0x1baa</load_address>
         <run_address>0x1baa</run_address>
         <size>0x2</size>
         <input_file_ref idref="fl-3"/>
      </object_component>
      <object_component id="oc-319">
         <name>.text:BMP180ReadModifyWrite</name>
         <load_address>0x1bac</load_address>
         <run_address>0x1bac</run_address>
         <size>0x4c</size>
         <input_file_ref idref="fl-149"/>
      </object_component>
      <object_component id="oc-1ef">
         <name>.text:InitializeBMP180</name>
         <load_address>0x1bf8</load_address>
         <run_address>0x1bf8</run_address>
         <size>0x4c</size>
         <input_file_ref idref="fl-2"/>
      </object_component>
      <object_component id="oc-18e">
         <name>.text:I2CMStateReadNext</name>
         <load_address>0x1c44</load_address>
         <run_address>0x1c44</run_address>
         <size>0x48</size>
         <input_file_ref idref="fl-148"/>
      </object_component>
      <object_component id="oc-2ed">
         <name>.text:I2CMasterInitExpClk</name>
         <load_address>0x1c8c</load_address>
         <run_address>0x1c8c</run_address>
         <size>0x48</size>
         <input_file_ref idref="fl-14d"/>
      </object_component>
      <object_component id="oc-11">
         <name>.text</name>
         <load_address>0x1cd4</load_address>
         <run_address>0x1cd4</run_address>
         <size>0x48</size>
         <input_file_ref idref="fl-134"/>
      </object_component>
      <object_component id="oc-1ac">
         <name>.text:I2CMStateWriteNext</name>
         <load_address>0x1d1c</load_address>
         <run_address>0x1d1c</run_address>
         <size>0x46</size>
         <input_file_ref idref="fl-148"/>
      </object_component>
      <object_component id="oc-176">
         <name>.text:I2CMStateCallback</name>
         <load_address>0x1d62</load_address>
         <run_address>0x1d62</run_address>
         <size>0x44</size>
         <input_file_ref idref="fl-148"/>
      </object_component>
      <object_component id="oc-2f">
         <name>.text:NmiSR</name>
         <load_address>0x1da6</load_address>
         <run_address>0x1da6</run_address>
         <size>0x2</size>
         <input_file_ref idref="fl-3"/>
      </object_component>
      <object_component id="oc-103">
         <name>.text</name>
         <load_address>0x1da8</load_address>
         <run_address>0x1da8</run_address>
         <size>0x44</size>
         <input_file_ref idref="fl-140"/>
      </object_component>
      <object_component id="oc-6d">
         <name>.text</name>
         <load_address>0x1dec</load_address>
         <run_address>0x1dec</run_address>
         <size>0x44</size>
         <input_file_ref idref="fl-138"/>
      </object_component>
      <object_component id="oc-3d2">
         <name>.text</name>
         <load_address>0x1e30</load_address>
         <run_address>0x1e30</run_address>
         <size>0x40</size>
         <input_file_ref idref="fl-13c"/>
      </object_component>
      <object_component id="oc-188">
         <name>.text:I2CMStateReadFinal</name>
         <load_address>0x1e70</load_address>
         <run_address>0x1e70</run_address>
         <size>0x3e</size>
         <input_file_ref idref="fl-148"/>
      </object_component>
      <object_component id="oc-182">
         <name>.text:I2CMStateReadPause</name>
         <load_address>0x1eae</load_address>
         <run_address>0x1eae</run_address>
         <size>0x3e</size>
         <input_file_ref idref="fl-148"/>
      </object_component>
      <object_component id="oc-1d7">
         <name>.text:ConfigureMPU9150Interrupt</name>
         <load_address>0x1eec</load_address>
         <run_address>0x1eec</run_address>
         <size>0x3c</size>
         <input_file_ref idref="fl-2"/>
      </object_component>
      <object_component id="oc-357">
         <name>.text:UARTFlushTx</name>
         <load_address>0x1f28</load_address>
         <run_address>0x1f28</run_address>
         <size>0x3c</size>
         <input_file_ref idref="fl-4"/>
      </object_component>
      <object_component id="oc-3b0">
         <name>.text:I2CMWrite8Callback</name>
         <load_address>0x1f64</load_address>
         <run_address>0x1f64</run_address>
         <size>0x38</size>
         <input_file_ref idref="fl-148"/>
      </object_component>
      <object_component id="oc-59">
         <name>.text:RGBBlinkIntHandler</name>
         <load_address>0x1f9c</load_address>
         <run_address>0x1f9c</run_address>
         <size>0x38</size>
         <input_file_ref idref="fl-5"/>
      </object_component>
      <object_component id="oc-1e3">
         <name>.text:I2CMInit</name>
         <load_address>0x1fd4</load_address>
         <run_address>0x1fd4</run_address>
         <size>0x34</size>
         <input_file_ref idref="fl-148"/>
      </object_component>
      <object_component id="oc-41">
         <name>.text:IntGPIOb</name>
         <load_address>0x2008</load_address>
         <run_address>0x2008</run_address>
         <size>0x34</size>
         <input_file_ref idref="fl-2"/>
      </object_component>
      <object_component id="oc-213">
         <name>.text:MPU9150DataAccelGetRaw</name>
         <load_address>0x203c</load_address>
         <run_address>0x203c</run_address>
         <size>0x34</size>
         <input_file_ref idref="fl-147"/>
      </object_component>
      <object_component id="oc-21f">
         <name>.text:MPU9150DataGyroGetRaw</name>
         <load_address>0x2070</load_address>
         <run_address>0x2070</run_address>
         <size>0x34</size>
         <input_file_ref idref="fl-147"/>
      </object_component>
      <object_component id="oc-3ca">
         <name>.text:I2CMTransferResume</name>
         <load_address>0x20a4</load_address>
         <run_address>0x20a4</run_address>
         <size>0x30</size>
         <input_file_ref idref="fl-148"/>
      </object_component>
      <object_component id="oc-225">
         <name>.text:MPU9150DataMagnetoGetRaw</name>
         <load_address>0x20d4</load_address>
         <run_address>0x20d4</run_address>
         <size>0x30</size>
         <input_file_ref idref="fl-147"/>
      </object_component>
      <object_component id="oc-300">
         <name>.text:MPU9150AppI2CWait</name>
         <load_address>0x2104</load_address>
         <run_address>0x2104</run_address>
         <size>0x2c</size>
         <input_file_ref idref="fl-2"/>
      </object_component>
      <object_component id="oc-351">
         <name>.text:UARTFlushRx</name>
         <load_address>0x2130</load_address>
         <run_address>0x2130</run_address>
         <size>0x2c</size>
         <input_file_ref idref="fl-4"/>
      </object_component>
      <object_component id="oc-35f">
         <name>.text:GPIODirModeSet</name>
         <load_address>0x215c</load_address>
         <run_address>0x215c</run_address>
         <size>0x2a</size>
         <input_file_ref idref="fl-145"/>
      </object_component>
      <object_component id="oc-194">
         <name>.text:I2CMStateReadFirst</name>
         <load_address>0x2186</load_address>
         <run_address>0x2186</run_address>
         <size>0x2a</size>
         <input_file_ref idref="fl-148"/>
      </object_component>
      <object_component id="oc-1cb">
         <name>.text:EnableLED</name>
         <load_address>0x21b0</load_address>
         <run_address>0x21b0</run_address>
         <size>0x28</size>
         <input_file_ref idref="fl-2"/>
      </object_component>
      <object_component id="oc-19a">
         <name>.text:I2CMStateReadOne</name>
         <load_address>0x21d8</load_address>
         <run_address>0x21d8</run_address>
         <size>0x20</size>
         <input_file_ref idref="fl-148"/>
      </object_component>
      <object_component id="oc-219">
         <name>.text:Divide16BitTo8Bit</name>
         <load_address>0x21f8</load_address>
         <run_address>0x21f8</run_address>
         <size>0x1c</size>
         <input_file_ref idref="fl-2"/>
      </object_component>
      <object_component id="oc-3a8">
         <name>.text:UARTprintf</name>
         <load_address>0x2214</load_address>
         <run_address>0x2214</run_address>
         <size>0x1a</size>
         <input_file_ref idref="fl-4"/>
      </object_component>
      <object_component id="oc-201">
         <name>.text:BMP180DataPressureGetRaw</name>
         <load_address>0x222e</load_address>
         <run_address>0x222e</run_address>
         <size>0x18</size>
         <input_file_ref idref="fl-149"/>
      </object_component>
      <object_component id="oc-17c">
         <name>.text:I2CMStateReadWait</name>
         <load_address>0x2246</load_address>
         <run_address>0x2246</run_address>
         <size>0x18</size>
         <input_file_ref idref="fl-148"/>
      </object_component>
      <object_component id="oc-ce">
         <name>.text:IsBufferFull</name>
         <load_address>0x225e</load_address>
         <run_address>0x225e</run_address>
         <size>0x18</size>
         <input_file_ref idref="fl-4"/>
      </object_component>
      <object_component id="oc-3d9">
         <name>.text</name>
         <load_address>0x2276</load_address>
         <run_address>0x2276</run_address>
         <size>0x2</size>
         <input_file_ref idref="fl-141"/>
      </object_component>
      <object_component id="oc-b0">
         <name>.text:MPU9150AppCallback</name>
         <load_address>0x2278</load_address>
         <run_address>0x2278</run_address>
         <size>0x18</size>
         <input_file_ref idref="fl-2"/>
      </object_component>
      <object_component id="oc-67">
         <name>.text</name>
         <load_address>0x2290</load_address>
         <run_address>0x2290</run_address>
         <size>0x18</size>
         <input_file_ref idref="fl-13e"/>
      </object_component>
      <object_component id="oc-246">
         <name>.text</name>
         <load_address>0x22a8</load_address>
         <run_address>0x22a8</run_address>
         <size>0x14</size>
         <input_file_ref idref="fl-13d"/>
      </object_component>
      <object_component id="oc-2de">
         <name>.text:GPIOPinTypeI2CSCL</name>
         <load_address>0x22bc</load_address>
         <run_address>0x22bc</run_address>
         <size>0x12</size>
         <input_file_ref idref="fl-145"/>
      </object_component>
      <object_component id="oc-1c">
         <name>.text:decompress:ZI</name>
         <load_address>0x22ce</load_address>
         <run_address>0x22ce</run_address>
         <size>0x12</size>
         <input_file_ref idref="fl-137"/>
      </object_component>
      <object_component id="oc-234">
         <name>.text:BMP180AppCallback</name>
         <load_address>0x22e0</load_address>
         <run_address>0x22e0</run_address>
         <size>0x10</size>
         <input_file_ref idref="fl-2"/>
      </object_component>
      <object_component id="oc-9b">
         <name>.text:GPIOIntStatus</name>
         <load_address>0x22f0</load_address>
         <run_address>0x22f0</run_address>
         <size>0xe</size>
         <input_file_ref idref="fl-145"/>
      </object_component>
      <object_component id="oc-c2">
         <name>.text:IsBufferEmpty</name>
         <load_address>0x22fe</load_address>
         <run_address>0x22fe</run_address>
         <size>0xe</size>
         <input_file_ref idref="fl-4"/>
      </object_component>
      <object_component id="oc-16">
         <name>.text:decompress:none</name>
         <load_address>0x230c</load_address>
         <run_address>0x230c</run_address>
         <size>0xe</size>
         <input_file_ref idref="fl-135"/>
      </object_component>
      <object_component id="oc-22b">
         <name>.text:BMP180DataTemperatureGetRaw</name>
         <load_address>0x231a</load_address>
         <run_address>0x231a</run_address>
         <size>0xc</size>
         <input_file_ref idref="fl-149"/>
      </object_component>
      <object_component id="oc-2e5">
         <name>.text:GPIOIntEnable</name>
         <load_address>0x2326</load_address>
         <run_address>0x2326</run_address>
         <size>0xc</size>
         <input_file_ref idref="fl-145"/>
      </object_component>
      <object_component id="oc-262">
         <name>.text:IntTrigger</name>
         <load_address>0x2334</load_address>
         <run_address>0x2334</run_address>
         <size>0xc</size>
         <input_file_ref idref="fl-144"/>
      </object_component>
      <object_component id="oc-53">
         <name>.text:MPU9150I2CIntHandler</name>
         <load_address>0x2340</load_address>
         <run_address>0x2340</run_address>
         <size>0xc</size>
         <input_file_ref idref="fl-2"/>
      </object_component>
      <object_component id="oc-2d0">
         <name>.text:UARTFlowControlSet</name>
         <load_address>0x234c</load_address>
         <run_address>0x234c</run_address>
         <size>0xc</size>
         <input_file_ref idref="fl-142"/>
      </object_component>
      <object_component id="oc-36d">
         <name>.text:I2CMasterEnable</name>
         <load_address>0x2358</load_address>
         <run_address>0x2358</run_address>
         <size>0xa</size>
         <input_file_ref idref="fl-14d"/>
      </object_component>
      <object_component id="oc-20d">
         <name>.text:UARTCharPut</name>
         <load_address>0x2362</load_address>
         <run_address>0x2362</run_address>
         <size>0xa</size>
         <input_file_ref idref="fl-142"/>
      </object_component>
      <object_component id="oc-16a">
         <name>.text:I2CMasterIntClear</name>
         <load_address>0x236c</load_address>
         <run_address>0x236c</run_address>
         <size>0x8</size>
         <input_file_ref idref="fl-14d"/>
      </object_component>
      <object_component id="oc-2f3">
         <name>.text:I2CMasterIntEnableEx</name>
         <load_address>0x2374</load_address>
         <run_address>0x2374</run_address>
         <size>0x8</size>
         <input_file_ref idref="fl-14d"/>
      </object_component>
      <object_component id="oc-2a5">
         <name>.text:I2CMasterSlaveAddrSet</name>
         <load_address>0x237c</load_address>
         <run_address>0x237c</run_address>
         <size>0x8</size>
         <input_file_ref idref="fl-14d"/>
      </object_component>
      <object_component id="oc-a1">
         <name>.text:GPIOIntClear</name>
         <load_address>0x2384</load_address>
         <run_address>0x2384</run_address>
         <size>0x6</size>
         <input_file_ref idref="fl-145"/>
      </object_component>
      <object_component id="oc-207">
         <name>.text:GPIOPinWrite</name>
         <load_address>0x238a</load_address>
         <run_address>0x238a</run_address>
         <size>0x6</size>
         <input_file_ref idref="fl-145"/>
      </object_component>
      <object_component id="oc-29">
         <name>.text:ResetISR</name>
         <load_address>0x2390</load_address>
         <run_address>0x2390</run_address>
         <size>0x6</size>
         <input_file_ref idref="fl-3"/>
      </object_component>
      <object_component id="oc-2ca">
         <name>.text:UARTClockSourceSet</name>
         <load_address>0x2396</load_address>
         <run_address>0x2396</run_address>
         <size>0x6</size>
         <input_file_ref idref="fl-142"/>
      </object_component>
      <object_component id="oc-22">
         <name>.text:decompress:rle24</name>
         <load_address>0x239c</load_address>
         <run_address>0x239c</run_address>
         <size>0x6</size>
         <input_file_ref idref="fl-136"/>
      </object_component>
      <object_component id="oc-170">
         <name>.text:I2CMasterControl</name>
         <load_address>0x23a2</load_address>
         <run_address>0x23a2</run_address>
         <size>0x4</size>
         <input_file_ref idref="fl-14d"/>
      </object_component>
      <object_component id="oc-29b">
         <name>.text:I2CMasterDataGet</name>
         <load_address>0x23a6</load_address>
         <run_address>0x23a6</run_address>
         <size>0x4</size>
         <input_file_ref idref="fl-14d"/>
      </object_component>
      <object_component id="oc-2ad">
         <name>.text:I2CMasterDataPut</name>
         <load_address>0x23aa</load_address>
         <run_address>0x23aa</run_address>
         <size>0x4</size>
         <input_file_ref idref="fl-14d"/>
      </object_component>
      <object_component id="oc-342">
         <name>.const</name>
         <load_address>0x23b0</load_address>
         <run_address>0x23b0</run_address>
         <size>0x70</size>
         <input_file_ref idref="fl-144"/>
      </object_component>
      <object_component id="oc-15a">
         <name>.const</name>
         <load_address>0x2420</load_address>
         <run_address>0x2420</run_address>
         <size>0x28</size>
         <input_file_ref idref="fl-4"/>
      </object_component>
      <object_component id="oc-292">
         <name>.const:.string</name>
         <load_address>0x2448</load_address>
         <run_address>0x2448</run_address>
         <size>0x12</size>
         <input_file_ref idref="fl-4"/>
      </object_component>
      <object_component id="oc-3ff">
         <name>.cinit..data.load</name>
         <load_address>0x2460</load_address>
         <run_address>0x2460</run_address>
         <size>0x12</size>
      </object_component>
      <object_component id="oc-3fd">
         <name>__TI_handler_table</name>
         <load_address>0x2474</load_address>
         <run_address>0x2474</run_address>
         <size>0xc</size>
      </object_component>
      <object_component id="oc-400">
         <name>.cinit..bss.load</name>
         <load_address>0x2480</load_address>
         <run_address>0x2480</run_address>
         <size>0x8</size>
      </object_component>
      <object_component id="oc-3fe">
         <name>__TI_cinit_table</name>
         <load_address>0x2488</load_address>
         <run_address>0x2488</run_address>
         <size>0x10</size>
      </object_component>
      <object_component id="oc-73">
         <name>.data</name>
         <load_address>0x20000a9c</load_address>
         <run_address>0x20000a9c</run_address>
         <size>0x4</size>
         <input_file_ref idref="fl-13b"/>
      </object_component>
      <object_component id="oc-d4">
         <name>.data</name>
         <load_address>0x20000a74</load_address>
         <run_address>0x20000a74</run_address>
         <size>0x15</size>
         <input_file_ref idref="fl-4"/>
      </object_component>
      <object_component id="oc-112">
         <name>.data</name>
         <load_address>0x20000a8c</load_address>
         <run_address>0x20000a8c</run_address>
         <size>0x8</size>
         <input_file_ref idref="fl-13d"/>
      </object_component>
      <object_component id="oc-115">
         <name>.data</name>
         <load_address>0x20000a94</load_address>
         <run_address>0x20000a94</run_address>
         <size>0x8</size>
         <input_file_ref idref="fl-138"/>
      </object_component>
      <object_component id="oc-ad">
         <name>.bss:g_sMPU9150Inst</name>
         <uninitialized>true</uninitialized>
         <run_address>0x200005a4</run_address>
         <size>0x6c</size>
         <input_file_ref idref="fl-2"/>
      </object_component>
      <object_component id="oc-da">
         <name>.bss:g_pcUARTRxBuffer</name>
         <uninitialized>true</uninitialized>
         <run_address>0x20000524</run_address>
         <size>0x80</size>
         <input_file_ref idref="fl-4"/>
      </object_component>
      <object_component id="oc-ea">
         <name>.bss:g_sI2CInst</name>
         <uninitialized>true</uninitialized>
         <run_address>0x20000400</run_address>
         <size>0x124</size>
         <input_file_ref idref="fl-2"/>
      </object_component>
      <object_component id="oc-15d">
         <name>.bss:g_pcUARTTxBuffer</name>
         <uninitialized>true</uninitialized>
         <run_address>0x20000000</run_address>
         <size>0x400</size>
         <input_file_ref idref="fl-4"/>
      </object_component>
      <object_component id="oc-231">
         <name>.bss:g_sBMP180Inst</name>
         <uninitialized>true</uninitialized>
         <run_address>0x20000610</run_address>
         <size>0x44</size>
         <input_file_ref idref="fl-2"/>
      </object_component>
      <object_component id="oc-37d">
         <name>.common:g_vui8I2CDoneFlag</name>
         <uninitialized>true</uninitialized>
         <run_address>0x20000660</run_address>
         <size>0x4</size>
      </object_component>
      <object_component id="oc-3ae">
         <name>.common:g_vui8ErrorFlag</name>
         <uninitialized>true</uninitialized>
         <run_address>0x2000065c</run_address>
         <size>0x4</size>
      </object_component>
      <object_component id="oc-33b">
         <name>.common:g_vui8DataFlag</name>
         <uninitialized>true</uninitialized>
         <run_address>0x20000658</run_address>
         <size>0x4</size>
      </object_component>
      <object_component id="oc-23a">
         <name>.common:m_pressureValue</name>
         <uninitialized>true</uninitialized>
         <run_address>0x20000664</run_address>
         <size>0x4</size>
      </object_component>
      <object_component id="oc-23c">
         <name>.common:m_tempValue</name>
         <uninitialized>true</uninitialized>
         <run_address>0x20000668</run_address>
         <size>0x4</size>
      </object_component>
      <object_component id="oc-d7">
         <name>.common:g_bDisableEcho</name>
         <uninitialized>true</uninitialized>
         <run_address>0x20000670</run_address>
         <size>0x1</size>
      </object_component>
      <object_component id="oc-35d">
         <name>.common:g_ui32PortNum</name>
         <uninitialized>true</uninitialized>
         <run_address>0x20000654</run_address>
         <size>0x4</size>
      </object_component>
      <object_component id="oc-fa">
         <name>.common:ulFlags$1</name>
         <uninitialized>true</uninitialized>
         <run_address>0x2000066c</run_address>
         <size>0x4</size>
      </object_component>
      <object_component id="oc-28">
         <name>.stack</name>
         <uninitialized>true</uninitialized>
         <run_address>0x20000674</run_address>
         <size>0x0</size>
         <input_file_ref idref="fl-134"/>
      </object_component>
      <object_component id="oc-401">
         <name>.stack</name>
         <uninitialized>true</uninitialized>
         <run_address>0x20000674</run_address>
         <size>0x0</size>
      </object_component>
      <object_component id="oc-f">
         <name>.debug_info</name>
         <load_address>0x0</load_address>
         <run_address>0x0</run_address>
         <size>0xeb</size>
         <input_file_ref idref="fl-3"/>
      </object_component>
      <object_component id="oc-12">
         <name>.debug_info</name>
         <load_address>0xeb</load_address>
         <run_address>0xeb</run_address>
         <size>0xf2</size>
         <input_file_ref idref="fl-134"/>
      </object_component>
      <object_component id="oc-17">
         <name>.debug_info</name>
         <load_address>0x1dd</load_address>
         <run_address>0x1dd</run_address>
         <size>0x180</size>
         <input_file_ref idref="fl-135"/>
      </object_component>
      <object_component id="oc-1d">
         <name>.debug_info</name>
         <load_address>0x35d</load_address>
         <run_address>0x35d</run_address>
         <size>0x16b</size>
         <input_file_ref idref="fl-137"/>
      </object_component>
      <object_component id="oc-26">
         <name>.debug_info</name>
         <load_address>0x4c8</load_address>
         <run_address>0x4c8</run_address>
         <size>0x167</size>
         <input_file_ref idref="fl-136"/>
      </object_component>
      <object_component id="oc-2a">
         <name>.debug_info</name>
         <load_address>0x62f</load_address>
         <run_address>0x62f</run_address>
         <size>0x11b</size>
         <input_file_ref idref="fl-3"/>
      </object_component>
      <object_component id="oc-30">
         <name>.debug_info</name>
         <load_address>0x74a</load_address>
         <run_address>0x74a</run_address>
         <size>0x10c</size>
         <input_file_ref idref="fl-3"/>
      </object_component>
      <object_component id="oc-36">
         <name>.debug_info</name>
         <load_address>0x856</load_address>
         <run_address>0x856</run_address>
         <size>0x112</size>
         <input_file_ref idref="fl-3"/>
      </object_component>
      <object_component id="oc-3c">
         <name>.debug_info</name>
         <load_address>0x968</load_address>
         <run_address>0x968</run_address>
         <size>0x124</size>
         <input_file_ref idref="fl-3"/>
      </object_component>
      <object_component id="oc-42">
         <name>.debug_info</name>
         <load_address>0xa8c</load_address>
         <run_address>0xa8c</run_address>
         <size>0x17d</size>
         <input_file_ref idref="fl-2"/>
      </object_component>
      <object_component id="oc-48">
         <name>.debug_info</name>
         <load_address>0xc09</load_address>
         <run_address>0xc09</run_address>
         <size>0x2cf</size>
         <input_file_ref idref="fl-4"/>
      </object_component>
      <object_component id="oc-4e">
         <name>.debug_info</name>
         <load_address>0xed8</load_address>
         <run_address>0xed8</run_address>
         <size>0x137</size>
         <input_file_ref idref="fl-2"/>
      </object_component>
      <object_component id="oc-54">
         <name>.debug_info</name>
         <load_address>0x100f</load_address>
         <run_address>0x100f</run_address>
         <size>0x14f</size>
         <input_file_ref idref="fl-2"/>
      </object_component>
      <object_component id="oc-5a">
         <name>.debug_info</name>
         <load_address>0x115e</load_address>
         <run_address>0x115e</run_address>
         <size>0x267</size>
         <input_file_ref idref="fl-5"/>
      </object_component>
      <object_component id="oc-61">
         <name>.debug_info</name>
         <load_address>0x13c5</load_address>
         <run_address>0x13c5</run_address>
         <size>0x1d0</size>
         <input_file_ref idref="fl-3"/>
      </object_component>
      <object_component id="oc-64">
         <name>.debug_info</name>
         <load_address>0x1595</load_address>
         <run_address>0x1595</run_address>
         <size>0x13a</size>
         <input_file_ref idref="fl-13f"/>
      </object_component>
      <object_component id="oc-68">
         <name>.debug_info</name>
         <load_address>0x16cf</load_address>
         <run_address>0x16cf</run_address>
         <size>0x11d</size>
         <input_file_ref idref="fl-13e"/>
      </object_component>
      <object_component id="oc-6e">
         <name>.debug_info</name>
         <load_address>0x17ec</load_address>
         <run_address>0x17ec</run_address>
         <size>0x1ae</size>
         <input_file_ref idref="fl-138"/>
      </object_component>
      <object_component id="oc-74">
         <name>.debug_info</name>
         <load_address>0x199a</load_address>
         <run_address>0x199a</run_address>
         <size>0xbf</size>
         <input_file_ref idref="fl-13b"/>
      </object_component>
      <object_component id="oc-78">
         <name>.debug_info</name>
         <load_address>0x1a59</load_address>
         <run_address>0x1a59</run_address>
         <size>0xcb</size>
         <input_file_ref idref="fl-13a"/>
      </object_component>
      <object_component id="oc-7d">
         <name>.debug_info</name>
         <load_address>0x1b24</load_address>
         <run_address>0x1b24</run_address>
         <size>0x46</size>
         <input_file_ref idref="fl-135"/>
      </object_component>
      <object_component id="oc-82">
         <name>.debug_info</name>
         <load_address>0x1b6a</load_address>
         <run_address>0x1b6a</run_address>
         <size>0xee</size>
         <input_file_ref idref="fl-135"/>
      </object_component>
      <object_component id="oc-84">
         <name>.debug_info</name>
         <load_address>0x1c58</load_address>
         <run_address>0x1c58</run_address>
         <size>0x46</size>
         <input_file_ref idref="fl-137"/>
      </object_component>
      <object_component id="oc-89">
         <name>.debug_info</name>
         <load_address>0x1c9e</load_address>
         <run_address>0x1c9e</run_address>
         <size>0xae</size>
         <input_file_ref idref="fl-137"/>
      </object_component>
      <object_component id="oc-8e">
         <name>.debug_info</name>
         <load_address>0x1d4c</load_address>
         <run_address>0x1d4c</run_address>
         <size>0x1f0</size>
         <input_file_ref idref="fl-136"/>
      </object_component>
      <object_component id="oc-91">
         <name>.debug_info</name>
         <load_address>0x1f3c</load_address>
         <run_address>0x1f3c</run_address>
         <size>0xb8</size>
         <input_file_ref idref="fl-136"/>
      </object_component>
      <object_component id="oc-92">
         <name>.debug_info</name>
         <load_address>0x1ff4</load_address>
         <run_address>0x1ff4</run_address>
         <size>0x39</size>
         <input_file_ref idref="fl-136"/>
      </object_component>
      <object_component id="oc-9c">
         <name>.debug_info</name>
         <load_address>0x202d</load_address>
         <run_address>0x202d</run_address>
         <size>0x1e3</size>
         <input_file_ref idref="fl-145"/>
      </object_component>
      <object_component id="oc-a2">
         <name>.debug_info</name>
         <load_address>0x2210</load_address>
         <run_address>0x2210</run_address>
         <size>0x1f1</size>
         <input_file_ref idref="fl-145"/>
      </object_component>
      <object_component id="oc-a9">
         <name>.debug_info</name>
         <load_address>0x2401</load_address>
         <run_address>0x2401</run_address>
         <size>0x254</size>
         <input_file_ref idref="fl-147"/>
      </object_component>
      <object_component id="oc-ae">
         <name>.debug_info</name>
         <load_address>0x2655</load_address>
         <run_address>0x2655</run_address>
         <size>0xf3</size>
         <input_file_ref idref="fl-2"/>
      </object_component>
      <object_component id="oc-b1">
         <name>.debug_info</name>
         <load_address>0x2748</load_address>
         <run_address>0x2748</run_address>
         <size>0x196</size>
         <input_file_ref idref="fl-2"/>
      </object_component>
      <object_component id="oc-b7">
         <name>.debug_info</name>
         <load_address>0x28de</load_address>
         <run_address>0x28de</run_address>
         <size>0x8b</size>
         <input_file_ref idref="fl-2"/>
      </object_component>
      <object_component id="oc-bd">
         <name>.debug_info</name>
         <load_address>0x2969</load_address>
         <run_address>0x2969</run_address>
         <size>0x1fb</size>
         <input_file_ref idref="fl-4"/>
      </object_component>
      <object_component id="oc-c3">
         <name>.debug_info</name>
         <load_address>0x2b64</load_address>
         <run_address>0x2b64</run_address>
         <size>0x23b</size>
         <input_file_ref idref="fl-4"/>
      </object_component>
      <object_component id="oc-c9">
         <name>.debug_info</name>
         <load_address>0x2d9f</load_address>
         <run_address>0x2d9f</run_address>
         <size>0x23e</size>
         <input_file_ref idref="fl-4"/>
      </object_component>
      <object_component id="oc-cf">
         <name>.debug_info</name>
         <load_address>0x2fdd</load_address>
         <run_address>0x2fdd</run_address>
         <size>0x26b</size>
         <input_file_ref idref="fl-4"/>
      </object_component>
      <object_component id="oc-d5">
         <name>.debug_info</name>
         <load_address>0x3248</load_address>
         <run_address>0x3248</run_address>
         <size>0x1f7</size>
         <input_file_ref idref="fl-4"/>
      </object_component>
      <object_component id="oc-d8">
         <name>.debug_info</name>
         <load_address>0x343f</load_address>
         <run_address>0x343f</run_address>
         <size>0x1b2</size>
         <input_file_ref idref="fl-4"/>
      </object_component>
      <object_component id="oc-db">
         <name>.debug_info</name>
         <load_address>0x35f1</load_address>
         <run_address>0x35f1</run_address>
         <size>0x117</size>
         <input_file_ref idref="fl-4"/>
      </object_component>
      <object_component id="oc-de">
         <name>.debug_info</name>
         <load_address>0x3708</load_address>
         <run_address>0x3708</run_address>
         <size>0x18b</size>
         <input_file_ref idref="fl-2"/>
      </object_component>
      <object_component id="oc-e5">
         <name>.debug_info</name>
         <load_address>0x3893</load_address>
         <run_address>0x3893</run_address>
         <size>0x418</size>
         <input_file_ref idref="fl-148"/>
      </object_component>
      <object_component id="oc-eb">
         <name>.debug_info</name>
         <load_address>0x3cab</load_address>
         <run_address>0x3cab</run_address>
         <size>0xeb</size>
         <input_file_ref idref="fl-2"/>
      </object_component>
      <object_component id="oc-ef">
         <name>.debug_info</name>
         <load_address>0x3d96</load_address>
         <run_address>0x3d96</run_address>
         <size>0x236</size>
         <input_file_ref idref="fl-5"/>
      </object_component>
      <object_component id="oc-f5">
         <name>.debug_info</name>
         <load_address>0x3fcc</load_address>
         <run_address>0x3fcc</run_address>
         <size>0x25e</size>
         <input_file_ref idref="fl-5"/>
      </object_component>
      <object_component id="oc-fc">
         <name>.debug_info</name>
         <load_address>0x422a</load_address>
         <run_address>0x422a</run_address>
         <size>0x84</size>
         <input_file_ref idref="fl-3"/>
      </object_component>
      <object_component id="oc-104">
         <name>.debug_info</name>
         <load_address>0x42ae</load_address>
         <run_address>0x42ae</run_address>
         <size>0x14c</size>
         <input_file_ref idref="fl-140"/>
      </object_component>
      <object_component id="oc-10b">
         <name>.debug_info</name>
         <load_address>0x43fa</load_address>
         <run_address>0x43fa</run_address>
         <size>0x43e</size>
         <input_file_ref idref="fl-2"/>
      </object_component>
      <object_component id="oc-111">
         <name>.debug_info</name>
         <load_address>0x4838</load_address>
         <run_address>0x4838</run_address>
         <size>0x11c</size>
         <input_file_ref idref="fl-13e"/>
      </object_component>
      <object_component id="oc-113">
         <name>.debug_info</name>
         <load_address>0x4954</load_address>
         <run_address>0x4954</run_address>
         <size>0xc9</size>
         <input_file_ref idref="fl-13d"/>
      </object_component>
      <object_component id="oc-116">
         <name>.debug_info</name>
         <load_address>0x4a1d</load_address>
         <run_address>0x4a1d</run_address>
         <size>0xec</size>
         <input_file_ref idref="fl-138"/>
      </object_component>
      <object_component id="oc-11c">
         <name>.debug_info</name>
         <load_address>0x4b09</load_address>
         <run_address>0x4b09</run_address>
         <size>0x2c</size>
         <input_file_ref idref="fl-135"/>
      </object_component>
      <object_component id="oc-123">
         <name>.debug_info</name>
         <load_address>0x4b35</load_address>
         <run_address>0x4b35</run_address>
         <size>0x2c</size>
         <input_file_ref idref="fl-137"/>
      </object_component>
      <object_component id="oc-12e">
         <name>.debug_info</name>
         <load_address>0x4b61</load_address>
         <run_address>0x4b61</run_address>
         <size>0x18b</size>
         <input_file_ref idref="fl-142"/>
      </object_component>
      <object_component id="oc-133">
         <name>.debug_info</name>
         <load_address>0x4cec</load_address>
         <run_address>0x4cec</run_address>
         <size>0x90</size>
         <input_file_ref idref="fl-142"/>
      </object_component>
      <object_component id="oc-138">
         <name>.debug_info</name>
         <load_address>0x4d7c</load_address>
         <run_address>0x4d7c</run_address>
         <size>0x1d7</size>
         <input_file_ref idref="fl-145"/>
      </object_component>
      <object_component id="oc-13b">
         <name>.debug_info</name>
         <load_address>0x4f53</load_address>
         <run_address>0x4f53</run_address>
         <size>0x3e8</size>
         <input_file_ref idref="fl-148"/>
      </object_component>
      <object_component id="oc-141">
         <name>.debug_info</name>
         <load_address>0x533b</load_address>
         <run_address>0x533b</run_address>
         <size>0x224</size>
         <input_file_ref idref="fl-147"/>
      </object_component>
      <object_component id="oc-147">
         <name>.debug_info</name>
         <load_address>0x555f</load_address>
         <run_address>0x555f</run_address>
         <size>0x18b</size>
         <input_file_ref idref="fl-147"/>
      </object_component>
      <object_component id="oc-14c">
         <name>.debug_info</name>
         <load_address>0x56ea</load_address>
         <run_address>0x56ea</run_address>
         <size>0x348</size>
         <input_file_ref idref="fl-147"/>
      </object_component>
      <object_component id="oc-14f">
         <name>.debug_info</name>
         <load_address>0x5a32</load_address>
         <run_address>0x5a32</run_address>
         <size>0x16c</size>
         <input_file_ref idref="fl-2"/>
      </object_component>
      <object_component id="oc-155">
         <name>.debug_info</name>
         <load_address>0x5b9e</load_address>
         <run_address>0x5b9e</run_address>
         <size>0x9da</size>
         <input_file_ref idref="fl-2"/>
      </object_component>
      <object_component id="oc-15b">
         <name>.debug_info</name>
         <load_address>0x6578</load_address>
         <run_address>0x6578</run_address>
         <size>0x18b</size>
         <input_file_ref idref="fl-4"/>
      </object_component>
      <object_component id="oc-15e">
         <name>.debug_info</name>
         <load_address>0x6703</load_address>
         <run_address>0x6703</run_address>
         <size>0x117</size>
         <input_file_ref idref="fl-4"/>
      </object_component>
      <object_component id="oc-16b">
         <name>.debug_info</name>
         <load_address>0x681a</load_address>
         <run_address>0x681a</run_address>
         <size>0x1b6</size>
         <input_file_ref idref="fl-14d"/>
      </object_component>
      <object_component id="oc-171">
         <name>.debug_info</name>
         <load_address>0x69d0</load_address>
         <run_address>0x69d0</run_address>
         <size>0x1e2</size>
         <input_file_ref idref="fl-14d"/>
      </object_component>
      <object_component id="oc-177">
         <name>.debug_info</name>
         <load_address>0x6bb2</load_address>
         <run_address>0x6bb2</run_address>
         <size>0x273</size>
         <input_file_ref idref="fl-148"/>
      </object_component>
      <object_component id="oc-17d">
         <name>.debug_info</name>
         <load_address>0x6e25</load_address>
         <run_address>0x6e25</run_address>
         <size>0x205</size>
         <input_file_ref idref="fl-148"/>
      </object_component>
      <object_component id="oc-183">
         <name>.debug_info</name>
         <load_address>0x702a</load_address>
         <run_address>0x702a</run_address>
         <size>0x21e</size>
         <input_file_ref idref="fl-148"/>
      </object_component>
      <object_component id="oc-189">
         <name>.debug_info</name>
         <load_address>0x7248</load_address>
         <run_address>0x7248</run_address>
         <size>0x22b</size>
         <input_file_ref idref="fl-148"/>
      </object_component>
      <object_component id="oc-18f">
         <name>.debug_info</name>
         <load_address>0x7473</load_address>
         <run_address>0x7473</run_address>
         <size>0x229</size>
         <input_file_ref idref="fl-148"/>
      </object_component>
      <object_component id="oc-195">
         <name>.debug_info</name>
         <load_address>0x769c</load_address>
         <run_address>0x769c</run_address>
         <size>0x223</size>
         <input_file_ref idref="fl-148"/>
      </object_component>
      <object_component id="oc-19b">
         <name>.debug_info</name>
         <load_address>0x78bf</load_address>
         <run_address>0x78bf</run_address>
         <size>0x21f</size>
         <input_file_ref idref="fl-148"/>
      </object_component>
      <object_component id="oc-1a1">
         <name>.debug_info</name>
         <load_address>0x7ade</load_address>
         <run_address>0x7ade</run_address>
         <size>0x24e</size>
         <input_file_ref idref="fl-148"/>
      </object_component>
      <object_component id="oc-1a7">
         <name>.debug_info</name>
         <load_address>0x7d2c</load_address>
         <run_address>0x7d2c</run_address>
         <size>0x244</size>
         <input_file_ref idref="fl-148"/>
      </object_component>
      <object_component id="oc-1ad">
         <name>.debug_info</name>
         <load_address>0x7f70</load_address>
         <run_address>0x7f70</run_address>
         <size>0x22b</size>
         <input_file_ref idref="fl-148"/>
      </object_component>
      <object_component id="oc-1b3">
         <name>.debug_info</name>
         <load_address>0x819b</load_address>
         <run_address>0x819b</run_address>
         <size>0x291</size>
         <input_file_ref idref="fl-148"/>
      </object_component>
      <object_component id="oc-1b9">
         <name>.debug_info</name>
         <load_address>0x842c</load_address>
         <run_address>0x842c</run_address>
         <size>0x3f7</size>
         <input_file_ref idref="fl-148"/>
      </object_component>
      <object_component id="oc-1bc">
         <name>.debug_info</name>
         <load_address>0x8823</load_address>
         <run_address>0x8823</run_address>
         <size>0x4e6</size>
         <input_file_ref idref="fl-2"/>
      </object_component>
      <object_component id="oc-1c4">
         <name>.debug_info</name>
         <load_address>0x8d09</load_address>
         <run_address>0x8d09</run_address>
         <size>0x149</size>
         <input_file_ref idref="fl-140"/>
      </object_component>
      <object_component id="oc-1c6">
         <name>.debug_info</name>
         <load_address>0x8e52</load_address>
         <run_address>0x8e52</run_address>
         <size>0x19c</size>
         <input_file_ref idref="fl-2"/>
      </object_component>
      <object_component id="oc-1cc">
         <name>.debug_info</name>
         <load_address>0x8fee</load_address>
         <run_address>0x8fee</run_address>
         <size>0x137</size>
         <input_file_ref idref="fl-2"/>
      </object_component>
      <object_component id="oc-1d2">
         <name>.debug_info</name>
         <load_address>0x9125</load_address>
         <run_address>0x9125</run_address>
         <size>0x16a</size>
         <input_file_ref idref="fl-2"/>
      </object_component>
      <object_component id="oc-1d8">
         <name>.debug_info</name>
         <load_address>0x928f</load_address>
         <run_address>0x928f</run_address>
         <size>0x172</size>
         <input_file_ref idref="fl-2"/>
      </object_component>
      <object_component id="oc-1de">
         <name>.debug_info</name>
         <load_address>0x9401</load_address>
         <run_address>0x9401</run_address>
         <size>0x183</size>
         <input_file_ref idref="fl-2"/>
      </object_component>
      <object_component id="oc-1e4">
         <name>.debug_info</name>
         <load_address>0x9584</load_address>
         <run_address>0x9584</run_address>
         <size>0x2b4</size>
         <input_file_ref idref="fl-148"/>
      </object_component>
      <object_component id="oc-1ea">
         <name>.debug_info</name>
         <load_address>0x9838</load_address>
         <run_address>0x9838</run_address>
         <size>0x224</size>
         <input_file_ref idref="fl-2"/>
      </object_component>
      <object_component id="oc-1f0">
         <name>.debug_info</name>
         <load_address>0x9a5c</load_address>
         <run_address>0x9a5c</run_address>
         <size>0x167</size>
         <input_file_ref idref="fl-2"/>
      </object_component>
      <object_component id="oc-1f6">
         <name>.debug_info</name>
         <load_address>0x9bc3</load_address>
         <run_address>0x9bc3</run_address>
         <size>0x218</size>
         <input_file_ref idref="fl-2"/>
      </object_component>
      <object_component id="oc-1fc">
         <name>.debug_info</name>
         <load_address>0x9ddb</load_address>
         <run_address>0x9ddb</run_address>
         <size>0x24f</size>
         <input_file_ref idref="fl-149"/>
      </object_component>
      <object_component id="oc-202">
         <name>.debug_info</name>
         <load_address>0xa02a</load_address>
         <run_address>0xa02a</run_address>
         <size>0x20b</size>
         <input_file_ref idref="fl-149"/>
      </object_component>
      <object_component id="oc-209">
         <name>.debug_info</name>
         <load_address>0xa235</load_address>
         <run_address>0xa235</run_address>
         <size>0x207</size>
         <input_file_ref idref="fl-145"/>
      </object_component>
      <object_component id="oc-20e">
         <name>.debug_info</name>
         <load_address>0xa43c</load_address>
         <run_address>0xa43c</run_address>
         <size>0x25d</size>
         <input_file_ref idref="fl-142"/>
      </object_component>
      <object_component id="oc-214">
         <name>.debug_info</name>
         <load_address>0xa699</load_address>
         <run_address>0xa699</run_address>
         <size>0x27e</size>
         <input_file_ref idref="fl-147"/>
      </object_component>
      <object_component id="oc-21a">
         <name>.debug_info</name>
         <load_address>0xa917</load_address>
         <run_address>0xa917</run_address>
         <size>0x170</size>
         <input_file_ref idref="fl-2"/>
      </object_component>
      <object_component id="oc-220">
         <name>.debug_info</name>
         <load_address>0xaa87</load_address>
         <run_address>0xaa87</run_address>
         <size>0x270</size>
         <input_file_ref idref="fl-147"/>
      </object_component>
      <object_component id="oc-227">
         <name>.debug_info</name>
         <load_address>0xacf7</load_address>
         <run_address>0xacf7</run_address>
         <size>0x2c1</size>
         <input_file_ref idref="fl-147"/>
      </object_component>
      <object_component id="oc-22c">
         <name>.debug_info</name>
         <load_address>0xafb8</load_address>
         <run_address>0xafb8</run_address>
         <size>0x21d</size>
         <input_file_ref idref="fl-149"/>
      </object_component>
      <object_component id="oc-232">
         <name>.debug_info</name>
         <load_address>0xb1d5</load_address>
         <run_address>0xb1d5</run_address>
         <size>0xf1</size>
         <input_file_ref idref="fl-2"/>
      </object_component>
      <object_component id="oc-235">
         <name>.debug_info</name>
         <load_address>0xb2c6</load_address>
         <run_address>0xb2c6</run_address>
         <size>0x194</size>
         <input_file_ref idref="fl-2"/>
      </object_component>
      <object_component id="oc-241">
         <name>.debug_info</name>
         <load_address>0xb45a</load_address>
         <run_address>0xb45a</run_address>
         <size>0x5e</size>
         <input_file_ref idref="fl-13e"/>
      </object_component>
      <object_component id="oc-247">
         <name>.debug_info</name>
         <load_address>0xb4b8</load_address>
         <run_address>0xb4b8</run_address>
         <size>0x1d5</size>
         <input_file_ref idref="fl-13d"/>
      </object_component>
      <object_component id="oc-24e">
         <name>.debug_info</name>
         <load_address>0xb68d</load_address>
         <run_address>0xb68d</run_address>
         <size>0xda</size>
         <input_file_ref idref="fl-13d"/>
      </object_component>
      <object_component id="oc-252">
         <name>.debug_info</name>
         <load_address>0xb767</load_address>
         <run_address>0xb767</run_address>
         <size>0x142</size>
         <input_file_ref idref="fl-138"/>
      </object_component>
      <object_component id="oc-257">
         <name>.debug_info</name>
         <load_address>0xb8a9</load_address>
         <run_address>0xb8a9</run_address>
         <size>0x205</size>
         <input_file_ref idref="fl-144"/>
      </object_component>
      <object_component id="oc-25d">
         <name>.debug_info</name>
         <load_address>0xbaae</load_address>
         <run_address>0xbaae</run_address>
         <size>0x1ce</size>
         <input_file_ref idref="fl-144"/>
      </object_component>
      <object_component id="oc-263">
         <name>.debug_info</name>
         <load_address>0xbc7c</load_address>
         <run_address>0xbc7c</run_address>
         <size>0x1ce</size>
         <input_file_ref idref="fl-144"/>
      </object_component>
      <object_component id="oc-269">
         <name>.debug_info</name>
         <load_address>0xbe4a</load_address>
         <run_address>0xbe4a</run_address>
         <size>0x1cc</size>
         <input_file_ref idref="fl-144"/>
      </object_component>
      <object_component id="oc-270">
         <name>.debug_info</name>
         <load_address>0xc016</load_address>
         <run_address>0xc016</run_address>
         <size>0x89</size>
         <input_file_ref idref="fl-147"/>
      </object_component>
      <object_component id="oc-277">
         <name>.debug_info</name>
         <load_address>0xc09f</load_address>
         <run_address>0xc09f</run_address>
         <size>0x4e6</size>
         <input_file_ref idref="fl-147"/>
      </object_component>
      <object_component id="oc-27c">
         <name>.debug_info</name>
         <load_address>0xc585</load_address>
         <run_address>0xc585</run_address>
         <size>0x108</size>
         <input_file_ref idref="fl-147"/>
      </object_component>
      <object_component id="oc-281">
         <name>.debug_info</name>
         <load_address>0xc68d</load_address>
         <run_address>0xc68d</run_address>
         <size>0x16c</size>
         <input_file_ref idref="fl-147"/>
      </object_component>
      <object_component id="oc-286">
         <name>.debug_info</name>
         <load_address>0xc7f9</load_address>
         <run_address>0xc7f9</run_address>
         <size>0x108</size>
         <input_file_ref idref="fl-2"/>
      </object_component>
      <object_component id="oc-28d">
         <name>.debug_info</name>
         <load_address>0xc901</load_address>
         <run_address>0xc901</run_address>
         <size>0x1f8</size>
         <input_file_ref idref="fl-2"/>
      </object_component>
      <object_component id="oc-298">
         <name>.debug_info</name>
         <load_address>0xcaf9</load_address>
         <run_address>0xcaf9</run_address>
         <size>0x1d8</size>
         <input_file_ref idref="fl-14d"/>
      </object_component>
      <object_component id="oc-29c">
         <name>.debug_info</name>
         <load_address>0xccd1</load_address>
         <run_address>0xccd1</run_address>
         <size>0x1b8</size>
         <input_file_ref idref="fl-14d"/>
      </object_component>
      <object_component id="oc-2a6">
         <name>.debug_info</name>
         <load_address>0xce89</load_address>
         <run_address>0xce89</run_address>
         <size>0x232</size>
         <input_file_ref idref="fl-14d"/>
      </object_component>
      <object_component id="oc-2ae">
         <name>.debug_info</name>
         <load_address>0xd0bb</load_address>
         <run_address>0xd0bb</run_address>
         <size>0x1e2</size>
         <input_file_ref idref="fl-14d"/>
      </object_component>
      <object_component id="oc-2b9">
         <name>.debug_info</name>
         <load_address>0xd29d</load_address>
         <run_address>0xd29d</run_address>
         <size>0x90</size>
         <input_file_ref idref="fl-148"/>
      </object_component>
      <object_component id="oc-2be">
         <name>.debug_info</name>
         <load_address>0xd32d</load_address>
         <run_address>0xd32d</run_address>
         <size>0x4e6</size>
         <input_file_ref idref="fl-148"/>
      </object_component>
      <object_component id="oc-2c5">
         <name>.debug_info</name>
         <load_address>0xd813</load_address>
         <run_address>0xd813</run_address>
         <size>0xcd</size>
         <input_file_ref idref="fl-140"/>
      </object_component>
      <object_component id="oc-2cb">
         <name>.debug_info</name>
         <load_address>0xd8e0</load_address>
         <run_address>0xd8e0</run_address>
         <size>0x1f5</size>
         <input_file_ref idref="fl-142"/>
      </object_component>
      <object_component id="oc-2d1">
         <name>.debug_info</name>
         <load_address>0xdad5</load_address>
         <run_address>0xdad5</run_address>
         <size>0x1ed</size>
         <input_file_ref idref="fl-142"/>
      </object_component>
      <object_component id="oc-2d7">
         <name>.debug_info</name>
         <load_address>0xdcc2</load_address>
         <run_address>0xdcc2</run_address>
         <size>0x26f</size>
         <input_file_ref idref="fl-4"/>
      </object_component>
      <object_component id="oc-2df">
         <name>.debug_info</name>
         <load_address>0xdf31</load_address>
         <run_address>0xdf31</run_address>
         <size>0x1e3</size>
         <input_file_ref idref="fl-145"/>
      </object_component>
      <object_component id="oc-2e6">
         <name>.debug_info</name>
         <load_address>0xe114</load_address>
         <run_address>0xe114</run_address>
         <size>0x1f3</size>
         <input_file_ref idref="fl-145"/>
      </object_component>
      <object_component id="oc-2ee">
         <name>.debug_info</name>
         <load_address>0xe307</load_address>
         <run_address>0xe307</run_address>
         <size>0x24c</size>
         <input_file_ref idref="fl-14d"/>
      </object_component>
      <object_component id="oc-2f4">
         <name>.debug_info</name>
         <load_address>0xe553</load_address>
         <run_address>0xe553</run_address>
         <size>0x1fe</size>
         <input_file_ref idref="fl-14d"/>
      </object_component>
      <object_component id="oc-2fc">
         <name>.debug_info</name>
         <load_address>0xe751</load_address>
         <run_address>0xe751</run_address>
         <size>0x298</size>
         <input_file_ref idref="fl-147"/>
      </object_component>
      <object_component id="oc-301">
         <name>.debug_info</name>
         <load_address>0xe9e9</load_address>
         <run_address>0xe9e9</run_address>
         <size>0x18c</size>
         <input_file_ref idref="fl-2"/>
      </object_component>
      <object_component id="oc-308">
         <name>.debug_info</name>
         <load_address>0xeb75</load_address>
         <run_address>0xeb75</run_address>
         <size>0x29d</size>
         <input_file_ref idref="fl-147"/>
      </object_component>
      <object_component id="oc-30e">
         <name>.debug_info</name>
         <load_address>0xee12</load_address>
         <run_address>0xee12</run_address>
         <size>0x29e</size>
         <input_file_ref idref="fl-147"/>
      </object_component>
      <object_component id="oc-314">
         <name>.debug_info</name>
         <load_address>0xf0b0</load_address>
         <run_address>0xf0b0</run_address>
         <size>0x293</size>
         <input_file_ref idref="fl-149"/>
      </object_component>
      <object_component id="oc-31a">
         <name>.debug_info</name>
         <load_address>0xf343</load_address>
         <run_address>0xf343</run_address>
         <size>0x299</size>
         <input_file_ref idref="fl-149"/>
      </object_component>
      <object_component id="oc-323">
         <name>.debug_info</name>
         <load_address>0xf5dc</load_address>
         <run_address>0xf5dc</run_address>
         <size>0x29c</size>
         <input_file_ref idref="fl-147"/>
      </object_component>
      <object_component id="oc-329">
         <name>.debug_info</name>
         <load_address>0xf878</load_address>
         <run_address>0xf878</run_address>
         <size>0x244</size>
         <input_file_ref idref="fl-149"/>
      </object_component>
      <object_component id="oc-32f">
         <name>.debug_info</name>
         <load_address>0xfabc</load_address>
         <run_address>0xfabc</run_address>
         <size>0x32e</size>
         <input_file_ref idref="fl-149"/>
      </object_component>
      <object_component id="oc-333">
         <name>.debug_info</name>
         <load_address>0xfdea</load_address>
         <run_address>0xfdea</run_address>
         <size>0x1ce</size>
         <input_file_ref idref="fl-142"/>
      </object_component>
      <object_component id="oc-343">
         <name>.debug_info</name>
         <load_address>0xffb8</load_address>
         <run_address>0xffb8</run_address>
         <size>0x1c2</size>
         <input_file_ref idref="fl-144"/>
      </object_component>
      <object_component id="oc-346">
         <name>.debug_info</name>
         <load_address>0x1017a</load_address>
         <run_address>0x1017a</run_address>
         <size>0x1ba</size>
         <input_file_ref idref="fl-144"/>
      </object_component>
      <object_component id="oc-352">
         <name>.debug_info</name>
         <load_address>0x10334</load_address>
         <run_address>0x10334</run_address>
         <size>0x1b8</size>
         <input_file_ref idref="fl-4"/>
      </object_component>
      <object_component id="oc-358">
         <name>.debug_info</name>
         <load_address>0x104ec</load_address>
         <run_address>0x104ec</run_address>
         <size>0x204</size>
         <input_file_ref idref="fl-4"/>
      </object_component>
      <object_component id="oc-361">
         <name>.debug_info</name>
         <load_address>0x106f0</load_address>
         <run_address>0x106f0</run_address>
         <size>0x217</size>
         <input_file_ref idref="fl-145"/>
      </object_component>
      <object_component id="oc-367">
         <name>.debug_info</name>
         <load_address>0x10907</load_address>
         <run_address>0x10907</run_address>
         <size>0x312</size>
         <input_file_ref idref="fl-145"/>
      </object_component>
      <object_component id="oc-36e">
         <name>.debug_info</name>
         <load_address>0x10c19</load_address>
         <run_address>0x10c19</run_address>
         <size>0x1b2</size>
         <input_file_ref idref="fl-14d"/>
      </object_component>
      <object_component id="oc-377">
         <name>.debug_info</name>
         <load_address>0x10dcb</load_address>
         <run_address>0x10dcb</run_address>
         <size>0x1a6</size>
         <input_file_ref idref="fl-2"/>
      </object_component>
      <object_component id="oc-380">
         <name>.debug_info</name>
         <load_address>0x10f71</load_address>
         <run_address>0x10f71</run_address>
         <size>0x2ec</size>
         <input_file_ref idref="fl-148"/>
      </object_component>
      <object_component id="oc-387">
         <name>.debug_info</name>
         <load_address>0x1125d</load_address>
         <run_address>0x1125d</run_address>
         <size>0x308</size>
         <input_file_ref idref="fl-148"/>
      </object_component>
      <object_component id="oc-393">
         <name>.debug_info</name>
         <load_address>0x11565</load_address>
         <run_address>0x11565</run_address>
         <size>0x4e6</size>
         <input_file_ref idref="fl-149"/>
      </object_component>
      <object_component id="oc-398">
         <name>.debug_info</name>
         <load_address>0x11a4b</load_address>
         <run_address>0x11a4b</run_address>
         <size>0x1f8</size>
         <input_file_ref idref="fl-149"/>
      </object_component>
      <object_component id="oc-3a9">
         <name>.debug_info</name>
         <load_address>0x11c43</load_address>
         <run_address>0x11c43</run_address>
         <size>0x1d3</size>
         <input_file_ref idref="fl-4"/>
      </object_component>
      <object_component id="oc-3b1">
         <name>.debug_info</name>
         <load_address>0x11e16</load_address>
         <run_address>0x11e16</run_address>
         <size>0x22a</size>
         <input_file_ref idref="fl-148"/>
      </object_component>
      <object_component id="oc-3b8">
         <name>.debug_info</name>
[...]
               <start_address>0x20000000</start_address>
               <size>0x671</size>
               <logical_group_ref idref="lg-b"/>
            </allocated_space>
            <available_space>
               <start_address>0x20000671</start_address>
               <size>0x3</size>
            </available_space>
            <allocated_space>
               <start_address>0x20000674</start_address>
               <size>0x400</size>
               <logical_group_ref idref="lg-d"/>
            </allocated_space>
            <allocated_space>
               <start_address>0x20000a74</start_address>
               <size>0x2c</size>
               <logical_group_ref idref="lg-a"/>
            </allocated_space>
            <available_space>
               <start_address>0x20000aa0</start_address>
               <size>0x7560</size>
            </available_space>
         </usage_details>
      </memory_area>
   </placement_map>
   <cptbl_list>
      <cptbl>
         <name>__TI_cinit_table</name>
         <cprec>
            <name>.data</name>
            <load_address>0x2460</load_address>
            <load_size>0x12</load_size>
            <run_address>0x20000a74</run_address>
            <run_size>0x2c</run_size>
            <compression>rle</compression>
         </cprec>
         <cprec>
            <name>.bss</name>
            <load_address>0x2480</load_address>
            <load_size>0x8</load_size>
            <run_address>0x20000000</run_address>
            <run_size>0x671</run_size>
            <compression>zero_init</compression>
         </cprec>
      </cptbl>
   </cptbl_list>
   <handler_table>
      <handler_table_name>__TI_handler_table</handler_table_name>
      <handler>
         <index>0x0</index>
         <name>__TI_decompress_rle24</name>
      </handler>
      <handler>
         <index>0x1</index>
         <name>__TI_decompress_none</name>
      </handler>
      <handler>
         <index>0x2</index>
         <name>__TI_zero_init</name>
      </handler>
   </handler_table>
   <symbol_table>
      <symbol id="sm-1">
         <name>__STACK_TOP</name>
         <value>0x20000a74</value>
      </symbol>
      <symbol id="sm-2">
         <name>__TI_CINIT_Base</name>
         <value>0x2488</value>
      </symbol>
      <symbol id="sm-3">
         <name>__TI_CINIT_Limit</name>
         <value>0x2498</value>
      </symbol>
      <symbol id="sm-4">
         <name>__TI_Handler_Table_Base</name>
         <value>0x2474</value>
      </symbol>
      <symbol id="sm-5">
         <name>__TI_Handler_Table_Limit</name>
         <value>0x2480</value>
      </symbol>
      <symbol id="sm-6">
         <name>binit</name>
         <value>0xffffffff</value>
      </symbol>
      <symbol id="sm-7">
         <name>__binit__</name>
         <value>0xffffffff</value>
      </symbol>
      <symbol id="sm-8">
         <name>__STACK_SIZE</name>
         <value>0x400</value>
      </symbol>
      <symbol id="sm-9">
         <name>__STACK_END</name>
         <value>0x20000a74</value>
      </symbol>
      <symbol id="sm-a">
         <name>__c_args__</name>
         <value>0xffffffff</value>
      </symbol>
      <symbol id="sm-138">
         <name>g_vui8I2CDoneFlag</name>
         <value>0x20000660</value>
      </symbol>
      <symbol id="sm-139">
         <name>g_vui8ErrorFlag</name>
         <value>0x2000065c</value>
      </symbol>
      <symbol id="sm-13a">
         <name>g_vui8DataFlag</name>
         <value>0x20000658</value>
      </symbol>
      <symbol id="sm-13b">
         <name>m_pressureValue</name>
         <value>0x20000664</value>
      </symbol>
      <symbol id="sm-13c">
         <name>m_tempValue</name>
         <value>0x20000668</value>
      </symbol>
      <symbol id="sm-13d">
         <name>g_sBMP180Inst</name>
         <value>0x20000610</value>
         <object_component_ref idref="oc-231"/>
      </symbol>
      <symbol id="sm-13e">
         <name>MPU9150AppCallback</name>
         <value>0x2279</value>
         <object_component_ref idref="oc-b0"/>
      </symbol>
      <symbol id="sm-13f">
         <name>g_sI2CInst</name>
         <value>0x20000400</value>
         <object_component_ref idref="oc-ea"/>
      </symbol>
      <symbol id="sm-140">
         <name>ConfigureI2C</name>
         <value>0x1949</value>
         <object_component_ref idref="oc-1d1"/>
      </symbol>
      <symbol id="sm-141">
         <name>MPU9150AppErrorHandler</name>
         <value>0x1265</value>
         <object_component_ref idref="oc-376"/>
      </symbol>
      <symbol id="sm-142">
         <name>main</name>
         <value>0x635</value>
         <object_component_ref idref="oc-10a"/>
      </symbol>
      <symbol id="sm-143">
         <name>ConfigureMPU9150Interrupt</name>
         <value>0x1eed</value>
         <object_component_ref idref="oc-1d7"/>
      </symbol>
      <symbol id="sm-144">
         <name>BMP180AppCallback</name>
         <value>0x22e1</value>
         <object_component_ref idref="oc-234"/>
      </symbol>
      <symbol id="sm-145">
         <name>ConfigureUART</name>
         <value>0x1485</value>
         <object_component_ref idref="oc-1c5"/>
      </symbol>
      <symbol id="sm-146">
         <name>SetMpuSampleRate</name>
         <value>0x1401</value>
         <object_component_ref idref="oc-1f5"/>
      </symbol>
      <symbol id="sm-147">
         <name>InitializeMPU9150</name>
         <value>0xd0d</value>
         <object_component_ref idref="oc-1e9"/>
      </symbol>
      <symbol id="sm-148">
         <name>g_sMPU9150Inst</name>
         <value>0x200005a4</value>
         <object_component_ref idref="oc-ad"/>
      </symbol>
      <symbol id="sm-149">
         <name>Divide16BitTo8Bit</name>
         <value>0x21f9</value>
         <object_component_ref idref="oc-219"/>
      </symbol>
      <symbol id="sm-14a">
         <name>MPU9150AppI2CWait</name>
         <value>0x2105</value>
         <object_component_ref idref="oc-300"/>
      </symbol>
      <symbol id="sm-14b">
         <name>IntGPIOb</name>
         <value>0x2009</value>
         <object_component_ref idref="oc-41"/>
      </symbol>
      <symbol id="sm-14c">
         <name>HibernateHandler</name>
         <value>0xd0b</value>
         <object_component_ref idref="oc-4d"/>
      </symbol>
      <symbol id="sm-14d">
         <name>MPU9150I2CIntHandler</name>
         <value>0x2341</value>
         <object_component_ref idref="oc-53"/>
      </symbol>
      <symbol id="sm-14e">
         <name>InitializeBMP180</name>
         <value>0x1bf9</value>
         <object_component_ref idref="oc-1ef"/>
      </symbol>
      <symbol id="sm-14f">
         <name>SetUpPeripheralsInterrupts</name>
         <value>0x1565</value>
         <object_component_ref idref="oc-1dd"/>
      </symbol>
      <symbol id="sm-150">
         <name>EnableLED</name>
         <value>0x21b1</value>
         <object_component_ref idref="oc-1cb"/>
      </symbol>
      <symbol id="sm-186">
         <name>ResetISR</name>
         <value>0x2391</value>
         <object_component_ref idref="oc-29"/>
      </symbol>
      <symbol id="sm-187">
         <name>g_pfnVectors</name>
         <value>0x0</value>
         <object_component_ref idref="oc-e"/>
      </symbol>
      <symbol id="sm-26f">
         <name>UARTFlushRx</name>
         <value>0x2131</value>
         <object_component_ref idref="oc-351"/>
      </symbol>
      <symbol id="sm-270">
         <name>UARTFlushTx</name>
         <value>0x1f29</value>
         <object_component_ref idref="oc-357"/>
      </symbol>
      <symbol id="sm-271">
         <name>UARTStdioConfig</name>
         <value>0xea5</value>
         <object_component_ref idref="oc-2d6"/>
      </symbol>
      <symbol id="sm-272">
         <name>UARTStdioIntHandler</name>
         <value>0x989</value>
         <object_component_ref idref="oc-47"/>
      </symbol>
      <symbol id="sm-273">
         <name>UARTwrite</name>
         <value>0xf55</value>
         <object_component_ref idref="oc-c8"/>
      </symbol>
      <symbol id="sm-274">
         <name>UARTprintf</name>
         <value>0x2215</value>
         <object_component_ref idref="oc-3a8"/>
      </symbol>
      <symbol id="sm-275">
         <name>UARTvprintf</name>
         <value>0x26d</value>
         <object_component_ref idref="oc-3be"/>
      </symbol>
      <symbol id="sm-2a0">
         <name>RGBDisable</name>
         <value>0x1641</value>
         <object_component_ref idref="oc-ee"/>
      </symbol>
      <symbol id="sm-2a1">
         <name>RGBBlinkIntHandler</name>
         <value>0x1f9d</value>
         <object_component_ref idref="oc-59"/>
      </symbol>
      <symbol id="sm-2a2">
         <name>RGBEnable</name>
         <value>0xde5</value>
         <object_component_ref idref="oc-f4"/>
      </symbol>
      <symbol id="sm-2b2">
         <name>_c_int00</name>
         <value>0x1cd5</value>
         <object_component_ref idref="oc-11"/>
      </symbol>
      <symbol id="sm-2b3">
         <name>__stack</name>
         <value>0x20000674</value>
         <object_component_ref idref="oc-28"/>
      </symbol>
      <symbol id="sm-2ca">
         <name>__TI_decompress_none</name>
         <value>0x230d</value>
         <object_component_ref idref="oc-16"/>
      </symbol>
      <symbol id="sm-2ee">
         <name>__TI_decompress_rle24</name>
         <value>0x239d</value>
         <object_component_ref idref="oc-22"/>
      </symbol>
      <symbol id="sm-307">
         <name>__TI_zero_init</name>
         <value>0x22cf</value>
         <object_component_ref idref="oc-1c"/>
      </symbol>
      <symbol id="sm-326">
         <name>C$$EXIT</name>
         <value>0x1ded</value>
         <object_component_ref idref="oc-6d"/>
      </symbol>
      <symbol id="sm-327">
         <name>abort</name>
         <value>0x1df1</value>
         <object_component_ref idref="oc-6d"/>
      </symbol>
      <symbol id="sm-328">
         <name>exit</name>
         <value>0x1df9</value>
         <object_component_ref idref="oc-6d"/>
      </symbol>
      <symbol id="sm-329">
         <name>__TI_dtors_ptr</name>
         <value>0x20000a98</value>
         <object_component_ref idref="oc-115"/>
      </symbol>
      <symbol id="sm-32a">
         <name>__TI_cleanup_ptr</name>
         <value>0x20000a94</value>
         <object_component_ref idref="oc-115"/>
      </symbol>
      <symbol id="sm-346">
         <name>memcpy</name>
         <value>0x109d</value>
         <object_component_ref idref="oc-77"/>
      </symbol>
      <symbol id="sm-347">
         <name>__aeabi_memcpy</name>
         <value>0x109d</value>
         <object_component_ref idref="oc-77"/>
      </symbol>
      <symbol id="sm-348">
         <name>__aeabi_memcpy8</name>
         <value>0x109d</value>
         <object_component_ref idref="oc-77"/>
      </symbol>
      <symbol id="sm-349">
         <name>__aeabi_memcpy4</name>
         <value>0x109d</value>
         <object_component_ref idref="oc-77"/>
      </symbol>
      <symbol id="sm-351">
         <name>main_func_sp</name>
         <value>0x20000a9c</value>
         <object_component_ref idref="oc-73"/>
      </symbol>
      <symbol id="sm-360">
         <name>__aeabi_uidivmod</name>
         <value>0x1e31</value>
         <object_component_ref idref="oc-3d2"/>
      </symbol>
      <symbol id="sm-361">
         <name>__aeabi_uidiv</name>
         <value>0x1e31</value>
         <object_component_ref idref="oc-3d2"/>
      </symbol>
      <symbol id="sm-37a">
         <name>_nop</name>
         <value>0x22b7</value>
         <object_component_ref idref="oc-246"/>
      </symbol>
      <symbol id="sm-37b">
         <name>_lock</name>
         <value>0x20000a8c</value>
         <object_component_ref idref="oc-112"/>
      </symbol>
      <symbol id="sm-37c">
         <name>_unlock</name>
         <value>0x20000a90</value>
         <object_component_ref idref="oc-112"/>
      </symbol>
      <symbol id="sm-37d">
         <name>_register_lock</name>
         <value>0x22af</value>
         <object_component_ref idref="oc-246"/>
      </symbol>
      <symbol id="sm-37e">
         <name>_register_unlock</name>
         <value>0x22a9</value>
         <object_component_ref idref="oc-246"/>
      </symbol>
      <symbol id="sm-392">
         <name>_args_main</name>
         <value>0x2291</value>
         <object_component_ref idref="oc-67"/>
      </symbol>
      <symbol id="sm-3af">
         <name>__TI_auto_init</name>
         <value>0x11d1</value>
         <object_component_ref idref="oc-62"/>
      </symbol>
      <symbol id="sm-3c8">
         <name>copy_in</name>
         <value>0x1da9</value>
         <object_component_ref idref="oc-103"/>
      </symbol>
      <symbol id="sm-3d2">
         <name>__aeabi_idiv0</name>
         <value>0x2277</value>
         <object_component_ref idref="oc-3d9"/>
      </symbol>
      <symbol id="sm-3fc">
         <name>UARTFlowControlSet</name>
         <value>0x234d</value>
         <object_component_ref idref="oc-2d0"/>
      </symbol>
      <symbol id="sm-3fd">
         <name>UARTClockSourceSet</name>
         <value>0x2397</value>
         <object_component_ref idref="oc-2ca"/>
      </symbol>
      <symbol id="sm-3fe">
         <name>UARTCharPut</name>
         <value>0x2363</value>
         <object_component_ref idref="oc-20d"/>
      </symbol>
      <symbol id="sm-452">
         <name>IntIsEnabled</name>
         <value>0x16a9</value>
         <object_component_ref idref="oc-256"/>
      </symbol>
      <symbol id="sm-453">
         <name>IntEnable</name>
         <value>0x17cd</value>
         <object_component_ref idref="oc-268"/>
      </symbol>
      <symbol id="sm-454">
         <name>IntTrigger</name>
         <value>0x2335</value>
         <object_component_ref idref="oc-262"/>
      </symbol>
      <symbol id="sm-455">
         <name>IntDisable</name>
         <value>0x176d</value>
         <object_component_ref idref="oc-25c"/>
      </symbol>
      <symbol id="sm-49a">
         <name>GPIOPinTypeI2CSCL</name>
         <value>0x22bd</value>
         <object_component_ref idref="oc-2de"/>
      </symbol>
      <symbol id="sm-49b">
         <name>GPIOIntEnable</name>
         <value>0x2327</value>
         <object_component_ref idref="oc-2e5"/>
      </symbol>
      <symbol id="sm-49c">
         <name>GPIOIntClear</name>
         <value>0x2385</value>
         <object_component_ref idref="oc-a1"/>
      </symbol>
      <symbol id="sm-49d">
         <name>GPIOIntStatus</name>
         <value>0x22f1</value>
         <object_component_ref idref="oc-9b"/>
      </symbol>
      <symbol id="sm-49e">
         <name>GPIODirModeSet</name>
         <value>0x215d</value>
         <object_component_ref idref="oc-35f"/>
      </symbol>
      <symbol id="sm-49f">
         <name>GPIOPinWrite</name>
         <value>0x238b</value>
         <object_component_ref idref="oc-207"/>
      </symbol>
      <symbol id="sm-4a0">
         <name>GPIOPadConfigSet</name>
         <value>0xae9</value>
         <object_component_ref idref="oc-365"/>
      </symbol>
      <symbol id="sm-53d">
         <name>MPU9150DataMagnetoGetRaw</name>
         <value>0x20d5</value>
         <object_component_ref idref="oc-225"/>
      </symbol>
      <symbol id="sm-53e">
         <name>MPU9150Write</name>
         <value>0xffd</value>
         <object_component_ref idref="oc-306"/>
      </symbol>
      <symbol id="sm-53f">
         <name>MPU9150Init</name>
         <value>0x15d5</value>
         <object_component_ref idref="oc-2fa"/>
      </symbol>
      <symbol id="sm-540">
         <name>MPU9150DataGyroGetRaw</name>
         <value>0x2071</value>
         <object_component_ref idref="oc-21f"/>
      </symbol>
      <symbol id="sm-541">
         <name>MPU9150DataRead</name>
         <value>0x182d</value>
         <object_component_ref idref="oc-a7"/>
      </symbol>
      <symbol id="sm-542">
         <name>MPU9150DataAccelGetRaw</name>
         <value>0x203d</value>
         <object_component_ref idref="oc-213"/>
      </symbol>
      <symbol id="sm-543">
         <name>MPU9150Read</name>
         <value>0x19a5</value>
         <object_component_ref idref="oc-321"/>
      </symbol>
      <symbol id="sm-544">
         <name>MPU9150ReadModifyWrite</name>
         <value>0x1b09</value>
         <object_component_ref idref="oc-30c"/>
      </symbol>
      <symbol id="sm-64f">
         <name>I2CMWrite8</name>
         <value>0x1ab1</value>
         <object_component_ref idref="oc-37f"/>
      </symbol>
      <symbol id="sm-650">
         <name>I2CMCommand</name>
         <value>0x137d</value>
         <object_component_ref idref="oc-13a"/>
      </symbol>
      <symbol id="sm-651">
         <name>I2CMInit</name>
         <value>0x1fd5</value>
         <object_component_ref idref="oc-1e3"/>
      </symbol>
      <symbol id="sm-652">
         <name>I2CMReadModifyWrite8</name>
         <value>0x14f5</value>
         <object_component_ref idref="oc-386"/>
      </symbol>
      <symbol id="sm-653">
         <name>I2CMTransferResume</name>
         <value>0x20a5</value>
         <object_component_ref idref="oc-3ca"/>
      </symbol>
      <symbol id="sm-654">
         <name>I2CMIntHandler</name>
         <value>0xc19</value>
         <object_component_ref idref="oc-e4"/>
      </symbol>
      <symbol id="sm-6b9">
         <name>BMP180DataPressureGetRaw</name>
         <value>0x222f</value>
         <object_component_ref idref="oc-201"/>
      </symbol>
      <symbol id="sm-6ba">
         <name>BMP180DataTemperatureGetRaw</name>
         <value>0x231b</value>
         <object_component_ref idref="oc-22b"/>
      </symbol>
      <symbol id="sm-6bb">
         <name>BMP180ReadModifyWrite</name>
         <value>0x1bad</value>
         <object_component_ref idref="oc-319"/>
      </symbol>
      <symbol id="sm-6bc">
         <name>BMP180DataRead</name>
         <value>0x1a01</value>
         <object_component_ref idref="oc-1fb"/>
      </symbol>
      <symbol id="sm-6bd">
         <name>BMP180Init</name>
         <value>0x1a59</value>
         <object_component_ref idref="oc-313"/>
      </symbol>
      <symbol id="sm-709">
         <name>I2CMasterDataPut</name>
         <value>0x23ab</value>
         <object_component_ref idref="oc-2ad"/>
      </symbol>
      <symbol id="sm-70a">
         <name>I2CMasterInitExpClk</name>
         <value>0x1c8d</value>
         <object_component_ref idref="oc-2ed"/>
      </symbol>
      <symbol id="sm-70b">
         <name>I2CMasterSlaveAddrSet</name>
         <value>0x237d</value>
         <object_component_ref idref="oc-2a5"/>
      </symbol>
      <symbol id="sm-70c">
         <name>I2CMasterDataGet</name>
         <value>0x23a7</value>
         <object_component_ref idref="oc-29b"/>
      </symbol>
      <symbol id="sm-70d">
         <name>I2CMasterIntEnableEx</name>
         <value>0x2375</value>
         <object_component_ref idref="oc-2f3"/>
      </symbol>
      <symbol id="sm-70e">
         <name>I2CMasterControl</name>
         <value>0x23a3</value>
         <object_component_ref idref="oc-170"/>
      </symbol>
      <symbol id="sm-70f">
         <name>I2CMasterEnable</name>
         <value>0x2359</value>
         <object_component_ref idref="oc-36d"/>
      </symbol>
      <symbol id="sm-710">
         <name>I2CMasterIntClear</name>
         <value>0x236d</value>
         <object_component_ref idref="oc-16a"/>
      </symbol>
      <symbol id="sm-711">
         <name>__TI_static_base__</name>
         <value>0x0</value>
      </symbol>
      <symbol id="sm-712">
         <name>__TI_args_main</name>
         <value>0x1</value>
      </symbol>
      <symbol id="sm-713">
         <name>SHT$$INIT_ARRAY$$Limit</name>
         <value>0x0</value>
      </symbol>
      <symbol id="sm-714">
         <name>SHT$$INIT_ARRAY$$Base</name>
         <value>0x0</value>
      </symbol>
   </symbol_table>
   <title>Link successful</title>
</link_info>
